Archive member included to satisfy reference by file (symbol)

app/libapp.a(main.cpp.obj)    (--whole-archive)
zephyr/libzephyr.a(validate_libc.c.obj)
                              (--whole-archive)
zephyr/libzephyr.a(cpp_dtors.c.obj)
                              (--whole-archive)
zephyr/libzephyr.a(heap.c.obj)
                              (--whole-archive)
zephyr/libzephyr.a(cbprintf_packaged.c.obj)
                              (--whole-archive)
zephyr/libzephyr.a(clock.c.obj)
                              (--whole-archive)
zephyr/libzephyr.a(printk.c.obj)
                              (--whole-archive)
zephyr/libzephyr.a(cbprintf_complete.c.obj)
                              (--whole-archive)
zephyr/libzephyr.a(assert.c.obj)
                              (--whole-archive)
zephyr/libzephyr.a(dec.c.obj)
                              (--whole-archive)
zephyr/libzephyr.a(hex.c.obj)
                              (--whole-archive)
zephyr/libzephyr.a(rb.c.obj)  (--whole-archive)
zephyr/libzephyr.a(set.c.obj)
                              (--whole-archive)
zephyr/libzephyr.a(timeutil.c.obj)
                              (--whole-archive)
zephyr/libzephyr.a(bitarray.c.obj)
                              (--whole-archive)
zephyr/libzephyr.a(bitmask.c.obj)
                              (--whole-archive)
zephyr/libzephyr.a(getopt.c.obj)
                              (--whole-archive)
zephyr/libzephyr.a(getopt_common.c.obj)
                              (--whole-archive)
zephyr/libzephyr.a(ring_buffer.c.obj)
                              (--whole-archive)
zephyr/libzephyr.a(last_section_id.c.obj)
                              (--whole-archive)
zephyr/libzephyr.a(configs.c.obj)
                              (--whole-archive)
zephyr/libzephyr.a(stm32cube_hal.c.obj)
                              (--whole-archive)
zephyr/libzephyr.a(soc_config.c.obj)
                              (--whole-archive)
zephyr/libzephyr.a(gpioport_mgr.c.obj)
                              (--whole-archive)
zephyr/libzephyr.a(stm32_cache.c.obj)
                              (--whole-archive)
zephyr/libzephyr.a(stm32_backup_domain.c.obj)
                              (--whole-archive)
zephyr/libzephyr.a(soc_m7.c.obj)
                              (--whole-archive)
zephyr/libzephyr.a(mpu_regions.c.obj)
                              (--whole-archive)
zephyr/libzephyr.a(flash_map.c.obj)
                              (--whole-archive)
zephyr/libzephyr.a(flash_map_default.c.obj)
                              (--whole-archive)
zephyr/libzephyr.a(flash_map_layout.c.obj)
                              (--whole-archive)
zephyr/libzephyr.a(tracing_none.c.obj)
                              (--whole-archive)
zephyr/libzephyr.a(kernel_shell.c.obj)
                              (--whole-archive)
zephyr/libzephyr.a(cycles.c.obj)
                              (--whole-archive)
zephyr/libzephyr.a(sleep.c.obj)
                              (--whole-archive)
zephyr/libzephyr.a(uptime.c.obj)
                              (--whole-archive)
zephyr/libzephyr.a(version.c.obj)
                              (--whole-archive)
zephyr/libzephyr.a(thread.c.obj)
                              (--whole-archive)
zephyr/libzephyr.a(list.c.obj)
                              (--whole-archive)
zephyr/libzephyr.a(stacks.c.obj)
                              (--whole-archive)
zephyr/libzephyr.a(suspend.c.obj)
                              (--whole-archive)
zephyr/libzephyr.a(resume.c.obj)
                              (--whole-archive)
zephyr/libzephyr.a(kill.c.obj)
                              (--whole-archive)
zephyr/libzephyr.a(device_service.c.obj)
                              (--whole-archive)
zephyr/libzephyr.a(date_service.c.obj)
                              (--whole-archive)
zephyr/libzephyr.a(devmem_service.c.obj)
                              (--whole-archive)
zephyr/libzephyr.a(shell_uart.c.obj)
                              (--whole-archive)
zephyr/libzephyr.a(shell.c.obj)
                              (--whole-archive)
zephyr/libzephyr.a(shell_fprintf.c.obj)
                              (--whole-archive)
zephyr/libzephyr.a(shell_utils.c.obj)
                              (--whole-archive)
zephyr/libzephyr.a(shell_ops.c.obj)
                              (--whole-archive)
zephyr/libzephyr.a(shell_help.c.obj)
                              (--whole-archive)
zephyr/libzephyr.a(shell_cmds.c.obj)
                              (--whole-archive)
zephyr/libzephyr.a(shell_history.c.obj)
                              (--whole-archive)
zephyr/libzephyr.a(shell_wildcard.c.obj)
                              (--whole-archive)
zephyr/libzephyr.a(flash_util.c.obj)
                              (--whole-archive)
zephyr/libzephyr.a(sem.c.obj)
                              (--whole-archive)
zephyr/libzephyr.a(thread_entry.c.obj)
                              (--whole-archive)
zephyr/arch/common/libarch__common.a(sw_isr_common.c.obj)
                              (--whole-archive)
[...]
Memory Configuration

Name             Origin             Length             Attributes
FLASH            0x08000000         0x00200000         xr
RAM              0x24000000         0x00080000         xw
ITCM             0x00000000         0x00010000         rw
DTCM             0x20000000         0x00020000         rw
EXTMEM           0x90000000         0x10000000         rw
SRAM0            0x24000000         0x00080000         rw
SRAM1            0x30000000         0x00020000         rw
SRAM2            0x30020000         0x00020000         rw
SRAM4            0x38000000         0x00010000         rw
SRAM3            0x30040000         0x00008000         rw
IDT_LIST         0xffff7fff         0x00008000         xw
*default*        0x00000000         0xffffffff

Linker script and memory map

                0x08007bc8                        vfprintf = __l_vfprintf
                0x00000000                        vfscanf = __l_vfscanf
LOAD zephyr/CMakeFiles/zephyr_final.dir/misc/empty_file.c.obj
LOAD zephyr/CMakeFiles/zephyr_final.dir/isr_tables.c.obj
LOAD zephyr/CMakeFiles/offsets.dir/./arch/arm/core/offsets/offsets.c.obj
LOAD app/libapp.a
LOAD zephyr/libzephyr.a
LOAD zephyr/arch/common/libarch__common.a
LOAD zephyr/arch/arch/arm/core/libarch__arm__core.a
LOAD zephyr/arch/arch/arm/core/cortex_m/libarch__arm__core__cortex_m.a
LOAD zephyr/lib/libc/picolibc/liblib__libc__picolibc.a
LOAD zephyr/lib/libc/common/liblib__libc__common.a
LOAD zephyr/subsys/portability/posix/c_lib_ext/libsubsys__portability__posix__c_lib_ext.a
LOAD zephyr/drivers/interrupt_controller/libdrivers__interrupt_controller.a
LOAD zephyr/drivers/clock_control/libdrivers__clock_control.a
LOAD zephyr/drivers/flash/libdrivers__flash.a
LOAD zephyr/drivers/gpio/libdrivers__gpio.a
LOAD zephyr/drivers/pinctrl/libdrivers__pinctrl.a
LOAD zephyr/drivers/reset/libdrivers__reset.a
LOAD zephyr/drivers/serial/libdrivers__serial.a
LOAD zephyr/drivers/timer/libdrivers__timer.a
LOAD modules/hal_stm32/stm32cube/lib..__modules__hal__stm32__stm32cube.a
LOAD zephyr/kernel/libkernel.a
LOAD zephyr/arch/common/libisr_tables.a
LOAD /home/adamhage/zephyr-sdk-1.0.1/gnu/arm-zephyr-eabi/bin/../lib/gcc/arm-zephyr-eabi/14.3.0/../../../../arm-zephyr-eabi/lib/thumb/v7e-m/nofp/space/libstdc++.a
LOAD /home/adamhage/zephyr-sdk-1.0.1/gnu/arm-zephyr-eabi/bin/../lib/gcc/arm-zephyr-eabi/14.3.0/../../../../arm-zephyr-eabi/lib/thumb/v7e-m/nofp/space/libc.a
LOAD /home/adamhage/zephyr-sdk-1.0.1/gnu/arm-zephyr-eabi/bin/../lib/gcc/arm-zephyr-eabi/14.3.0/thumb/v7e-m/nofp/space/libgcc.a
                0x00000004                        _region_min_align = 0x4

.rel.plt        0x08000000        0x0
 *(SORT_BY_ALIGNMENT(.rel.plt))
                [!provide]                        PROVIDE (__rel_iplt_start = .)
 *(SORT_BY_ALIGNMENT(.rel.iplt))
 .rel.iplt      0x08000000        0x0 zephyr/CMakeFiles/zephyr_final.dir/isr_tables.c.obj
                [!provide]                        PROVIDE (__rel_iplt_end = .)

.rela.plt       0x00000000        0x0
 *(SORT_BY_ALIGNMENT(.rela.plt))
                [!provide]                        PROVIDE (__rela_iplt_start = .)
 *(SORT_BY_ALIGNMENT(.rela.iplt))
                [!provide]                        PROVIDE (__rela_iplt_end = .)

.rel.dyn
 *(SORT_BY_ALIGNMENT(.rel.*))

.rela.dyn
 *(SORT_BY_ALIGNMENT(.rela.*))

/DISCARD/
 *(SORT_BY_ALIGNMENT(.plt))

/DISCARD/
 *(SORT_BY_ALIGNMENT(.iplt))
                0x08000000                        __rom_region_start = 0x8000000

rom_start       0x08000000      0x1b4
                0x08000000                        __rom_start_address = .
 FILL mask 0x00
                0x08000000                        . = (. + (0x0 - (. - __rom_start_address)))
                0x08000000                        . = ALIGN (0x4)
                0x08000000                        . = ALIGN (0x80)
                0x08000000                        . = ALIGN (0x200)
                0x08000000                        _vector_start = .
 *(SORT_BY_ALIGNMENT(.exc_vector_table))
 *(SORT_BY_ALIGNMENT(.exc_vector_table.*))
 .exc_vector_table._vector_table_section
                0x08000000       0x40 zephyr/arch/arch/arm/core/cortex_m/libarch__arm__core__cortex_m.a(vector_table.S.obj)
                0x08000000                _vector_table
 *(SORT_BY_ALIGNMENT(.vectors))
                0x080001b4                        _vector_end = .
                0x08000040                        . = ALIGN (0x4)
 *(SORT_BY_ALIGNMENT(.gnu.linkonce.irq_vector_table*))
 .gnu.linkonce.irq_vector_table
                0x08000040      0x174 zephyr/CMakeFiles/zephyr_final.dir/isr_tables.c.obj
                0x08000040                _irq_vector_table
                0x080001b4                        _vector_end = .

text            0x080001b8     0xb540
                0x080001b8                        __text_region_start = .
 *(SORT_BY_ALIGNMENT(.text))
 .text          0x080001b8       0xa0 /home/adamhage/zephyr-sdk-1.0.1/gnu/arm-zephyr-eabi/bin/../lib/gcc/arm-zephyr-eabi/14.3.0/thumb/v7e-m/nofp/space/libgcc.a(_aeabi_ldivmod.o)
                0x080001b8                __aeabi_ldivmod
 .text          0x08000258       0x30 /home/adamhage/zephyr-sdk-1.0.1/gnu/arm-zephyr-eabi/bin/../lib/gcc/arm-zephyr-eabi/14.3.0/thumb/v7e-m/nofp/space/libgcc.a(_aeabi_uldivmod.o)
                0x08000258                __aeabi_uldivmod
 .text          0x08000288        0x4 /home/adamhage/zephyr-sdk-1.0.1/gnu/arm-zephyr-eabi/bin/../lib/gcc/arm-zephyr-eabi/14.3.0/thumb/v7e-m/nofp/space/libgcc.a(_dvmd_tls.o)
                0x08000288                __aeabi_ldiv0
                0x08000288                __aeabi_idiv0
 .text          0x0800028c       0x14 /home/adamhage/zephyr-sdk-1.0.1/gnu/arm-zephyr-eabi/bin/../lib/gcc/arm-zephyr-eabi/14.3.0/../../../../arm-zephyr-eabi/lib/thumb/v7e-m/nofp/space/libc.a(strcmp.S.o)
                0x0800028c                strcmp
 .text          0x080002a0       0x10 /home/adamhage/zephyr-sdk-1.0.1/gnu/arm-zephyr-eabi/bin/../lib/gcc/arm-zephyr-eabi/14.3.0/../../../../arm-zephyr-eabi/lib/thumb/v7e-m/nofp/space/libc.a(strcpy.S.o)
                0x080002a0                strcpy
 .text          0x080002b0       0x10 /home/adamhage/zephyr-sdk-1.0.1/gnu/arm-zephyr-eabi/bin/../lib/gcc/arm-zephyr-eabi/14.3.0/../../../../arm-zephyr-eabi/lib/thumb/v7e-m/nofp/space/libc.a(strlen.S.o)
                0x080002b0                strlen
 .text          0x080002c0      0x2bc /home/adamhage/zephyr-sdk-1.0.1/gnu/arm-zephyr-eabi/bin/../lib/gcc/arm-zephyr-eabi/14.3.0/thumb/v7e-m/nofp/space/libgcc.a(_udivmoddi4.o)
                0x080002c0                __udivmoddi4
 *(SORT_BY_ALIGNMENT(.text.*))
 *fill*         0x0800057c        0x4 
 .text.cmd_kernel_uptime
                0x08000580       0xe0 zephyr/libzephyr.a(uptime.c.obj)
 .text.z_impl_sys_clock_getrtoffset
                0x08000660       0x28 zephyr/libzephyr.a(clock.c.obj)
                0x08000660                z_impl_sys_clock_getrtoffset
 .text.sys_clock_gettime
                0x08000688       0x6c zephyr/libzephyr.a(clock.c.obj)
                0x08000688                sys_clock_gettime
 .text.z_impl_sys_clock_settime
                0x080006f4       0x74 zephyr/libzephyr.a(clock.c.obj)
                0x080006f4                z_impl_sys_clock_settime
 .text.char_out
                0x08000768        0xc zephyr/libzephyr.a(printk.c.obj)
 .text.vprintk  0x08000774       0x30 zephyr/libzephyr.a(printk.c.obj)
                0x08000774                vprintk
 .text.timeutil_timegm64
                0x080007a4       0xec zephyr/libzephyr.a(timeutil.c.obj)
                0x080007a4                timeutil_timegm64
 .text.timeutil_timegm
                0x08000890       0x20 zephyr/libzephyr.a(timeutil.c.obj)
                0x08000890                timeutil_timegm
 .text.timespec_normalize
                0x080008b0       0x8c zephyr/libzephyr.a(timeutil.c.obj)
                0x080008b0                timespec_normalize
 .text.sys_getopt_init
                0x0800093c       0x48 zephyr/libzephyr.a(getopt.c.obj)
                0x0800093c                sys_getopt_init
 .text.sys_getopt
                0x08000984       0xf4 zephyr/libzephyr.a(getopt.c.obj)
                0x08000984                sys_getopt
 .text.z_getopt_global_state_update
                0x08000a78       0x38 zephyr/libzephyr.a(getopt_common.c.obj)
                0x08000a78                z_getopt_global_state_update
 .text.sys_getopt_state_get
                0x08000ab0        0x8 zephyr/libzephyr.a(getopt_common.c.obj)
                0x08000ab0                sys_getopt_state_get
 .text.st_stm32_common_config
                0x08000ab8       0x1c zephyr/libzephyr.a(soc_config.c.obj)
 .text.stm32_gpioport_init
                0x08000ad4       0x20 zephyr/libzephyr.a(gpioport_mgr.c.obj)
 .text.stm32_gpioport_get
                0x08000af4       0x24 zephyr/libzephyr.a(gpioport_mgr.c.obj)
                0x08000af4                stm32_gpioport_get
 .text.soc_early_init_hook
                0x08000b18       0x50 zephyr/libzephyr.a(soc_m7.c.obj)
                0x08000b18                soc_early_init_hook
 .text.cmd_kernel_cycles
                0x08000b68       0x1c zephyr/libzephyr.a(cycles.c.obj)
 .text.cmd_kernel_sleep
                0x08000b84       0x40 zephyr/libzephyr.a(sleep.c.obj)
 .text.cmd_kernel_version
                0x08000bc4       0x18 zephyr/libzephyr.a(version.c.obj)
 .text.z_thread_is_valid
                0x08000bdc       0x20 zephyr/libzephyr.a(thread.c.obj)
                0x08000bdc                z_thread_is_valid
 .text.cmd_kernel_thread_list
                0x08000bfc       0x48 zephyr/libzephyr.a(list.c.obj)
 .text.shell_tdata_dump
                0x08000c44       0xc0 zephyr/libzephyr.a(list.c.obj)
 .text.cmd_kernel_thread_stacks
                0x08000d04       0x6c zephyr/libzephyr.a(stacks.c.obj)
 .text.shell_stack_dump
                0x08000d70       0x60 zephyr/libzephyr.a(stacks.c.obj)
 .text.cmd_kernel_thread_suspend
                0x08000dd0       0x64 zephyr/libzephyr.a(suspend.c.obj)
 .text.cmd_kernel_thread_resume
                0x08000e34       0x64 zephyr/libzephyr.a(resume.c.obj)
 .text.cmd_kernel_thread_kill
                0x08000e98       0x64 zephyr/libzephyr.a(kill.c.obj)
 .text.device_name_lookup
                0x08000efc       0x20 zephyr/libzephyr.a(device_service.c.obj)
 .text.device_name_get_non_ready
                0x08000f1c       0x20 zephyr/libzephyr.a(device_service.c.obj)
 .text.cmd_device_init
                0x08000f3c       0x64 zephyr/libzephyr.a(device_service.c.obj)
 .text.cmd_device_list
                0x08000fa0       0xf0 zephyr/libzephyr.a(device_service.c.obj)
 .text.get_h_m_s
                0x08001090       0x98 zephyr/libzephyr.a(date_service.c.obj)
 .text.cmd_date_set
                0x08001128      0x128 zephyr/libzephyr.a(date_service.c.obj)
 .text.cmd_date_get
                0x08001250       0x44 zephyr/libzephyr.a(date_service.c.obj)
 .text.cmd_devmem
                0x08001294       0xb8 zephyr/libzephyr.a(devmem_service.c.obj)
 .text.cmd_dump
                0x0800134c      0x184 zephyr/libzephyr.a(devmem_service.c.obj)
 .text.set_bypass.isra.0
                0x080014d0       0x48 zephyr/libzephyr.a(devmem_service.c.obj)
 .text.bypass_cb
                0x08001518      0x118 zephyr/libzephyr.a(devmem_service.c.obj)
 .text.cmd_load
                0x08001630       0xc8 zephyr/libzephyr.a(devmem_service.c.obj)
 .text.enable_shell_uart
                0x080016f8       0x30 zephyr/libzephyr.a(shell_uart.c.obj)
 .text.init     0x08001728       0x54 zephyr/libzephyr.a(shell_uart.c.obj)
 .text.shell_internal_help_print
                0x0800177c       0x20 zephyr/libzephyr.a(shell.c.obj)
 .text.kill_handler
                0x0800179c       0x50 zephyr/libzephyr.a(shell.c.obj)
 .text.z_cursor_next_line_move.isra.0
                0x080017ec        0xc zephyr/libzephyr.a(shell.c.obj)
 .text.execute  0x080017f8      0x2b8 zephyr/libzephyr.a(shell.c.obj)
 .text.history_handle
                0x08001ab0       0xb0 zephyr/libzephyr.a(shell.c.obj)
 .text.state_set.constprop.0
                0x08001b60       0x4c zephyr/libzephyr.a(shell.c.obj)
 .text.state_collect
                0x08001bac      0x6b4 zephyr/libzephyr.a(shell.c.obj)
 .text.shell_thread
                0x08002260       0x8c zephyr/libzephyr.a(shell.c.obj)
                0x08002260                shell_thread
 .text.cmd_help
                0x080022ec       0x44 zephyr/libzephyr.a(shell.c.obj)
 .text.shell_hexdump_line
                0x08002330       0xa8 zephyr/libzephyr.a(shell.c.obj)
                0x08002330                shell_hexdump_line
 .text.shell_init
                0x080023d8       0xc8 zephyr/libzephyr.a(shell.c.obj)
                0x080023d8                shell_init
 .text.z_shell_fprintf_fmt
                0x080024a0       0x28 zephyr/libzephyr.a(shell_fprintf.c.obj)
                0x080024a0                z_shell_fprintf_fmt
 .text.z_shell_cmd_get
                0x080024c8       0x74 zephyr/libzephyr.a(shell_utils.c.obj)
                0x080024c8                z_shell_cmd_get
 .text.shell_strtoul
                0x0800253c       0x50 zephyr/libzephyr.a(shell_utils.c.obj)
                0x0800253c                shell_strtoul
 .text.z_clear_eos
                0x0800258c       0x18 zephyr/libzephyr.a(shell_ops.c.obj)
 .text.z_cursor_next_line_move.isra.0
                0x080025a4        0xc zephyr/libzephyr.a(shell_ops.c.obj)
 .text.z_shell_op_cursor_vert_move
                0x080025b0       0x2c zephyr/libzephyr.a(shell_ops.c.obj)
                0x080025b0                z_shell_op_cursor_vert_move
 .text.z_shell_op_cursor_horiz_move
                0x080025dc       0x2c zephyr/libzephyr.a(shell_ops.c.obj)
                0x080025dc                z_shell_op_cursor_horiz_move
 .text.z_shell_print_cmd
                0x08002608       0x78 zephyr/libzephyr.a(shell_ops.c.obj)
                0x08002608                z_shell_print_cmd
 .text.z_shell_vt100_color_set
                0x08002680       0x40 zephyr/libzephyr.a(shell_ops.c.obj)
                0x08002680                z_shell_vt100_color_set
 .text.z_shell_vt100_colors_restore
                0x080026c0       0x3c zephyr/libzephyr.a(shell_ops.c.obj)
                0x080026c0                z_shell_vt100_colors_restore
 .text.z_shell_op_word_remove
                0x080026fc       0xc8 zephyr/libzephyr.a(shell_ops.c.obj)
                0x080026fc                z_shell_op_word_remove
 .text.reprint_from_cursor
                0x080027c4       0xdc zephyr/libzephyr.a(shell_ops.c.obj)
 .text.z_shell_op_char_insert
                0x080028a0       0x70 zephyr/libzephyr.a(shell_ops.c.obj)
                0x080028a0                z_shell_op_char_insert
 .text.z_shell_print_prompt_and_cmd
                0x08002910       0x34 zephyr/libzephyr.a(shell_ops.c.obj)
                0x08002910                z_shell_print_prompt_and_cmd
 .text.z_cursor_next_line_move.isra.0
                0x08002944        0xc zephyr/libzephyr.a(shell_help.c.obj)
 .text.formatted_structured_help_print
                0x08002950       0x44 zephyr/libzephyr.a(shell_help.c.obj)
 .text.z_shell_help_subcmd_print
                0x08002994       0xc0 zephyr/libzephyr.a(shell_help.c.obj)
                0x08002994                z_shell_help_subcmd_print
 .text.z_shell_help_cmd_print
                0x08002a54       0x60 zephyr/libzephyr.a(shell_help.c.obj)
                0x08002a54                z_shell_help_cmd_print
 .text.z_shell_help_request
                0x08002ab4       0x28 zephyr/libzephyr.a(shell_help.c.obj)
                0x08002ab4                z_shell_help_request
 .text.cmd_resize_default
                0x08002adc       0x2c zephyr/libzephyr.a(shell_cmds.c.obj)
 .text.cmd_shell_stats_show
                0x08002b08       0x14 zephyr/libzephyr.a(shell_cmds.c.obj)
 .text.cmd_backends
                0x08002b1c       0x48 zephyr/libzephyr.a(shell_cmds.c.obj)
 .text.cmd_prompt_off
                0x08002b64       0x10 zephyr/libzephyr.a(shell_cmds.c.obj)
 .text.cmd_history
                0x08002b74       0x40 zephyr/libzephyr.a(shell_cmds.c.obj)
 .text.cmd_get_retval
                0x08002bb4       0x1c zephyr/libzephyr.a(shell_cmds.c.obj)
 .text.cmd_echo
                0x08002bd0       0x50 zephyr/libzephyr.a(shell_cmds.c.obj)
 .text.cmd_clear
                0x08002c20       0x34 zephyr/libzephyr.a(shell_cmds.c.obj)
 .text.cmd_resize
                0x08002c54      0x198 zephyr/libzephyr.a(shell_cmds.c.obj)
 .text.z_shell_wildcard_process
                0x08002dec       0xe4 zephyr/libzephyr.a(shell_wildcard.c.obj)
                0x08002dec                z_shell_wildcard_process
 .text.z_thread_entry
                0x08002ed0       0x34 zephyr/libzephyr.a(thread_entry.c.obj)
                0x08002ed0                z_thread_entry
 .text.arch_bss_zero
                0x08002f04       0x18 zephyr/arch/common/libarch__common.a(init.c.obj)
                0x08002f04                arch_bss_zero
 .text.arch_data_copy
                0x08002f1c       0x38 zephyr/arch/common/libarch__common.a(xip.c.obj)
                0x08002f1c                arch_data_copy
 .text.z_arm_fatal_error
                0x08002f54       0x60 zephyr/arch/arch/arm/core/libarch__arm__core.a(fatal.c.obj)
                0x08002f54                z_arm_fatal_error
 .text.z_SysNmiOnReset
                0x08002fb4        0x8 zephyr/arch/arch/arm/core/libarch__arm__core.a(nmi_on_reset.S.obj)
                0x08002fb4                z_SysNmiOnReset
 .text.arch_tls_stack_setup
                0x08002fbc       0x40 zephyr/arch/arch/arm/core/libarch__arm__core.a(tls.c.obj)
                0x08002fbc                arch_tls_stack_setup
 .text.usage_fault.isra.0
                0x08002ffc       0x98 zephyr/arch/arch/arm/core/cortex_m/libarch__arm__core__cortex_m.a(fault.c.obj)
 .text.bus_fault.isra.0
                0x08003094       0xb8 zephyr/arch/arch/arm/core/cortex_m/libarch__arm__core__cortex_m.a(fault.c.obj)
 .text.mem_manage_fault.isra.0
                0x0800314c       0xbc zephyr/arch/arch/arm/core/cortex_m/libarch__arm__core__cortex_m.a(fault.c.obj)
 .text.z_arm_fault
                0x08003208      0x1a8 zephyr/arch/arch/arm/core/cortex_m/libarch__arm__core__cortex_m.a(fault.c.obj)
                0x08003208                z_arm_fault
 .text.z_arm_fault_init
                0x080033b0       0x18 zephyr/arch/arch/arm/core/cortex_m/libarch__arm__core__cortex_m.a(fault.c.obj)
                0x080033b0                z_arm_fault_init
 .text.__fault  0x080033c8       0x14 zephyr/arch/arch/arm/core/cortex_m/libarch__arm__core__cortex_m.a(fault_s.S.obj)
                0x080033c8                z_arm_bus_fault
                0x080033c8                z_arm_usage_fault
                0x080033c8                z_arm_mpu_fault
                0x080033c8                z_arm_exc_spurious
                0x080033c8                z_arm_debug_monitor
                0x080033c8                z_arm_hard_fault
 .text._reset_section
                0x080033dc       0x48 zephyr/arch/arch/arm/core/cortex_m/libarch__arm__core__cortex_m.a(reset.S.obj)
                0x080033dc                z_arm_reset
                0x080033dc                __start
 .text.z_arm_svc
                0x08003424       0x24 zephyr/arch/arch/arm/core/cortex_m/libarch__arm__core__cortex_m.a(svc.S.obj)
                0x08003424                z_arm_svc
 .text.arm_irq_enable
                0x08003448       0x1c zephyr/arch/arch/arm/core/cortex_m/libarch__arm__core__cortex_m.a(irq_manage.c.obj)
                0x08003448                arm_irq_enable
 .text.arm_irq_priority_set
                0x08003464       0x2c zephyr/arch/arch/arm/core/cortex_m/libarch__arm__core__cortex_m.a(irq_manage.c.obj)
                0x08003464                arm_irq_priority_set
 .text.relocate_vector_table
                0x08003490       0x1c zephyr/arch/arch/arm/core/cortex_m/libarch__arm__core__cortex_m.a(prep_c.c.obj)
                0x08003490                relocate_vector_table
 .text.z_prep_c
                0x080034ac       0x3c zephyr/arch/arch/arm/core/cortex_m/libarch__arm__core__cortex_m.a(prep_c.c.obj)
                0x080034ac                z_prep_c
 .text.arch_new_thread
                0x080034e8       0x30 zephyr/arch/arch/arm/core/cortex_m/libarch__arm__core__cortex_m.a(thread.c.obj)
                0x080034e8                arch_new_thread
 .text.arch_switch_to_main_thread
                0x08003518       0x3c zephyr/arch/arch/arm/core/cortex_m/libarch__arm__core__cortex_m.a(thread.c.obj)
                0x08003518                arch_switch_to_main_thread
 .text.z_arm_cpu_idle_init
                0x08003554        0xc zephyr/arch/arch/arm/core/cortex_m/libarch__arm__core__cortex_m.a(cpu_idle.c.obj)
                0x08003554                z_arm_cpu_idle_init
 .text._HandlerModeExit
                0x08003560       0x20 zephyr/arch/arch/arm/core/cortex_m/libarch__arm__core__cortex_m.a(exc_exit.c.obj)
                0x08003560                z_arm_exc_exit
                0x08003560                z_arm_int_exit
 .text.z_impl_k_thread_abort
                0x08003580       0x2c zephyr/arch/arch/arm/core/cortex_m/libarch__arm__core__cortex_m.a(thread_abort.c.obj)
                0x08003580                z_impl_k_thread_abort
 .text.z_arm_pendsv
                0x080035ac       0x58 zephyr/arch/arch/arm/core/cortex_m/libarch__arm__core__cortex_m.a(swap_helper.S.obj)
                0x080035ac                z_arm_pendsv
 .text.z_arm_interrupt_init
                0x08003604       0x18 zephyr/arch/arch/arm/core/cortex_m/libarch__arm__core__cortex_m.a(irq_init.c.obj)
                0x08003604                z_arm_interrupt_init
 .text._isr_wrapper
                0x0800361c       0x24 zephyr/arch/arch/arm/core/cortex_m/libarch__arm__core__cortex_m.a(isr_wrapper.c.obj)
                0x0800361c                _isr_wrapper
 .text.__aeabi_read_tp
                0x08003640        0xc zephyr/arch/arch/arm/core/cortex_m/libarch__arm__core__cortex_m.a(__aeabi_read_tp.S.obj)
                0x08003640                __aeabi_read_tp
 .text.arch_dcache_enable
                0x0800364c       0x5c zephyr/arch/arch/arm/core/cortex_m/libarch__arm__core__cortex_m.a(cache.c.obj)
                0x0800364c                arch_dcache_enable
 .text.arch_icache_enable
                0x080036a8       0x34 zephyr/arch/arch/arm/core/cortex_m/libarch__arm__core__cortex_m.a(cache.c.obj)
                0x080036a8                arch_icache_enable
 .text.cbvprintf
                0x080036dc       0x38 zephyr/lib/libc/picolibc/liblib__libc__picolibc.a(cbprintf.c.obj)
                0x080036dc                cbvprintf
 .text.malloc_prepare
                0x08003714       0x24 zephyr/lib/libc/common/liblib__libc__common.a(malloc.c.obj)
 .text.fnmatchx
                0x08003738      0x4e8 zephyr/subsys/portability/posix/c_lib_ext/libsubsys__portability__posix__c_lib_ext.a(fnmatch.c.obj)
 .text.z_getopt_global_state_update_shim
                0x08003c20       0x2c zephyr/subsys/portability/posix/c_lib_ext/libsubsys__portability__posix__c_lib_ext.a(getopt_shim.c.obj)
                0x08003c20                z_getopt_global_state_update_shim
 .text.stm32_exti_init
                0x08003c4c       0x2c zephyr/drivers/interrupt_controller/libdrivers__interrupt_controller.a(intc_exti_stm32.c.obj)
 .text.stm32_fill_irq_table
                0x08003c78       0x18 zephyr/drivers/interrupt_controller/libdrivers__interrupt_controller.a(intc_gpio_stm32.c.obj)
 .text.stm32_intc_gpio_isr
                0x08003c90       0x4c zephyr/drivers/interrupt_controller/libdrivers__interrupt_controller.a(intc_gpio_stm32.c.obj)
 .text.stm32_gpio_intc_enable_line
                0x08003cdc       0x30 zephyr/drivers/interrupt_controller/libdrivers__interrupt_controller.a(intc_gpio_stm32.c.obj)
                0x08003cdc                stm32_gpio_intc_enable_line
 .text.stm32_gpio_intc_set_irq_callback
                0x08003d0c       0x40 zephyr/drivers/interrupt_controller/libdrivers__interrupt_controller.a(intc_gpio_stm32.c.obj)
                0x08003d0c                stm32_gpio_intc_set_irq_callback
 .text.stm32_gpio_intc_remove_irq_callback
                0x08003d4c       0x24 zephyr/drivers/interrupt_controller/libdrivers__interrupt_controller.a(intc_gpio_stm32.c.obj)
                0x08003d4c                stm32_gpio_intc_remove_irq_callback
 .text.stm32_exti_get_line_src_port
                0x08003d70       0x38 zephyr/drivers/interrupt_controller/libdrivers__interrupt_controller.a(intc_gpio_stm32.c.obj)
                0x08003d70                stm32_exti_get_line_src_port
 .text.stm32_clock_control_get_subsys_rate
                0x08003da8       0x94 zephyr/drivers/clock_control/libdrivers__clock_control.a(clock_stm32_ll_h7.c.obj)
 .text.stm32_clock_control_init
                0x08003e3c      0x1e4 zephyr/drivers/clock_control/libdrivers__clock_control.a(clock_stm32_ll_h7.c.obj)
                0x08003e3c                stm32_clock_control_init
 .text.enabled_clock
                0x08004020       0x20 zephyr/drivers/clock_control/libdrivers__clock_control.a(clock_stm32_ll_h7.c.obj)
                0x08004020                enabled_clock
 .text.jesd216_bfp_decode_dw16
                0x08004040       0x3c zephyr/drivers/flash/libdrivers__flash.a(jesd216.c.obj)
                0x08004040                jesd216_bfp_decode_dw16
 .text.device_is_flash
                0x0800407c       0x20 zephyr/drivers/flash/libdrivers__flash.a(flash_shell.c.obj)
 .text.device_name_get
                0x0800409c       0x24 zephyr/drivers/flash/libdrivers__flash.a(flash_shell.c.obj)
 .text.cmd_flash
                0x080040c0       0x18 zephyr/drivers/flash/libdrivers__flash.a(flash_shell.c.obj)
 .text.cmd_partitions
                0x080040d8       0x28 zephyr/drivers/flash/libdrivers__flash.a(flash_shell.c.obj)
 .text.cmd_copy
                0x08004100       0xac zephyr/drivers/flash/libdrivers__flash.a(flash_shell.c.obj)
 .text.parse_helper
                0x080041ac       0xac zephyr/drivers/flash/libdrivers__flash.a(flash_shell.c.obj)
 .text.cmd_erase
                0x08004258       0xd8 zephyr/drivers/flash/libdrivers__flash.a(flash_shell.c.obj)
 .text.cmd_write
                0x08004330      0x11c zephyr/drivers/flash/libdrivers__flash.a(flash_shell.c.obj)
 .text.cmd_read
                0x0800444c       0x98 zephyr/drivers/flash/libdrivers__flash.a(flash_shell.c.obj)
 .text.cmd_page_info
                0x080044e4       0x60 zephyr/drivers/flash/libdrivers__flash.a(flash_shell.c.obj)
 .text.bypass_cb
                0x08004544      0x174 zephyr/drivers/flash/libdrivers__flash.a(flash_shell.c.obj)
 .text.cmd_load
                0x080046b8      0x128 zephyr/drivers/flash/libdrivers__flash.a(flash_shell.c.obj)
 .text.cmd_test
                0x080047e0      0x13c zephyr/drivers/flash/libdrivers__flash.a(flash_shell.c.obj)
 .text.flash_stm32_qspi_get_parameters
                0x0800491c        0x8 zephyr/drivers/flash/libdrivers__flash.a(flash_stm32_qspi.c.obj)
 .text.flash_stm32_qspi_erase
                0x08004924      0x110 zephyr/drivers/flash/libdrivers__flash.a(flash_stm32_qspi.c.obj)
 .text.flash_stm32_qspi_write
                0x08004a34       0xe8 zephyr/drivers/flash/libdrivers__flash.a(flash_stm32_qspi.c.obj)
 .text.flash_stm32_qspi_init
                0x08004b1c      0x3ec zephyr/drivers/flash/libdrivers__flash.a(flash_stm32_qspi.c.obj)
 .text.flash_stm32h7_get_parameters
                0x08004f08        0x8 zephyr/drivers/flash/libdrivers__flash.a(flash_stm32h7x.c.obj)
 .text.flash_stm32h7_get_size
                0x08004f10       0x18 zephyr/drivers/flash/libdrivers__flash.a(flash_stm32h7x.c.obj)
 .text.flash_stm32_page_layout
                0x08004f28       0x20 zephyr/drivers/flash/libdrivers__flash.a(flash_stm32h7x.c.obj)
                0x08004f28                flash_stm32_page_layout
 .text.flash_stm32h7_flush_caches.isra.0
                0x08004f48       0x34 zephyr/drivers/flash/libdrivers__flash.a(flash_stm32h7x.c.obj)
 .text.flash_stm32_check_status.isra.0
                0x08004f7c       0x58 zephyr/drivers/flash/libdrivers__flash.a(flash_stm32h7x.c.obj)
 .text.flash_stm32h7_read
                0x08004fd4       0x80 zephyr/drivers/flash/libdrivers__flash.a(flash_stm32h7x.c.obj)
 .text.flash_stm32_wait_flash_idle
                0x08005054       0x5c zephyr/drivers/flash/libdrivers__flash.a(flash_stm32h7x.c.obj)
                0x08005054                flash_stm32_wait_flash_idle
 .text.flash_stm32h7_cr_lock
                0x080050b0       0x5c zephyr/drivers/flash/libdrivers__flash.a(flash_stm32h7x.c.obj)
 .text.write_ndwords.constprop.0
                0x0800510c       0xcc zephyr/drivers/flash/libdrivers__flash.a(flash_stm32h7x.c.obj)
 .text.flash_stm32_block_erase_loop
                0x080051d8       0x90 zephyr/drivers/flash/libdrivers__flash.a(flash_stm32h7x.c.obj)
                0x080051d8                flash_stm32_block_erase_loop
 .text.flash_stm32h7_erase
                0x08005268       0x80 zephyr/drivers/flash/libdrivers__flash.a(flash_stm32h7x.c.obj)
 .text.gpio_stm32_pin_interrupt_configure
                0x080052e8       0xac zephyr/drivers/gpio/libdrivers__gpio.a(gpio_stm32.c.obj)
 .text.foreach_pin
                0x08005394       0x60 zephyr/drivers/gpio/libdrivers__gpio.a(gpio_shell.c.obj)
 .text.get_gpio_ctrl
                0x080053f4       0x2c zephyr/drivers/gpio/libdrivers__gpio.a(gpio_shell.c.obj)
 .text.cmd_gpio_info
                0x08005420       0xcc zephyr/drivers/gpio/libdrivers__gpio.a(gpio_shell.c.obj)
 .text.get_sh_gpio
                0x080054ec       0xe8 zephyr/drivers/gpio/libdrivers__gpio.a(gpio_shell.c.obj)
 .text.cmd_gpio_toggle
                0x080055d4       0x44 zephyr/drivers/gpio/libdrivers__gpio.a(gpio_shell.c.obj)
 .text.cmd_gpio_get
                0x08005618       0x6c zephyr/drivers/gpio/libdrivers__gpio.a(gpio_shell.c.obj)
 .text.cmd_gpio_set
                0x08005684       0x74 zephyr/drivers/gpio/libdrivers__gpio.a(gpio_shell.c.obj)
 .text.cmd_gpio_conf
                0x080056f8      0x1b4 zephyr/drivers/gpio/libdrivers__gpio.a(gpio_shell.c.obj)
 .text.port_pin_get.constprop.0
                0x080058ac       0x34 zephyr/drivers/gpio/libdrivers__gpio.a(gpio_shell.c.obj)
 .text.DT_N_S_soc_S_pin_controller_58020000_S_gpio_58022800cmd_gpio_pin_get
                0x080058e0       0x18 zephyr/drivers/gpio/libdrivers__gpio.a(gpio_shell.c.obj)
 .text.DT_N_S_soc_S_pin_controller_58020000_S_gpio_58022400cmd_gpio_pin_get
                0x080058f8       0x18 zephyr/drivers/gpio/libdrivers__gpio.a(gpio_shell.c.obj)
 .text.DT_N_S_soc_S_pin_controller_58020000_S_gpio_58022000cmd_gpio_pin_get
                0x08005910       0x18 zephyr/drivers/gpio/libdrivers__gpio.a(gpio_shell.c.obj)
 .text.DT_N_S_soc_S_pin_controller_58020000_S_gpio_58021c00cmd_gpio_pin_get
                0x08005928       0x18 zephyr/drivers/gpio/libdrivers__gpio.a(gpio_shell.c.obj)
 .text.DT_N_S_soc_S_pin_controller_58020000_S_gpio_58021800cmd_gpio_pin_get
                0x08005940       0x18 zephyr/drivers/gpio/libdrivers__gpio.a(gpio_shell.c.obj)
 .text.DT_N_S_soc_S_pin_controller_58020000_S_gpio_58021400cmd_gpio_pin_get
                0x08005958       0x18 zephyr/drivers/gpio/libdrivers__gpio.a(gpio_shell.c.obj)
 .text.DT_N_S_soc_S_pin_controller_58020000_S_gpio_58021000cmd_gpio_pin_get
                0x08005970       0x18 zephyr/drivers/gpio/libdrivers__gpio.a(gpio_shell.c.obj)
 .text.DT_N_S_soc_S_pin_controller_58020000_S_gpio_58020c00cmd_gpio_pin_get
                0x08005988       0x18 zephyr/drivers/gpio/libdrivers__gpio.a(gpio_shell.c.obj)
 .text.DT_N_S_soc_S_pin_controller_58020000_S_gpio_58020800cmd_gpio_pin_get
                0x080059a0       0x18 zephyr/drivers/gpio/libdrivers__gpio.a(gpio_shell.c.obj)
 .text.DT_N_S_soc_S_pin_controller_58020000_S_gpio_58020400cmd_gpio_pin_get
                0x080059b8       0x18 zephyr/drivers/gpio/libdrivers__gpio.a(gpio_shell.c.obj)
 .text.DT_N_S_soc_S_pin_controller_58020000_S_gpio_58020000cmd_gpio_pin_get
                0x080059d0       0x18 zephyr/drivers/gpio/libdrivers__gpio.a(gpio_shell.c.obj)
 .text.device_name_get
                0x080059e8       0x44 zephyr/drivers/gpio/libdrivers__gpio.a(gpio_shell.c.obj)
 .text.cmd_gpio_devices
                0x08005a2c       0x80 zephyr/drivers/gpio/libdrivers__gpio.a(gpio_shell.c.obj)
 .text.pin_ordered
                0x08005aac       0x54 zephyr/drivers/gpio/libdrivers__gpio.a(gpio_shell.c.obj)
 .text.cmd_gpio_blink
                0x08005b00       0x8c zephyr/drivers/gpio/libdrivers__gpio.a(gpio_shell.c.obj)
 .text.uart_stm32_irq_err_enable
                0x08005b8c       0x78 zephyr/drivers/serial/libdrivers__serial.a(uart_stm32.c.obj)
 .text.uart_stm32_irq_err_disable
                0x08005c04       0x78 zephyr/drivers/serial/libdrivers__serial.a(uart_stm32.c.obj)
 .text.uart_stm32_parameters_set
                0x08005c7c      0x148 zephyr/drivers/serial/libdrivers__serial.a(uart_stm32.c.obj)
 .text.uart_stm32_init
                0x08005dc4      0x180 zephyr/drivers/serial/libdrivers__serial.a(uart_stm32.c.obj)
 .text.uart_stm32_configure
                0x08005f44      0x128 zephyr/drivers/serial/libdrivers__serial.a(uart_stm32.c.obj)
 .text.elapsed  0x0800606c       0x44 zephyr/drivers/timer/libdrivers__timer.a(cortex_m_systick.c.obj)
 .text.sys_clock_driver_init
                0x080060b0       0x34 zephyr/drivers/timer/libdrivers__timer.a(cortex_m_systick.c.obj)
 .text.sys_clock_isr
                0x080060e4       0x6c zephyr/drivers/timer/libdrivers__timer.a(cortex_m_systick.c.obj)
                0x080060e4                sys_clock_isr
 .text.sys_clock_set_timeout
                0x08006150       0xfc zephyr/drivers/timer/libdrivers__timer.a(cortex_m_systick.c.obj)
                0x08006150                sys_clock_set_timeout
 .text.sys_clock_elapsed
                0x0800624c       0x3c zephyr/drivers/timer/libdrivers__timer.a(cortex_m_systick.c.obj)
                0x0800624c                sys_clock_elapsed
 .text.sys_clock_cycle_get_32
                0x08006288       0x28 zephyr/drivers/timer/libdrivers__timer.a(cortex_m_systick.c.obj)
                0x08006288                sys_clock_cycle_get_32
 .text.HAL_QSPI_Init
                0x080062b0       0x9c modules/hal_stm32/stm32cube/lib..__modules__hal__stm32__stm32cube.a(stm32h7xx_hal_qspi.c.obj)
                0x080062b0                HAL_QSPI_Init
 .text.HAL_QSPI_IRQHandler
                0x0800634c      0x1f0 modules/hal_stm32/stm32cube/lib..__modules__hal__stm32__stm32cube.a(stm32h7xx_hal_qspi.c.obj)
                0x0800634c                HAL_QSPI_IRQHandler
 .text.LL_SetFlashLatency
                0x0800653c       0xf4 modules/hal_stm32/stm32cube/lib..__modules__hal__stm32__stm32cube.a(stm32h7xx_ll_utils.c.obj)
                0x0800653c                LL_SetFlashLatency
 .text.z_device_get_all_static
                0x08006630       0x14 zephyr/kernel/libkernel.a(device.c.obj)
                0x08006630                z_device_get_all_static
 .text.z_impl_device_get_binding
                0x08006644       0x48 zephyr/kernel/libkernel.a(device.c.obj)
                0x08006644                z_impl_device_get_binding
 .text.z_impl_device_get_by_dt_nodelabel
                0x0800668c       0x5c zephyr/kernel/libkernel.a(device.c.obj)
                0x0800668c                z_impl_device_get_by_dt_nodelabel
 .text.z_fatal_error
                0x080066e8       0x30 zephyr/kernel/libkernel.a(fatal.c.obj)
                0x080066e8                z_fatal_error
 .text.z_sys_init_run_level
                0x08006718       0x30 zephyr/kernel/libkernel.a(init.c.obj)
 .text.bg_thread_main
                0x08006748       0xd8 zephyr/kernel/libkernel.a(init.c.obj)
 .text.z_init_cpu
                0x08006820       0x70 zephyr/kernel/libkernel.a(init.c.obj)
                0x08006820                z_init_cpu
 .text.z_cstart
                0x08006890       0xbc zephyr/kernel/libkernel.a(init.c.obj)
                0x08006890                z_cstart
 .text.statics_init
                0x0800694c       0x24 zephyr/kernel/libkernel.a(kheap.c.obj)
 .text.k_heap_alloc
                0x08006970       0x1c zephyr/kernel/libkernel.a(kheap.c.obj)
                0x08006970                k_heap_alloc
 .text.z_impl_k_sem_give
                0x0800698c       0x68 zephyr/kernel/libkernel.a(sem.c.obj)
                0x0800698c                z_impl_k_sem_give
 .text.z_impl_k_sem_take
                0x080069f4       0x4c zephyr/kernel/libkernel.a(sem.c.obj)
                0x080069f4                z_impl_k_sem_take
 .text.z_impl_k_thread_name_set
                0x08006a40       0x20 zephyr/kernel/libkernel.a(thread.c.obj)
                0x08006a40                z_impl_k_thread_name_set
 .text.k_thread_state_str
                0x08006a60       0x7c zephyr/kernel/libkernel.a(thread.c.obj)
                0x08006a60                k_thread_state_str
 .text.z_setup_new_thread
                0x08006adc       0xd4 zephyr/kernel/libkernel.a(thread.c.obj)
                0x08006adc                z_setup_new_thread
 .text.z_impl_k_thread_create
                0x08006bb0       0x58 zephyr/kernel/libkernel.a(thread.c.obj)
                0x08006bb0                z_impl_k_thread_create
 .text.z_dummy_thread_init
                0x08006c08       0x1c zephyr/kernel/libkernel.a(thread.c.obj)
                0x08006c08                z_dummy_thread_init
 .text.z_swap_irqlock
                0x08006c24       0x34 zephyr/kernel/libkernel.a(sched.c.obj)
 .text.ready_thread
                0x08006c58       0x80 zephyr/kernel/libkernel.a(sched.c.obj)
 .text.unready_thread
                0x08006cd8       0x54 zephyr/kernel/libkernel.a(sched.c.obj)
 .text.add_thread_timeout
                0x08006d2c       0x1c zephyr/kernel/libkernel.a(sched.c.obj)
 .text.reschedule.isra.0
                0x08006d48       0x28 zephyr/kernel/libkernel.a(sched.c.obj)
 .text.move_current_to_end_of_prio_q
                0x08006d70       0x6c zephyr/kernel/libkernel.a(sched.c.obj)
                0x08006d70                move_current_to_end_of_prio_q
 .text.z_impl_k_thread_suspend
                0x08006ddc       0xf0 zephyr/kernel/libkernel.a(sched.c.obj)
                0x08006ddc                z_impl_k_thread_suspend
 .text.z_pend_curr
                0x08006ecc       0x44 zephyr/kernel/libkernel.a(sched.c.obj)
                0x08006ecc                z_pend_curr
 .text.k_sched_lock
                0x08006f10       0x28 zephyr/kernel/libkernel.a(sched.c.obj)
                0x08006f10                k_sched_lock
 .text.k_sched_unlock
                0x08006f38       0x54 zephyr/kernel/libkernel.a(sched.c.obj)
                0x08006f38                k_sched_unlock
 .text.z_sched_init
                0x08006f8c       0x10 zephyr/kernel/libkernel.a(sched.c.obj)
                0x08006f8c                z_sched_init
 .text.k_can_yield
                0x08006f9c       0x48 zephyr/kernel/libkernel.a(sched.c.obj)
                0x08006f9c                k_can_yield
 .text.z_impl_k_yield
                0x08006fe4       0x84 zephyr/kernel/libkernel.a(sched.c.obj)
                0x08006fe4                z_impl_k_yield
 .text.z_tick_sleep
                0x08007068       0x78 zephyr/kernel/libkernel.a(sched.c.obj)
 .text.z_impl_k_sched_current_thread_query
                0x080070e0        0xc zephyr/kernel/libkernel.a(sched.c.obj)
                0x080070e0                z_impl_k_sched_current_thread_query
 .text.z_thread_abort
                0x080070ec      0x144 zephyr/kernel/libkernel.a(sched.c.obj)
                0x080070ec                z_thread_abort
 .text.z_time_slice_size
                0x08007230       0x40 zephyr/kernel/libkernel.a(timeslicing.c.obj)
 .text.slice_timeout
                0x08007270       0x20 zephyr/kernel/libkernel.a(timeslicing.c.obj)
 .text.z_reset_time_slice
                0x08007290       0x44 zephyr/kernel/libkernel.a(timeslicing.c.obj)
                0x08007290                z_reset_time_slice
 .text.z_time_slice
                0x080072d4       0x5c zephyr/kernel/libkernel.a(timeslicing.c.obj)
                0x080072d4                z_time_slice
 .text.z_thread_monitor_exit
                0x08007330       0x3c zephyr/kernel/libkernel.a(thread_monitor.c.obj)
                0x08007330                z_thread_monitor_exit
 .text.k_thread_foreach
                0x0800736c       0x34 zephyr/kernel/libkernel.a(thread_monitor.c.obj)
                0x0800736c                k_thread_foreach
 .text.k_thread_foreach_unlocked
                0x080073a0       0x48 zephyr/kernel/libkernel.a(thread_monitor.c.obj)
                0x080073a0                k_thread_foreach_unlocked
 .text.first    0x080073e8       0x10 zephyr/kernel/libkernel.a(timeout.c.obj)
 .text.elapsed  0x080073f8       0x14 zephyr/kernel/libkernel.a(timeout.c.obj)
 .text.remove_timeout
                0x0800740c       0x38 zephyr/kernel/libkernel.a(timeout.c.obj)
 .text.z_add_timeout
                0x08007444      0x120 zephyr/kernel/libkernel.a(timeout.c.obj)
                0x08007444                z_add_timeout
 .text.sys_clock_announce_locked
                0x08007564       0xb8 zephyr/kernel/libkernel.a(timeout.c.obj)
                0x08007564                sys_clock_announce_locked
 .text.sys_clock_tick_get
                0x0800761c       0x30 zephyr/kernel/libkernel.a(timeout.c.obj)
                0x0800761c                sys_clock_tick_get
 .text.z_impl_k_timer_stop
                0x0800764c       0x60 zephyr/kernel/libkernel.a(timer.c.obj)
                0x0800764c                z_impl_k_timer_stop
 .text.k_event_post_internal
                0x080076ac       0x4c zephyr/kernel/libkernel.a(events.c.obj)
 .text.boot_banner
                0x080076f8        0xc zephyr/kernel/libkernel.a(banner.c.obj)
                0x080076f8                boot_banner
 .text.gmtime_r
                0x08007704      0x15c /home/adamhage/zephyr-sdk-1.0.1/gnu/arm-zephyr-eabi/bin/../lib/gcc/arm-zephyr-eabi/14.3.0/../../../../arm-zephyr-eabi/lib/thumb/v7e-m/nofp/space/libc.a(libc_time_gmtime_r.c.o)
                0x08007704                gmtime_r
 .text.snprintf
                0x08007860       0x54 /home/adamhage/zephyr-sdk-1.0.1/gnu/arm-zephyr-eabi/bin/../lib/gcc/arm-zephyr-eabi/14.3.0/../../../../arm-zephyr-eabi/lib/thumb/v7e-m/nofp/space/libc.a(libc_tinystdio_snprintf.c.o)
                0x08007860                snprintf
 .text.sprintf  0x080078b4       0x48 /home/adamhage/zephyr-sdk-1.0.1/gnu/arm-zephyr-eabi/bin/../lib/gcc/arm-zephyr-eabi/14.3.0/../../../../arm-zephyr-eabi/lib/thumb/v7e-m/nofp/space/libc.a(libc_tinystdio_sprintf.c.o)
                0x080078b4                sprintf
 .text.strtol   0x080078fc       0xe8 /home/adamhage/zephyr-sdk-1.0.1/gnu/arm-zephyr-eabi/bin/../lib/gcc/arm-zephyr-eabi/14.3.0/../../../../arm-zephyr-eabi/lib/thumb/v7e-m/nofp/space/libc.a(libc_tinystdio_strtol.c.o)
                0x080078fc                strtol
 .text.strtoul  0x080079e4       0xcc /home/adamhage/zephyr-sdk-1.0.1/gnu/arm-zephyr-eabi/bin/../lib/gcc/arm-zephyr-eabi/14.3.0/../../../../arm-zephyr-eabi/lib/thumb/v7e-m/nofp/space/libc.a(libc_tinystdio_strtoul.c.o)
                0x080079e4                strtoul
 .text.strtoull
                0x08007ab0      0x118 /home/adamhage/zephyr-sdk-1.0.1/gnu/arm-zephyr-eabi/bin/../lib/gcc/arm-zephyr-eabi/14.3.0/../../../../arm-zephyr-eabi/lib/thumb/v7e-m/nofp/space/libc.a(libc_tinystdio_strtoull.c.o)
                0x08007ab0                strtoull
 .text.__l_vfprintf
                0x08007bc8      0x488 /home/adamhage/zephyr-sdk-1.0.1/gnu/arm-zephyr-eabi/bin/../lib/gcc/arm-zephyr-eabi/14.3.0/../../../../arm-zephyr-eabi/lib/thumb/v7e-m/nofp/space/libc.a(libc_tinystdio_vflprintf.c.o)
                0x08007bc8                __l_vfprintf
 .text._OffsetAbsSyms
                0x08008050        0x2 zephyr/CMakeFiles/offsets.dir/./arch/arm/core/offsets/offsets.c.obj
                0x08008050                _OffsetAbsSyms
 .text.main     0x08008052        0xe app/libapp.a(main.cpp.obj)
                0x08008052                main
 .text.chunk_field
                0x08008060       0x16 zephyr/libzephyr.a(heap.c.obj)
 .text.chunk_set
                0x08008076       0x16 zephyr/libzephyr.a(heap.c.obj)
 .text.chunk_size
                0x0800808c        0xc zephyr/libzephyr.a(heap.c.obj)
 .text.set_chunk_used
                0x08008098       0x30 zephyr/libzephyr.a(heap.c.obj)
 .text.set_chunk_size
                0x080080c8        0x8 zephyr/libzephyr.a(heap.c.obj)
 .text.undersized_chunk
                0x080080d0       0x1c zephyr/libzephyr.a(heap.c.obj)
 .text.mem_to_chunkid
                0x080080ec       0x14 zephyr/libzephyr.a(heap.c.obj)
 .text.bucket_idx
                0x08008100       0x14 zephyr/libzephyr.a(heap.c.obj)
 .text.free_list_remove_bidx
                0x08008114       0x5c zephyr/libzephyr.a(heap.c.obj)
 .text.free_list_remove
                0x08008170       0x2c zephyr/libzephyr.a(heap.c.obj)
 .text.alloc_chunk
                0x0800819c       0x74 zephyr/libzephyr.a(heap.c.obj)
 .text.split_chunks
                0x08008210       0x4e zephyr/libzephyr.a(heap.c.obj)
 .text.merge_chunks
                0x0800825e       0x3c zephyr/libzephyr.a(heap.c.obj)
 .text.free_list_add
                0x0800829a       0x82 zephyr/libzephyr.a(heap.c.obj)
 .text.sys_heap_free
                0x0800831c       0xc2 zephyr/libzephyr.a(heap.c.obj)
                0x0800831c                sys_heap_free
 .text.sys_heap_alloc
                0x080083de       0x78 zephyr/libzephyr.a(heap.c.obj)
                0x080083de                sys_heap_alloc
 .text.sys_heap_noalign_alloc
                0x08008456        0x6 zephyr/libzephyr.a(heap.c.obj)
                0x08008456                sys_heap_noalign_alloc
 .text.sys_heap_init
                0x0800845c       0xa4 zephyr/libzephyr.a(heap.c.obj)
                0x0800845c                sys_heap_init
 .text.timespec_add
                0x08008500       0x60 zephyr/libzephyr.a(clock.c.obj)
 .text.arch_printk_char_out
                0x08008560        0x4 zephyr/libzephyr.a(printk.c.obj)
                0x08008560                arch_printk_char_out
 .text.printk   0x08008564       0x1a zephyr/libzephyr.a(printk.c.obj)
                0x08008564                printk
 .text.ring_buf_area_claim
                0x0800857e       0x30 zephyr/libzephyr.a(ring_buffer.c.obj)
                0x0800857e                ring_buf_area_claim
 .text.ring_buf_put_claim
                0x080085ae       0x1e zephyr/libzephyr.a(ring_buffer.c.obj)
 .text.ring_buf_get_claim
                0x080085cc       0x1e zephyr/libzephyr.a(ring_buffer.c.obj)
 .text.ring_buf_area_finish
                0x080085ea       0x32 zephyr/libzephyr.a(ring_buffer.c.obj)
                0x080085ea                ring_buf_area_finish
 .text.ring_buf_put
                0x0800861c       0x40 zephyr/libzephyr.a(ring_buffer.c.obj)
                0x0800861c                ring_buf_put
 .text.ring_buf_get
                0x0800865c       0x44 zephyr/libzephyr.a(ring_buffer.c.obj)
                0x0800865c                ring_buf_get
 .text._ConfigAbsSyms
                0x080086a0        0x2 zephyr/libzephyr.a(configs.c.obj)
                0x080086a0                _ConfigAbsSyms
 .text.HAL_GetTick
                0x080086a2       0x10 zephyr/libzephyr.a(stm32cube_hal.c.obj)
                0x080086a2                HAL_GetTick
 .text.stm32_gpioport_configure_pin
                0x080086b2       0xa4 zephyr/libzephyr.a(gpioport_mgr.c.obj)
                0x080086b2                stm32_gpioport_configure_pin
 .text.soc_reset_hook
                0x08008756        0x2 zephyr/libzephyr.a(soc_m7.c.obj)
                0x08008756                soc_reset_hook
 .text.thread_valid_cb
                0x08008758        0xc zephyr/libzephyr.a(thread.c.obj)
 .text.uart_irq_tx_disable
                0x08008764        0xa zephyr/libzephyr.a(shell_uart.c.obj)
 .text.enable   0x0800876e       0x12 zephyr/libzephyr.a(shell_uart.c.obj)
 .text.read_uart
                0x08008780       0x12 zephyr/libzephyr.a(shell_uart.c.obj)
 .text.uninit   0x08008792       0x20 zephyr/libzephyr.a(shell_uart.c.obj)
 .text.write_uart
                0x080087b2       0x6c zephyr/libzephyr.a(shell_uart.c.obj)
 .text.uart_callback
                0x0800881e      0x112 zephyr/libzephyr.a(shell_uart.c.obj)
 .text.cmd_buffer_clear
                0x08008930       0x16 zephyr/libzephyr.a(shell.c.obj)
 .text.atomic_or
                0x08008946       0x1e zephyr/libzephyr.a(shell.c.obj)
 .text.atomic_and
                0x08008964       0x1e zephyr/libzephyr.a(shell.c.obj)
 .text.z_shell_raw_fprintf
                0x08008982       0x1a zephyr/libzephyr.a(shell.c.obj)
 .text.z_shell_strlen
                0x0800899c        0xc zephyr/libzephyr.a(shell.c.obj)
 .text.z_shell_unlock.isra.0
                0x080089a8        0x8 zephyr/libzephyr.a(shell.c.obj)
 .text.z_shell_lock.isra.0
                0x080089b0       0x10 zephyr/libzephyr.a(shell.c.obj)
 .text.z_flag_cmd_ctx_set.isra.0
                0x080089c0       0x16 zephyr/libzephyr.a(shell.c.obj)
 .text.z_flag_history_exit_set.isra.0
                0x080089d6       0x16 zephyr/libzephyr.a(shell.c.obj)
 .text.z_flag_insert_mode_set.isra.0
                0x080089ec       0x1e zephyr/libzephyr.a(shell.c.obj)
 .text.shell_signal_handle
                0x08008a0a       0x38 zephyr/libzephyr.a(shell.c.obj)
 .text.z_shell_trylock.constprop.0.isra.0
                0x08008a42       0x12 zephyr/libzephyr.a(shell.c.obj)
 .text.transport_evt_handler
                0x08008a54       0x14 zephyr/libzephyr.a(shell.c.obj)
 .text.shell_process
                0x08008a68       0x32 zephyr/libzephyr.a(shell.c.obj)
                0x08008a68                shell_process
 .text.shell_start
                0x08008a9a       0x48 zephyr/libzephyr.a(shell.c.obj)
                0x08008a9a                shell_start
 .text.shell_vfprintf
                0x08008ae2       0x8c zephyr/libzephyr.a(shell.c.obj)
                0x08008ae2                shell_vfprintf
 .text.shell_fprintf_impl
                0x08008b6e       0x1a zephyr/libzephyr.a(shell.c.obj)
                0x08008b6e                shell_fprintf_impl
 .text.shell_fprintf_info
                0x08008b88       0x1c zephyr/libzephyr.a(shell.c.obj)
                0x08008b88                shell_fprintf_info
 .text.shell_fprintf_normal
                0x08008ba4       0x1c zephyr/libzephyr.a(shell.c.obj)
                0x08008ba4                shell_fprintf_normal
 .text.shell_fprintf_warn
                0x08008bc0       0x1c zephyr/libzephyr.a(shell.c.obj)
                0x08008bc0                shell_fprintf_warn
 .text.shell_fprintf_error
                0x08008bdc       0x1c zephyr/libzephyr.a(shell.c.obj)
                0x08008bdc                shell_fprintf_error
 .text.shell_prompt_change
                0x08008bf8       0x4e zephyr/libzephyr.a(shell.c.obj)
                0x08008bf8                shell_prompt_change
 .text.shell_help
                0x08008c46       0x24 zephyr/libzephyr.a(shell.c.obj)
                0x08008c46                shell_help
 .text.shell_get_return_value
                0x08008c6a       0x10 zephyr/libzephyr.a(shell.c.obj)
                0x08008c6a                shell_get_return_value
 .text.shell_set_bypass
                0x08008c7a       0x16 zephyr/libzephyr.a(shell.c.obj)
                0x08008c7a                shell_set_bypass
 .text.z_shell_fprintf_buffer_flush
                0x08008c90       0x18 zephyr/libzephyr.a(shell_fprintf.c.obj)
                0x08008c90                z_shell_fprintf_buffer_flush
 .text.out_func
                0x08008ca8       0x3c zephyr/libzephyr.a(shell_fprintf.c.obj)
 .text.z_shell_strlen
                0x08008ce4        0xc zephyr/libzephyr.a(shell_utils.c.obj)
 .text.shell_device_internal
                0x08008cf0       0x8e zephyr/libzephyr.a(shell_utils.c.obj)
 .text.z_column_span_with_buffer_offsets_get
                0x08008d7e       0x1e zephyr/libzephyr.a(shell_utils.c.obj)
                0x08008d7e                z_column_span_with_buffer_offsets_get
 .text.z_row_span_with_buffer_offsets_get
                0x08008d9c       0x16 zephyr/libzephyr.a(shell_utils.c.obj)
                0x08008d9c                z_row_span_with_buffer_offsets_get
 .text.z_shell_multiline_data_calc
                0x08008db2       0x2c zephyr/libzephyr.a(shell_utils.c.obj)
                0x08008db2                z_shell_multiline_data_calc
 .text.z_shell_make_argv
                0x08008dde      0x15e zephyr/libzephyr.a(shell_utils.c.obj)
                0x08008dde                z_shell_make_argv
 .text.z_shell_pattern_remove
                0x08008f3c       0x4e zephyr/libzephyr.a(shell_utils.c.obj)
                0x08008f3c                z_shell_pattern_remove
 .text.z_shell_find_cmd
                0x08008f8a       0x58 zephyr/libzephyr.a(shell_utils.c.obj)
                0x08008f8a                z_shell_find_cmd
 .text.z_shell_get_last_command
                0x08008fe2       0x5c zephyr/libzephyr.a(shell_utils.c.obj)
                0x08008fe2                z_shell_get_last_command
 .text.z_shell_spaces_trim
                0x0800903e       0x60 zephyr/libzephyr.a(shell_utils.c.obj)
                0x0800903e                z_shell_spaces_trim
 .text.z_shell_cmd_trim
                0x0800909e       0x74 zephyr/libzephyr.a(shell_utils.c.obj)
                0x0800909e                z_shell_cmd_trim
 .text.shell_device_filter
                0x08009112        0xa zephyr/libzephyr.a(shell_utils.c.obj)
                0x08009112                shell_device_filter
 .text.shell_device_lookup_all
                0x0800911c        0x8 zephyr/libzephyr.a(shell_utils.c.obj)
                0x0800911c                shell_device_lookup_all
 .text.shell_device_lookup_non_ready
                0x08009124        0x8 zephyr/libzephyr.a(shell_utils.c.obj)
                0x08009124                shell_device_lookup_non_ready
 .text.shell_device_get_binding
                0x0800912c       0x16 zephyr/libzephyr.a(shell_utils.c.obj)
                0x0800912c                shell_device_get_binding
 .text.shell_device_get_binding_all
                0x08009142       0x84 zephyr/libzephyr.a(shell_utils.c.obj)
                0x08009142                shell_device_get_binding_all
 .text.z_shell_raw_fprintf
                0x080091c6       0x1a zephyr/libzephyr.a(shell_ops.c.obj)
 .text.full_line_cmd.isra.0
                0x080091e0       0x24 zephyr/libzephyr.a(shell_ops.c.obj)
 .text.z_shell_cursor_in_empty_line
                0x08009204       0x2e zephyr/libzephyr.a(shell_ops.c.obj)
                0x08009204                z_shell_cursor_in_empty_line
 .text.z_shell_op_cond_next_line
                0x08009232       0x1e zephyr/libzephyr.a(shell_ops.c.obj)
                0x08009232                z_shell_op_cond_next_line
 .text.z_shell_op_cursor_position_synchronize
                0x08009250       0x4a zephyr/libzephyr.a(shell_ops.c.obj)
                0x08009250                z_shell_op_cursor_position_synchronize
 .text.z_shell_op_cursor_move
                0x0800929a       0x50 zephyr/libzephyr.a(shell_ops.c.obj)
                0x0800929a                z_shell_op_cursor_move
 .text.z_shell_op_cursor_word_move
                0x080092ea       0x7e zephyr/libzephyr.a(shell_ops.c.obj)
                0x080092ea                z_shell_op_cursor_word_move
 .text.z_shell_op_cursor_home_move
                0x08009368        0xe zephyr/libzephyr.a(shell_ops.c.obj)
                0x08009368                z_shell_op_cursor_home_move
 .text.z_shell_op_cursor_end_move
                0x08009376       0x12 zephyr/libzephyr.a(shell_ops.c.obj)
                0x08009376                z_shell_op_cursor_end_move
 .text.z_shell_op_left_arrow
                0x08009388       0x12 zephyr/libzephyr.a(shell_ops.c.obj)
                0x08009388                z_shell_op_left_arrow
 .text.z_shell_op_right_arrow
                0x0800939a       0x16 zephyr/libzephyr.a(shell_ops.c.obj)
                0x0800939a                z_shell_op_right_arrow
 .text.z_shell_op_delete_from_cursor
                0x080093b0       0x1c zephyr/libzephyr.a(shell_ops.c.obj)
                0x080093b0                z_shell_op_delete_from_cursor
 .text.z_shell_cmd_line_erase
                0x080093cc       0x36 zephyr/libzephyr.a(shell_ops.c.obj)
                0x080093cc                z_shell_cmd_line_erase
 .text.z_shell_write
                0x08009402       0x82 zephyr/libzephyr.a(shell_ops.c.obj)
                0x08009402                z_shell_write
 .text.z_shell_print_stream
                0x08009484        0x4 zephyr/libzephyr.a(shell_ops.c.obj)
                0x08009484                z_shell_print_stream
 .text.z_shell_vfprintf
                0x08009488       0x4a zephyr/libzephyr.a(shell_ops.c.obj)
                0x08009488                z_shell_vfprintf
 .text.z_shell_fprintf
                0x080094d2       0x1a zephyr/libzephyr.a(shell_ops.c.obj)
                0x080094d2                z_shell_fprintf
 .text.data_insert
                0x080094ec       0x74 zephyr/libzephyr.a(shell_ops.c.obj)
 .text.z_shell_op_completion_insert
                0x08009560        0x4 zephyr/libzephyr.a(shell_ops.c.obj)
                0x08009560                z_shell_op_completion_insert
 .text.z_shell_op_char_delete
                0x08009564       0x3e zephyr/libzephyr.a(shell_ops.c.obj)
                0x08009564                z_shell_op_char_delete
 .text.z_shell_op_char_backspace
                0x080095a2       0x26 zephyr/libzephyr.a(shell_ops.c.obj)
                0x080095a2                z_shell_op_char_backspace
 .text.z_shell_backend_rx_buffer_flush
                0x080095c8       0x2a zephyr/libzephyr.a(shell_ops.c.obj)
                0x080095c8                z_shell_backend_rx_buffer_flush
 .text.shell_help_is_structured
                0x080095f2       0x24 zephyr/libzephyr.a(shell_help.c.obj)
 .text.z_shell_raw_fprintf
                0x08009616       0x1a zephyr/libzephyr.a(shell_help.c.obj)
 .text.formatted_text_print.part.0
                0x08009630       0xcc zephyr/libzephyr.a(shell_help.c.obj)
 .text.cmd_comment
                0x080096fc        0x4 zephyr/libzephyr.a(shell_cmds.c.obj)
 .text.cmd_shell_stats_reset
                0x08009700        0x8 zephyr/libzephyr.a(shell_cmds.c.obj)
 .text.z_shell_raw_fprintf
                0x08009708       0x1a zephyr/libzephyr.a(shell_cmds.c.obj)
 .text.cmd_prompt_on
                0x08009722        0xc zephyr/libzephyr.a(shell_cmds.c.obj)
 .text.cmd_echo_on
                0x0800972e       0x22 zephyr/libzephyr.a(shell_cmds.c.obj)
 .text.cmd_backspace_mode_backspace
                0x08009750       0x22 zephyr/libzephyr.a(shell_cmds.c.obj)
 .text.cmd_colors_off
                0x08009772       0x22 zephyr/libzephyr.a(shell_cmds.c.obj)
 .text.cmd_vt100_off
                0x08009794       0x22 zephyr/libzephyr.a(shell_cmds.c.obj)
 .text.cmd_echo_off
                0x080097b6       0x22 zephyr/libzephyr.a(shell_cmds.c.obj)
 .text.cmd_backspace_mode_delete
                0x080097d8       0x22 zephyr/libzephyr.a(shell_cmds.c.obj)
 .text.cmd_colors_on
                0x080097fa       0x22 zephyr/libzephyr.a(shell_cmds.c.obj)
 .text.cmd_vt100_on
                0x0800981c       0x22 zephyr/libzephyr.a(shell_cmds.c.obj)
 .text.z_shell_history_mode_exit
                0x0800983e        0x6 zephyr/libzephyr.a(shell_history.c.obj)
                0x0800983e                z_shell_history_mode_exit
 .text.z_shell_history_get
                0x08009844       0x56 zephyr/libzephyr.a(shell_history.c.obj)
                0x08009844                z_shell_history_get
 .text.z_shell_history_put
                0x0800989a       0x76 zephyr/libzephyr.a(shell_history.c.obj)
                0x0800989a                z_shell_history_put
 .text.z_shell_history_purge
                0x08009910       0x2a zephyr/libzephyr.a(shell_history.c.obj)
                0x08009910                z_shell_history_purge
 .text.z_shell_has_wildcard
                0x0800993a       0x28 zephyr/libzephyr.a(shell_wildcard.c.obj)
                0x0800993a                z_shell_has_wildcard
 .text.z_shell_wildcard_prepare
                0x08009962       0x42 zephyr/libzephyr.a(shell_wildcard.c.obj)
                0x08009962                z_shell_wildcard_prepare
 .text.z_shell_wildcard_finalize
                0x080099a4       0x20 zephyr/libzephyr.a(shell_wildcard.c.obj)
                0x080099a4                z_shell_wildcard_finalize
 .text.z_impl_flash_copy
                0x080099c4       0xe4 zephyr/libzephyr.a(flash_util.c.obj)
                0x080099c4                z_impl_flash_copy
 .text.arch_early_memset
                0x08009aa8        0x4 zephyr/arch/common/libarch__common.a(init.c.obj)
                0x08009aa8                arch_early_memset
 .text.arch_early_memcpy
                0x08009aac        0x4 zephyr/arch/common/libarch__common.a(init.c.obj)
                0x08009aac                arch_early_memcpy
 .text.z_do_kernel_oops
                0x08009ab0        0x8 zephyr/arch/arch/arm/core/libarch__arm__core.a(fatal.c.obj)
                0x08009ab0                z_do_kernel_oops
 .text.z_arm_nmi
                0x08009ab8        0xe zephyr/arch/arch/arm/core/libarch__arm__core.a(nmi.c.obj)
                0x08009ab8                z_arm_nmi
 .text.z_irq_spurious
                0x08009ac6        0x8 zephyr/arch/arch/arm/core/cortex_m/libarch__arm__core__cortex_m.a(irq_manage.c.obj)
                0x08009ac6                z_irq_spurious
 .text.arch_coprocessors_disable
                0x08009ace        0x6 zephyr/arch/arch/arm/core/cortex_m/libarch__arm__core__cortex_m.a(thread.c.obj)
                0x08009ace                arch_coprocessors_disable
 .text.arch_irq_unlock_outlined
                0x08009ad4        0xe zephyr/arch/arch/arm/core/cortex_m/libarch__arm__core__cortex_m.a(thread.c.obj)
                0x08009ad4                arch_irq_unlock_outlined
 .text.arch_cpu_idle
                0x08009ae2       0x1a zephyr/arch/arch/arm/core/cortex_m/libarch__arm__core__cortex_m.a(cpu_idle.c.obj)
                0x08009ae2                arch_cpu_idle
 .text.arch_cache_init
                0x08009afc        0x2 zephyr/arch/arch/arm/core/cortex_m/libarch__arm__core__cortex_m.a(cache.c.obj)
                0x08009afc                arch_cache_init
 .text.cbputc   0x08009afe        0xc zephyr/lib/libc/picolibc/liblib__libc__picolibc.a(cbprintf.c.obj)
 .text.foldcase
                0x08009b0a       0x10 zephyr/subsys/portability/posix/c_lib_ext/libsubsys__portability__posix__c_lib_ext.a(fnmatch.c.obj)
 .text.fnmatch  0x08009b1a       0x14 zephyr/subsys/portability/posix/c_lib_ext/libsubsys__portability__posix__c_lib_ext.a(fnmatch.c.obj)
                0x08009b1a                fnmatch
 .text.stm32_exti_is_pending
                0x08009b2e       0x38 zephyr/drivers/interrupt_controller/libdrivers__interrupt_controller.a(intc_exti_stm32.c.obj)
                0x08009b2e                stm32_exti_is_pending
 .text.stm32_exti_clear_pending
                0x08009b66       0x34 zephyr/drivers/interrupt_controller/libdrivers__interrupt_controller.a(intc_exti_stm32.c.obj)
                0x08009b66                stm32_exti_clear_pending
 .text.stm32_exti_gpio_intc_init
                0x08009b9a       0x92 zephyr/drivers/interrupt_controller/libdrivers__interrupt_controller.a(intc_gpio_stm32.c.obj)
 .text.stm32_gpio_intc_get_pin_irq_line
                0x08009c2c        0xa zephyr/drivers/interrupt_controller/libdrivers__interrupt_controller.a(intc_gpio_stm32.c.obj)
                0x08009c2c                stm32_gpio_intc_get_pin_irq_line
 .text.stm32_gpio_intc_disable_line
                0x08009c36       0x12 zephyr/drivers/interrupt_controller/libdrivers__interrupt_controller.a(intc_gpio_stm32.c.obj)
                0x08009c36                stm32_gpio_intc_disable_line
 .text.stm32_gpio_intc_select_line_trigger
                0x08009c48       0x52 zephyr/drivers/interrupt_controller/libdrivers__interrupt_controller.a(intc_gpio_stm32.c.obj)
                0x08009c48                stm32_gpio_intc_select_line_trigger
 .text.stm32_exti_set_line_src_port
                0x08009c9a       0x3a zephyr/drivers/interrupt_controller/libdrivers__interrupt_controller.a(intc_gpio_stm32.c.obj)
                0x08009c9a                stm32_exti_set_line_src_port
 .text.stm32_clock_control_on
                0x08009cd4       0x44 zephyr/drivers/clock_control/libdrivers__clock_control.a(clock_stm32_ll_h7.c.obj)
 .text.stm32_clock_control_off
                0x08009d18       0x2e zephyr/drivers/clock_control/libdrivers__clock_control.a(clock_stm32_ll_h7.c.obj)
 .text.stm32_clock_control_configure
                0x08009d46       0x46 zephyr/drivers/clock_control/libdrivers__clock_control.a(clock_stm32_ll_h7.c.obj)
 .text.stm32_clock_control_get_status
                0x08009d8c       0x38 zephyr/drivers/clock_control/libdrivers__clock_control.a(clock_stm32_ll_h7.c.obj)
 .text.extract_instr
                0x08009dc4       0x1e zephyr/drivers/flash/libdrivers__flash.a(jesd216.c.obj)
 .text.jesd216_bfp_read_support
                0x08009de2       0xe8 zephyr/drivers/flash/libdrivers__flash.a(jesd216.c.obj)
                0x08009de2                jesd216_bfp_read_support
 .text.jesd216_bfp_erase
                0x08009eca       0x28 zephyr/drivers/flash/libdrivers__flash.a(jesd216.c.obj)
                0x08009eca                jesd216_bfp_erase
 .text.jesd216_bfp_decode_dw15
                0x08009ef2       0x50 zephyr/drivers/flash/libdrivers__flash.a(jesd216.c.obj)
                0x08009ef2                jesd216_bfp_decode_dw15
 .text.flash_get_page_info
                0x08009f42       0x62 zephyr/drivers/flash/libdrivers__flash.a(flash_page_layout.c.obj)
 .text.z_impl_flash_get_page_info_by_offs
                0x08009fa4        0x8 zephyr/drivers/flash/libdrivers__flash.a(flash_page_layout.c.obj)
                0x08009fa4                z_impl_flash_get_page_info_by_offs
 .text.flash_read
                0x08009fac        0xc zephyr/drivers/flash/libdrivers__flash.a(flash_shell.c.obj)
 .text.flash_write
                0x08009fb8        0xc zephyr/drivers/flash/libdrivers__flash.a(flash_shell.c.obj)
 .text.flash_stm32_qspi_get_size
                0x08009fc4        0xc zephyr/drivers/flash/libdrivers__flash.a(flash_stm32_qspi.c.obj)
 .text.flash_stm32_qspi_pages_layout
                0x08009fd0        0xc zephyr/drivers/flash/libdrivers__flash.a(flash_stm32_qspi.c.obj)
 .text.k_sem_give
                0x08009fdc        0x4 zephyr/drivers/flash/libdrivers__flash.a(flash_stm32_qspi.c.obj)
 .text.flash_stm32_qspi_irq_config_func
                0x08009fe0       0x16 zephyr/drivers/flash/libdrivers__flash.a(flash_stm32_qspi.c.obj)
 .text.flash_stm32_qspi_isr
                0x08009ff6        0x6 zephyr/drivers/flash/libdrivers__flash.a(flash_stm32_qspi.c.obj)
 .text.qspi_read_sfdp.isra.0
                0x08009ffc       0x66 zephyr/drivers/flash/libdrivers__flash.a(flash_stm32_qspi.c.obj)
 .text.qspi_write_access.isra.0
                0x0800a062       0x3c zephyr/drivers/flash/libdrivers__flash.a(flash_stm32_qspi.c.obj)
 .text.qspi_lock_thread.isra.0
                0x0800a09e        0xe zephyr/drivers/flash/libdrivers__flash.a(flash_stm32_qspi.c.obj)
 .text.qspi_send_cmd.isra.0
                0x0800a0ac       0x2c zephyr/drivers/flash/libdrivers__flash.a(flash_stm32_qspi.c.obj)
 .text.qspi_read_access.isra.0
                0x0800a0d8       0x3c zephyr/drivers/flash/libdrivers__flash.a(flash_stm32_qspi.c.obj)
 .text.flash_stm32_qspi_read
                0x0800a114       0x9a zephyr/drivers/flash/libdrivers__flash.a(flash_stm32_qspi.c.obj)
 .text.qspi_read_status_register
                0x0800a1ae       0x3a zephyr/drivers/flash/libdrivers__flash.a(flash_stm32_qspi.c.obj)
 .text.qspi_wait_until_ready
                0x0800a1e8       0x1c zephyr/drivers/flash/libdrivers__flash.a(flash_stm32_qspi.c.obj)
 .text.HAL_QSPI_ErrorCallback
                0x0800a204        0xc zephyr/drivers/flash/libdrivers__flash.a(flash_stm32_qspi.c.obj)
                0x0800a204                HAL_QSPI_ErrorCallback
 .text.HAL_QSPI_CmdCpltCallback
                0x0800a210        0x6 zephyr/drivers/flash/libdrivers__flash.a(flash_stm32_qspi.c.obj)
                0x0800a210                HAL_QSPI_CmdCpltCallback
 .text.HAL_QSPI_RxCpltCallback
                0x0800a216        0x6 zephyr/drivers/flash/libdrivers__flash.a(flash_stm32_qspi.c.obj)
                0x0800a216                HAL_QSPI_RxCpltCallback
 .text.HAL_QSPI_TxCpltCallback
                0x0800a21c        0x6 zephyr/drivers/flash/libdrivers__flash.a(flash_stm32_qspi.c.obj)
                0x0800a21c                HAL_QSPI_TxCpltCallback
 .text.HAL_QSPI_StatusMatchCallback
                0x0800a222        0x6 zephyr/drivers/flash/libdrivers__flash.a(flash_stm32_qspi.c.obj)
                0x0800a222                HAL_QSPI_StatusMatchCallback
 .text.HAL_QSPI_TimeOutCallback
                0x0800a228        0x4 zephyr/drivers/flash/libdrivers__flash.a(flash_stm32_qspi.c.obj)
                0x0800a228                HAL_QSPI_TimeOutCallback
 .text.stm32h7_flash_init
                0x0800a22c       0x12 zephyr/drivers/flash/libdrivers__flash.a(flash_stm32h7x.c.obj)
 .text._flash_stm32_sem_take.isra.0
                0x0800a23e        0xe zephyr/drivers/flash/libdrivers__flash.a(flash_stm32h7x.c.obj)
 .text.flash_stm32_range_exists
                0x0800a24c       0x2a zephyr/drivers/flash/libdrivers__flash.a(flash_stm32h7x.c.obj)
 .text.flash_stm32_valid_range
                0x0800a276        0xe zephyr/drivers/flash/libdrivers__flash.a(flash_stm32h7x.c.obj)
                0x0800a276                flash_stm32_valid_range
 .text.flash_stm32_write_range
                0x0800a284       0x64 zephyr/drivers/flash/libdrivers__flash.a(flash_stm32h7x.c.obj)
                0x0800a284                flash_stm32_write_range
 .text.flash_stm32h7_write
                0x0800a2e8       0x6c zephyr/drivers/flash/libdrivers__flash.a(flash_stm32h7x.c.obj)
 .text.gpio_stm32_port_get_raw
                0x0800a354        0xc zephyr/drivers/gpio/libdrivers__gpio.a(gpio_stm32.c.obj)
 .text.gpio_stm32_port_set_masked_raw
                0x0800a360       0x12 zephyr/drivers/gpio/libdrivers__gpio.a(gpio_stm32.c.obj)
 .text.gpio_stm32_port_set_bits_raw
                0x0800a372        0xa zephyr/drivers/gpio/libdrivers__gpio.a(gpio_stm32.c.obj)
 .text.gpio_stm32_port_clear_bits_raw
                0x0800a37c        0xc zephyr/drivers/gpio/libdrivers__gpio.a(gpio_stm32.c.obj)
 .text.gpio_stm32_port_toggle_bits
                0x0800a388        0xe zephyr/drivers/gpio/libdrivers__gpio.a(gpio_stm32.c.obj)
 .text.gpio_stm32_manage_callback
                0x0800a396       0x54 zephyr/drivers/gpio/libdrivers__gpio.a(gpio_stm32.c.obj)
 .text.gpio_stm32_config
                0x0800a3ea       0xd6 zephyr/drivers/gpio/libdrivers__gpio.a(gpio_stm32.c.obj)
 .text.gpio_stm32_isr
                0x0800a4c0       0x2c zephyr/drivers/gpio/libdrivers__gpio.a(gpio_stm32.c.obj)
 .text.pin_cmp  0x0800a4ec       0x26 zephyr/drivers/gpio/libdrivers__gpio.a(gpio_shell.c.obj)
 .text.pin_get_next
                0x0800a512       0x32 zephyr/drivers/gpio/libdrivers__gpio.a(gpio_shell.c.obj)
 .text.pinctrl_lookup_state
                0x0800a544       0x24 zephyr/drivers/pinctrl/libdrivers__pinctrl.a(common.c.obj)
                0x0800a544                pinctrl_lookup_state
 .text.pinctrl_configure_pins
                0x0800a568       0x82 zephyr/drivers/pinctrl/libdrivers__pinctrl.a(pinctrl_stm32.c.obj)
                0x0800a568                pinctrl_configure_pins
 .text.reset_stm32_status
                0x0800a5ea       0x20 zephyr/drivers/reset/libdrivers__reset.a(reset_stm32.c.obj)
 .text.reset_stm32_line_assert
                0x0800a60a       0x1c zephyr/drivers/reset/libdrivers__reset.a(reset_stm32.c.obj)
 .text.reset_stm32_line_deassert
                0x0800a626       0x1e zephyr/drivers/reset/libdrivers__reset.a(reset_stm32.c.obj)
 .text.reset_stm32_line_toggle
                0x0800a644       0x16 zephyr/drivers/reset/libdrivers__reset.a(reset_stm32.c.obj)
 .text.uart_stm32_ll2cfg_databits
                0x0800a65a       0x2a zephyr/drivers/serial/libdrivers__serial.a(uart_stm32.c.obj)
 .text.uart_stm32_err_check
                0x0800a684       0x5a zephyr/drivers/serial/libdrivers__serial.a(uart_stm32.c.obj)
 .text.uart_stm32_irq_tx_enable
                0x0800a6de       0x16 zephyr/drivers/serial/libdrivers__serial.a(uart_stm32.c.obj)
 .text.uart_stm32_irq_tx_disable
                0x0800a6f4       0x16 zephyr/drivers/serial/libdrivers__serial.a(uart_stm32.c.obj)
 .text.uart_stm32_irq_rx_enable
                0x0800a70a       0x16 zephyr/drivers/serial/libdrivers__serial.a(uart_stm32.c.obj)
 .text.uart_stm32_irq_rx_disable
                0x0800a720       0x16 zephyr/drivers/serial/libdrivers__serial.a(uart_stm32.c.obj)
 .text.uart_stm32_irq_rx_ready
                0x0800a736        0xc zephyr/drivers/serial/libdrivers__serial.a(uart_stm32.c.obj)
 .text.uart_stm32_irq_update
                0x0800a742        0x4 zephyr/drivers/serial/libdrivers__serial.a(uart_stm32.c.obj)
 .text.uart_stm32_irq_callback_set
                0x0800a746        0x8 zephyr/drivers/serial/libdrivers__serial.a(uart_stm32.c.obj)
 .text.uart_stm32_isr
                0x0800a74e        0xc zephyr/drivers/serial/libdrivers__serial.a(uart_stm32.c.obj)
 .text.uart_stm32_irq_config_func_0
                0x0800a75a       0x16 zephyr/drivers/serial/libdrivers__serial.a(uart_stm32.c.obj)
 .text.uart_stm32_set_baudrate.isra.0
                0x0800a770       0x48 zephyr/drivers/serial/libdrivers__serial.a(uart_stm32.c.obj)
 .text.uart_stm32_irq_tx_complete
                0x0800a7b8        0xc zephyr/drivers/serial/libdrivers__serial.a(uart_stm32.c.obj)
 .text.uart_stm32_irq_tx_ready
                0x0800a7c4       0x14 zephyr/drivers/serial/libdrivers__serial.a(uart_stm32.c.obj)
 .text.uart_stm32_config_get
                0x0800a7d8       0x92 zephyr/drivers/serial/libdrivers__serial.a(uart_stm32.c.obj)
 .text.uart_stm32_fifo_fill
                0x0800a86a       0x58 zephyr/drivers/serial/libdrivers__serial.a(uart_stm32.c.obj)
 .text.uart_stm32_poll_out
                0x0800a8c2       0x36 zephyr/drivers/serial/libdrivers__serial.a(uart_stm32.c.obj)
 .text.uart_stm32_irq_is_pending
                0x0800a8f8       0x24 zephyr/drivers/serial/libdrivers__serial.a(uart_stm32.c.obj)
 .text.uart_stm32_fifo_read
                0x0800a91c       0x42 zephyr/drivers/serial/libdrivers__serial.a(uart_stm32.c.obj)
 .text.uart_stm32_poll_in
                0x0800a95e       0x22 zephyr/drivers/serial/libdrivers__serial.a(uart_stm32.c.obj)
 .text.HAL_MDMA_Abort_IT
                0x0800a980       0x26 modules/hal_stm32/stm32cube/lib..__modules__hal__stm32__stm32cube.a(stm32h7xx_hal_mdma.c.obj)
                0x0800a980                HAL_MDMA_Abort_IT
 .text.QSPI_Config
                0x0800a9a6      0x1a8 modules/hal_stm32/stm32cube/lib..__modules__hal__stm32__stm32cube.a(stm32h7xx_hal_qspi.c.obj)
 .text.QSPI_WaitFlagStateUntilTimeout
                0x0800ab4e       0x50 modules/hal_stm32/stm32cube/lib..__modules__hal__stm32__stm32cube.a(stm32h7xx_hal_qspi.c.obj)
 .text.HAL_QSPI_MspInit
                0x0800ab9e        0x2 modules/hal_stm32/stm32cube/lib..__modules__hal__stm32__stm32cube.a(stm32h7xx_hal_qspi.c.obj)
                0x0800ab9e                HAL_QSPI_MspInit
 .text.HAL_QSPI_Command
                0x0800aba0       0x8a modules/hal_stm32/stm32cube/lib..__modules__hal__stm32__stm32cube.a(stm32h7xx_hal_qspi.c.obj)
                0x0800aba0                HAL_QSPI_Command
 .text.HAL_QSPI_Command_IT
                0x0800ac2a       0x86 modules/hal_stm32/stm32cube/lib..__modules__hal__stm32__stm32cube.a(stm32h7xx_hal_qspi.c.obj)
                0x0800ac2a                HAL_QSPI_Command_IT
 .text.HAL_QSPI_Receive
                0x0800acb0       0xca modules/hal_stm32/stm32cube/lib..__modules__hal__stm32__stm32cube.a(stm32h7xx_hal_qspi.c.obj)
                0x0800acb0                HAL_QSPI_Receive
 .text.HAL_QSPI_Transmit_IT
                0x0800ad7a       0x70 modules/hal_stm32/stm32cube/lib..__modules__hal__stm32__stm32cube.a(stm32h7xx_hal_qspi.c.obj)
                0x0800ad7a                HAL_QSPI_Transmit_IT
 .text.HAL_QSPI_Receive_IT
                0x0800adea       0x7a modules/hal_stm32/stm32cube/lib..__modules__hal__stm32__stm32cube.a(stm32h7xx_hal_qspi.c.obj)
                0x0800adea                HAL_QSPI_Receive_IT
 .text.QSPI_DMAAbortCplt
                0x0800ae64       0x3a modules/hal_stm32/stm32cube/lib..__modules__hal__stm32__stm32cube.a(stm32h7xx_hal_qspi.c.obj)
 .text.HAL_QSPI_AbortCpltCallback
                0x0800ae9e        0x2 modules/hal_stm32/stm32cube/lib..__modules__hal__stm32__stm32cube.a(stm32h7xx_hal_qspi.c.obj)
                0x0800ae9e                HAL_QSPI_AbortCpltCallback
 .text.HAL_QSPI_FifoThresholdCallback
                0x0800aea0        0x2 modules/hal_stm32/stm32cube/lib..__modules__hal__stm32__stm32cube.a(stm32h7xx_hal_qspi.c.obj)
                0x0800aea0                HAL_QSPI_FifoThresholdCallback
 .text.HAL_QSPI_SetFlashID
                0x0800aea2       0x38 modules/hal_stm32/stm32cube/lib..__modules__hal__stm32__stm32cube.a(stm32h7xx_hal_qspi.c.obj)
                0x0800aea2                HAL_QSPI_SetFlashID
 .text.z_impl_k_busy_wait
                0x0800aeda       0x1e zephyr/kernel/libkernel.a(busy_wait.c.obj)
                0x0800aeda                z_impl_k_busy_wait
 .text.do_device_init
                0x0800aef8       0x30 zephyr/kernel/libkernel.a(device.c.obj)
                0x0800aef8                do_device_init
 .text.z_impl_device_init
                0x0800af28       0x12 zephyr/kernel/libkernel.a(device.c.obj)
                0x0800af28                z_impl_device_init
 .text.z_impl_device_is_ready
                0x0800af3a       0x16 zephyr/kernel/libkernel.a(device.c.obj)
                0x0800af3a                z_impl_device_is_ready
 .text.arch_system_halt
                0x0800af50       0x10 zephyr/kernel/libkernel.a(fatal.c.obj)
                0x0800af50                arch_system_halt
 .text.k_sys_fatal_error_handler
                0x0800af60        0x6 zephyr/kernel/libkernel.a(fatal.c.obj)
                0x0800af60                k_sys_fatal_error_handler
 .text.z_heap_alloc_helper
                0x0800af66       0x84 zephyr/kernel/libkernel.a(kheap.c.obj)
 .text.k_heap_init
                0x0800afea       0x14 zephyr/kernel/libkernel.a(kheap.c.obj)
                0x0800afea                k_heap_init
 .text.k_heap_free
                0x0800affe       0x38 zephyr/kernel/libkernel.a(kheap.c.obj)
                0x0800affe                k_heap_free
 .text.idle     0x0800b036       0x16 zephyr/kernel/libkernel.a(idle.c.obj)
                0x0800b036                idle
 .text.z_impl_k_sem_init
                0x0800b04c       0x18 zephyr/kernel/libkernel.a(sem.c.obj)
                0x0800b04c                z_impl_k_sem_init
 .text.k_is_in_isr
                0x0800b064        0xc zephyr/kernel/libkernel.a(thread.c.obj)
                0x0800b064                k_is_in_isr
 .text.k_thread_name_get
                0x0800b070        0x4 zephyr/kernel/libkernel.a(thread.c.obj)
                0x0800b070                k_thread_name_get
 .text.z_stack_space_get
                0x0800b074       0x18 zephyr/kernel/libkernel.a(thread.c.obj)
                0x0800b074                z_stack_space_get
 .text.z_impl_k_thread_stack_space_get
                0x0800b08c       0x10 zephyr/kernel/libkernel.a(thread.c.obj)
                0x0800b08c                z_impl_k_thread_stack_space_get
 .text.sys_dlist_remove
                0x0800b09c       0x10 zephyr/kernel/libkernel.a(sched.c.obj)
 .text.unpend_thread_no_timeout
                0x0800b0ac       0x14 zephyr/kernel/libkernel.a(sched.c.obj)
 .text.add_to_waitq_locked
                0x0800b0c0       0x4c zephyr/kernel/libkernel.a(sched.c.obj)
 .text.z_ready_thread
                0x0800b10c       0x1e zephyr/kernel/libkernel.a(sched.c.obj)
                0x0800b10c                z_ready_thread
 .text.z_impl_k_thread_resume
                0x0800b12a       0x34 zephyr/kernel/libkernel.a(sched.c.obj)
                0x0800b12a                z_impl_k_thread_resume
 .text.z_sched_wake_thread_locked
                0x0800b15e       0x28 zephyr/kernel/libkernel.a(sched.c.obj)
                0x0800b15e                z_sched_wake_thread_locked
 .text.z_thread_timeout
                0x0800b186       0x20 zephyr/kernel/libkernel.a(sched.c.obj)
                0x0800b186                z_thread_timeout
 .text.z_unpend1_no_timeout
                0x0800b1a6       0x2c zephyr/kernel/libkernel.a(sched.c.obj)
                0x0800b1a6                z_unpend1_no_timeout
 .text.z_reschedule
                0x0800b1d2        0x6 zephyr/kernel/libkernel.a(sched.c.obj)
                0x0800b1d2                z_reschedule
 .text.z_unpend_all_locked
                0x0800b1d8       0x2e zephyr/kernel/libkernel.a(sched.c.obj)
                0x0800b1d8                z_unpend_all_locked
 .text.z_unpend_all
                0x0800b206       0x1e zephyr/kernel/libkernel.a(sched.c.obj)
                0x0800b206                z_unpend_all
 .text.z_impl_k_sleep
                0x0800b224       0x32 zephyr/kernel/libkernel.a(sched.c.obj)
                0x0800b224                z_impl_k_sleep
 .text.z_impl_k_wakeup
                0x0800b256       0x40 zephyr/kernel/libkernel.a(sched.c.obj)
                0x0800b256                z_impl_k_wakeup
 .text.z_sched_waitq_walk
                0x0800b296       0x68 zephyr/kernel/libkernel.a(sched.c.obj)
                0x0800b296                z_sched_waitq_walk
 .text.next_timeout
                0x0800b2fe       0x2e zephyr/kernel/libkernel.a(timeout.c.obj)
 .text.z_abort_timeout
                0x0800b32c       0x6a zephyr/kernel/libkernel.a(timeout.c.obj)
                0x0800b32c                z_abort_timeout
 .text.sys_clock_tick_get_32
                0x0800b396        0x8 zephyr/kernel/libkernel.a(timeout.c.obj)
                0x0800b396                sys_clock_tick_get_32
 .text.z_impl_k_uptime_ticks
                0x0800b39e        0x4 zephyr/kernel/libkernel.a(timeout.c.obj)
                0x0800b39e                z_impl_k_uptime_ticks
 .text.sys_timepoint_calc
                0x0800b3a2       0x4a zephyr/kernel/libkernel.a(timeout.c.obj)
                0x0800b3a2                sys_timepoint_calc
 .text.sys_timepoint_timeout
                0x0800b3ec       0x42 zephyr/kernel/libkernel.a(timeout.c.obj)
                0x0800b3ec                sys_timepoint_timeout
 .text.k_event_wait_internal
                0x0800b42e       0x86 zephyr/kernel/libkernel.a(events.c.obj)
 .text.event_walk_op
                0x0800b4b4       0x3e zephyr/kernel/libkernel.a(events.c.obj)
 .text.z_impl_k_event_init
                0x0800b4f2        0xc zephyr/kernel/libkernel.a(events.c.obj)
                0x0800b4f2                z_impl_k_event_init
 .text.z_impl_k_event_post
                0x0800b4fe        0x6 zephyr/kernel/libkernel.a(events.c.obj)
                0x0800b4fe                z_impl_k_event_post
 .text.z_impl_k_event_clear
                0x0800b504        0x8 zephyr/kernel/libkernel.a(events.c.obj)
                0x0800b504                z_impl_k_event_clear
 .text.z_impl_k_event_wait
                0x0800b50c        0x6 zephyr/kernel/libkernel.a(events.c.obj)
                0x0800b50c                z_impl_k_event_wait
 .text.memcpy   0x0800b512       0x1c /home/adamhage/zephyr-sdk-1.0.1/gnu/arm-zephyr-eabi/bin/../lib/gcc/arm-zephyr-eabi/14.3.0/../../../../arm-zephyr-eabi/lib/thumb/v7e-m/nofp/space/libc.a(memcpy.c.o)
                0x0800b512                memcpy
                0x0800b512                __aeabi_memcpy
                0x0800b512                __aeabi_memcpy4
                0x0800b512                __aeabi_memcpy8
 .text.memmove  0x0800b52e       0x32 /home/adamhage/zephyr-sdk-1.0.1/gnu/arm-zephyr-eabi/bin/../lib/gcc/arm-zephyr-eabi/14.3.0/../../../../arm-zephyr-eabi/lib/thumb/v7e-m/nofp/space/libc.a(memmove.c.o)
                0x0800b52e                memmove
                0x0800b52e                __aeabi_memmove8
                0x0800b52e                __aeabi_memmove
                0x0800b52e                __aeabi_memmove4
 .text.memset   0x0800b560       0x10 /home/adamhage/zephyr-sdk-1.0.1/gnu/arm-zephyr-eabi/bin/../lib/gcc/arm-zephyr-eabi/14.3.0/../../../../arm-zephyr-eabi/lib/thumb/v7e-m/nofp/space/libc.a(memset.c.o)
                0x0800b560                memset
 .text.memcmp   0x0800b570       0x20 /home/adamhage/zephyr-sdk-1.0.1/gnu/arm-zephyr-eabi/bin/../lib/gcc/arm-zephyr-eabi/14.3.0/../../../../arm-zephyr-eabi/lib/thumb/v7e-m/nofp/space/libc.a(libc_string_memcmp.c.o)
                0x0800b570                memcmp
 .text.strchr   0x0800b590       0x1a /home/adamhage/zephyr-sdk-1.0.1/gnu/arm-zephyr-eabi/bin/../lib/gcc/arm-zephyr-eabi/14.3.0/../../../../arm-zephyr-eabi/lib/thumb/v7e-m/nofp/space/libc.a(libc_string_strchr.c.o)
                0x0800b590                strchr
 .text.strncmp  0x0800b5aa       0x24 /home/adamhage/zephyr-sdk-1.0.1/gnu/arm-zephyr-eabi/bin/../lib/gcc/arm-zephyr-eabi/14.3.0/../../../../arm-zephyr-eabi/lib/thumb/v7e-m/nofp/space/libc.a(libc_string_strncmp.c.o)
                0x0800b5aa                strncmp
 .text.strncpy  0x0800b5ce       0x26 /home/adamhage/zephyr-sdk-1.0.1/gnu/arm-zephyr-eabi/bin/../lib/gcc/arm-zephyr-eabi/14.3.0/../../../../arm-zephyr-eabi/lib/thumb/v7e-m/nofp/space/libc.a(libc_string_strncpy.c.o)
                0x0800b5ce                strncpy
 .text.strnlen  0x0800b5f4       0x18 /home/adamhage/zephyr-sdk-1.0.1/gnu/arm-zephyr-eabi/bin/../lib/gcc/arm-zephyr-eabi/14.3.0/../../../../arm-zephyr-eabi/lib/thumb/v7e-m/nofp/space/libc.a(libc_string_strnlen.c.o)
                0x0800b5f4                strnlen
 .text.strstr   0x0800b60c       0x2c /home/adamhage/zephyr-sdk-1.0.1/gnu/arm-zephyr-eabi/bin/../lib/gcc/arm-zephyr-eabi/14.3.0/../../../../arm-zephyr-eabi/lib/thumb/v7e-m/nofp/space/libc.a(libc_string_strstr.c.o)
                0x0800b60c                strstr
 .text.__ultoa_invert
                0x0800b638       0xae /home/adamhage/zephyr-sdk-1.0.1/gnu/arm-zephyr-eabi/bin/../lib/gcc/arm-zephyr-eabi/14.3.0/../../../../arm-zephyr-eabi/lib/thumb/v7e-m/nofp/space/libc.a(libc_tinystdio_vflprintf.c.o)
 .text.__file_str_put
                0x0800b6e6       0x10 /home/adamhage/zephyr-sdk-1.0.1/gnu/arm-zephyr-eabi/bin/../lib/gcc/arm-zephyr-eabi/14.3.0/../../../../arm-zephyr-eabi/lib/thumb/v7e-m/nofp/space/libc.a(libc_tinystdio_filestrput.c.o)
                0x0800b6e6                __file_str_put
 *(SORT_BY_ALIGNMENT(.gnu.linkonce.t.*))
 *(SORT_BY_ALIGNMENT(.glue_7t))
 .glue_7t       0x0800b6f6        0x0 linker stubs
 *(SORT_BY_ALIGNMENT(.glue_7))
 .glue_7        0x0800b6f6        0x0 linker stubs
 *(SORT_BY_ALIGNMENT(.vfp11_veneer))
 .vfp11_veneer  0x0800b6f6        0x0 linker stubs
 *(SORT_BY_ALIGNMENT(.v4_bx))
 .v4_bx         0x0800b6f6        0x0 linker stubs
                0x0800b6f8                        . = ALIGN (0x4)
 *fill*         0x0800b6f6        0x2 
                0x0800b6f8                        __text_region_end = .

.ARM.extab
 *(SORT_BY_ALIGNMENT(.ARM.extab*) SORT_BY_ALIGNMENT(.gnu.linkonce.armextab.*))

.ARM.exidx      0x0800b6f8        0x8
                0x0800b6f8                        __exidx_start = .
 *(SORT_BY_ALIGNMENT(.ARM.exidx*) SORT_BY_ALIGNMENT(gnu.linkonce.armexidx.*))
 .ARM.exidx     0x0800b6f8        0x8 /home/adamhage/zephyr-sdk-1.0.1/gnu/arm-zephyr-eabi/bin/../lib/gcc/arm-zephyr-eabi/14.3.0/thumb/v7e-m/nofp/space/libgcc.a(_udivmoddi4.o)
                0x0800b700                        __exidx_end = .
                0x0800b700                        __rodata_region_start = .

initlevel       0x0800b700       0xb8
                0x0800b700                        __init_start = .
                0x0800b700                        __init_EARLY_start = .
 *(SORT_BY_NAME(SORT_BY_ALIGNMENT(.z_init_EARLY_P_?_*)))
 *(SORT_BY_NAME(SORT_BY_ALIGNMENT(.z_init_EARLY_P_??_*)))
 *(SORT_BY_NAME(SORT_BY_ALIGNMENT(.z_init_EARLY_P_???_*)))
                0x0800b700                        __init_PRE_KERNEL_1_start = .
 *(SORT_BY_NAME(SORT_BY_ALIGNMENT(.z_init_PRE_KERNEL_1_P_?_*)))
 .z_init_PRE_KERNEL_1_P_1_SUB_00008_
                0x0800b700        0x8 zephyr/drivers/clock_control/libdrivers__clock_control.a(clock_stm32_ll_h7.c.obj)
 .z_init_PRE_KERNEL_1_P_1_SUB_0_
                0x0800b708        0x8 zephyr/libzephyr.a(soc_config.c.obj)
 *(SORT_BY_NAME(SORT_BY_ALIGNMENT(.z_init_PRE_KERNEL_1_P_??_*)))
 .z_init_PRE_KERNEL_1_P_30_SUB_0_
                0x0800b710        0x8 zephyr/kernel/libkernel.a(kheap.c.obj)
 .z_init_PRE_KERNEL_1_P_35_SUB_00056_
                0x0800b718        0x8 zephyr/drivers/reset/libdrivers__reset.a(reset_stm32.c.obj)
 .z_init_PRE_KERNEL_1_P_40_SUB_00068_
                0x0800b720        0x8 zephyr/drivers/interrupt_controller/libdrivers__interrupt_controller.a(intc_exti_stm32.c.obj)
 .z_init_PRE_KERNEL_1_P_40_SUB_00107_
                0x0800b728        0x8 zephyr/libzephyr.a(gpioport_mgr.c.obj)
 .z_init_PRE_KERNEL_1_P_40_SUB_00108_
                0x0800b730        0x8 zephyr/libzephyr.a(gpioport_mgr.c.obj)
 .z_init_PRE_KERNEL_1_P_40_SUB_00109_
                0x0800b738        0x8 zephyr/libzephyr.a(gpioport_mgr.c.obj)
 .z_init_PRE_KERNEL_1_P_40_SUB_00110_
                0x0800b740        0x8 zephyr/libzephyr.a(gpioport_mgr.c.obj)
 .z_init_PRE_KERNEL_1_P_40_SUB_00111_
                0x0800b748        0x8 zephyr/libzephyr.a(gpioport_mgr.c.obj)
 .z_init_PRE_KERNEL_1_P_40_SUB_00112_
                0x0800b750        0x8 zephyr/libzephyr.a(gpioport_mgr.c.obj)
 .z_init_PRE_KERNEL_1_P_40_SUB_00113_
                0x0800b758        0x8 zephyr/libzephyr.a(gpioport_mgr.c.obj)
 .z_init_PRE_KERNEL_1_P_40_SUB_00114_
                0x0800b760        0x8 zephyr/libzephyr.a(gpioport_mgr.c.obj)
 .z_init_PRE_KERNEL_1_P_40_SUB_00115_
                0x0800b768        0x8 zephyr/libzephyr.a(gpioport_mgr.c.obj)
 .z_init_PRE_KERNEL_1_P_40_SUB_00116_
                0x0800b770        0x8 zephyr/libzephyr.a(gpioport_mgr.c.obj)
 .z_init_PRE_KERNEL_1_P_40_SUB_00117_
                0x0800b778        0x8 zephyr/libzephyr.a(gpioport_mgr.c.obj)
 .z_init_PRE_KERNEL_1_P_40_SUB_0_
                0x0800b780        0x8 zephyr/drivers/interrupt_controller/libdrivers__interrupt_controller.a(intc_gpio_stm32.c.obj)
 .z_init_PRE_KERNEL_1_P_50_SUB_00085_
                0x0800b788        0x8 zephyr/drivers/serial/libdrivers__serial.a(uart_stm32.c.obj)
 *(SORT_BY_NAME(SORT_BY_ALIGNMENT(.z_init_PRE_KERNEL_1_P_???_*)))
                0x0800b790                        __init_PRE_KERNEL_2_start = .
 *(SORT_BY_NAME(SORT_BY_ALIGNMENT(.z_init_PRE_KERNEL_2_P_?_*)))
 .z_init_PRE_KERNEL_2_P_0_SUB_0_
                0x0800b790        0x8 zephyr/drivers/timer/libdrivers__timer.a(cortex_m_systick.c.obj)
 *(SORT_BY_NAME(SORT_BY_ALIGNMENT(.z_init_PRE_KERNEL_2_P_??_*)))
 *(SORT_BY_NAME(SORT_BY_ALIGNMENT(.z_init_PRE_KERNEL_2_P_???_*)))
                0x0800b798                        __init_POST_KERNEL_start = .
 *(SORT_BY_NAME(SORT_BY_ALIGNMENT(.z_init_POST_KERNEL_P_?_*)))
 *(SORT_BY_NAME(SORT_BY_ALIGNMENT(.z_init_POST_KERNEL_P_??_*)))
 .z_init_POST_KERNEL_P_35_SUB_0_
                0x0800b798        0x8 zephyr/lib/libc/common/liblib__libc__common.a(malloc.c.obj)
 .z_init_POST_KERNEL_P_50_SUB_00010_
                0x0800b7a0        0x8 zephyr/drivers/flash/libdrivers__flash.a(flash_stm32h7x.c.obj)
 .z_init_POST_KERNEL_P_50_SUB_00127_
                0x0800b7a8        0x8 zephyr/drivers/flash/libdrivers__flash.a(flash_stm32_qspi.c.obj)
 .z_init_POST_KERNEL_P_90_SUB_0_
                0x0800b7b0        0x8 zephyr/libzephyr.a(shell_uart.c.obj)
 *(SORT_BY_NAME(SORT_BY_ALIGNMENT(.z_init_POST_KERNEL_P_???_*)))
                0x0800b7b8                        __init_APPLICATION_start = .
 *(SORT_BY_NAME(SORT_BY_ALIGNMENT(.z_init_APPLICATION_P_?_*)))
 *(SORT_BY_NAME(SORT_BY_ALIGNMENT(.z_init_APPLICATION_P_??_*)))
 *(SORT_BY_NAME(SORT_BY_ALIGNMENT(.z_init_APPLICATION_P_???_*)))
                0x0800b7b8                        __init_SMP_start = .
 *(SORT_BY_NAME(SORT_BY_ALIGNMENT(.z_init_SMP_P_?_*)))
 *(SORT_BY_NAME(SORT_BY_ALIGNMENT(.z_init_SMP_P_??_*)))
 *(SORT_BY_NAME(SORT_BY_ALIGNMENT(.z_init_SMP_P_???_*)))
                0x0800b7b8                        __init_end = .

device_area     0x0800b7b8      0x220
                0x0800b7b8                        _device_list_start = .
 *(SORT_BY_NAME(SORT_BY_ALIGNMENT(._device.static.*_?_*)))
 ._device.static.1_1_
                0x0800b7b8       0x20 zephyr/drivers/clock_control/libdrivers__clock_control.a(clock_stm32_ll_h7.c.obj)
                0x0800b7b8                __device_dts_ord_8
 *(SORT_BY_NAME(SORT_BY_ALIGNMENT(._device.static.*_??_*)))
 ._device.static.1_35_
                0x0800b7d8       0x20 zephyr/drivers/reset/libdrivers__reset.a(reset_stm32.c.obj)
                0x0800b7d8                __device_dts_ord_56
 ._device.static.1_40_
                0x0800b7f8      0x160 zephyr/libzephyr.a(gpioport_mgr.c.obj)
                0x0800b7f8                __device_dts_ord_117
                0x0800b818                __device_dts_ord_116
                0x0800b838                __device_dts_ord_115
                0x0800b858                __device_dts_ord_114
                0x0800b878                __device_dts_ord_113
                0x0800b898                __device_dts_ord_112
                0x0800b8b8                __device_dts_ord_111
                0x0800b8d8                __device_dts_ord_110
                0x0800b8f8                __device_dts_ord_109