Archive member included to satisfy reference by file (symbol)

app/libapp.a(main.cpp.obj)    (--whole-archive)
zephyr/libzephyr.a(validate_libc.c.obj)
                              (--whole-archive)
zephyr/libzephyr.a(cpp_dtors.c.obj)
                              (--whole-archive)
zephyr/libzephyr.a(heap.c.obj)
                              (--whole-archive)
zephyr/libzephyr.a(cbprintf_packaged.c.obj)
                              (--whole-archive)
zephyr/libzephyr.a(clock.c.obj)
                              (--whole-archive)
zephyr/libzephyr.a(printk.c.obj)
                              (--whole-archive)
zephyr/libzephyr.a(cbprintf_complete.c.obj)
                              (--whole-archive)
zephyr/libzephyr.a(assert.c.obj)
                              (--whole-archive)
zephyr/libzephyr.a(dec.c.obj)
                              (--whole-archive)
zephyr/libzephyr.a(hex.c.obj)
                              (--whole-archive)
zephyr/libzephyr.a(rb.c.obj)  (--whole-archive)
zephyr/libzephyr.a(set.c.obj)
                              (--whole-archive)
zephyr/libzephyr.a(timeutil.c.obj)
                              (--whole-archive)
zephyr/libzephyr.a(bitarray.c.obj)
                              (--whole-archive)
zephyr/libzephyr.a(bitmask.c.obj)
                              (--whole-archive)
zephyr/libzephyr.a(getopt.c.obj)
                              (--whole-archive)
zephyr/libzephyr.a(getopt_common.c.obj)
                              (--whole-archive)
zephyr/libzephyr.a(ring_buffer.c.obj)
                              (--whole-archive)
zephyr/libzephyr.a(last_section_id.c.obj)
                              (--whole-archive)
zephyr/libzephyr.a(configs.c.obj)
                              (--whole-archive)
zephyr/libzephyr.a(stm32cube_hal.c.obj)
                              (--whole-archive)
zephyr/libzephyr.a(soc_config.c.obj)
                              (--whole-archive)
zephyr/libzephyr.a(gpioport_mgr.c.obj)
                              (--whole-archive)
zephyr/libzephyr.a(stm32_cache.c.obj)
                              (--whole-archive)
zephyr/libzephyr.a(stm32_backup_domain.c.obj)
                              (--whole-archive)
zephyr/libzephyr.a(soc_m7.c.obj)
                              (--whole-archive)
zephyr/libzephyr.a(mpu_regions.c.obj)
                              (--whole-archive)
zephyr/libzephyr.a(tracing_none.c.obj)
                              (--whole-archive)
zephyr/libzephyr.a(kernel_shell.c.obj)
                              (--whole-archive)
zephyr/libzephyr.a(cycles.c.obj)
                              (--whole-archive)
zephyr/libzephyr.a(sleep.c.obj)
                              (--whole-archive)
zephyr/libzephyr.a(uptime.c.obj)
                              (--whole-archive)
zephyr/libzephyr.a(version.c.obj)
                              (--whole-archive)
zephyr/libzephyr.a(thread.c.obj)
                              (--whole-archive)
zephyr/libzephyr.a(list.c.obj)
                              (--whole-archive)
zephyr/libzephyr.a(stacks.c.obj)
                              (--whole-archive)
zephyr/libzephyr.a(suspend.c.obj)
                              (--whole-archive)
zephyr/libzephyr.a(resume.c.obj)
                              (--whole-archive)
zephyr/libzephyr.a(kill.c.obj)
                              (--whole-archive)
zephyr/libzephyr.a(device_service.c.obj)
                              (--whole-archive)
zephyr/libzephyr.a(date_service.c.obj)
                              (--whole-archive)
zephyr/libzephyr.a(devmem_service.c.obj)
                              (--whole-archive)
zephyr/libzephyr.a(shell_uart.c.obj)
                              (--whole-archive)
zephyr/libzephyr.a(shell.c.obj)
                              (--whole-archive)
zephyr/libzephyr.a(shell_fprintf.c.obj)
                              (--whole-archive)
zephyr/libzephyr.a(shell_utils.c.obj)
                              (--whole-archive)
zephyr/libzephyr.a(shell_ops.c.obj)
                              (--whole-archive)
zephyr/libzephyr.a(shell_help.c.obj)
                              (--whole-archive)
zephyr/libzephyr.a(shell_cmds.c.obj)
                              (--whole-archive)
zephyr/libzephyr.a(shell_history.c.obj)
                              (--whole-archive)
zephyr/libzephyr.a(shell_wildcard.c.obj)
                              (--whole-archive)
zephyr/libzephyr.a(sem.c.obj)
                              (--whole-archive)
zephyr/libzephyr.a(thread_entry.c.obj)
                              (--whole-archive)
zephyr/arch/common/libarch__common.a(sw_isr_common.c.obj)
                              (--whole-archive)
zephyr/arch/common/libarch__common.a(init.c.obj)
                              (--whole-archive)
zephyr/arch/common/libarch__common.a(xip.c.obj)
                              (--whole-archive)
zephyr/arch/arch/arm/core/libarch__arm__core.a(fatal.c.obj)
                              (--whole-archive)
zephyr/arch/arch/arm/core/libarch__arm__core.a(nmi.c.obj)
[...]
Memory Configuration

Name             Origin             Length             Attributes
FLASH            0x08000000         0x00200000         xr
RAM              0x24000000         0x00080000         xw
ITCM             0x00000000         0x00010000         rw
DTCM             0x20000000         0x00020000         rw
EXTMEM           0x90000000         0x10000000         rw
SRAM0            0x24000000         0x00080000         rw
SRAM1            0x30000000         0x00020000         rw
SRAM2            0x30020000         0x00020000         rw
SRAM4            0x38000000         0x00010000         rw
SRAM3            0x30040000         0x00008000         rw
IDT_LIST         0xffff7fff         0x00008000         xw
*default*        0x00000000         0xffffffff

Linker script and memory map

                0x08006498                        vfprintf = __l_vfprintf
                0x00000000                        vfscanf = __l_vfscanf
LOAD zephyr/CMakeFiles/zephyr_final.dir/misc/empty_file.c.obj
LOAD zephyr/CMakeFiles/zephyr_final.dir/isr_tables.c.obj
LOAD zephyr/CMakeFiles/offsets.dir/./arch/arm/core/offsets/offsets.c.obj
LOAD app/libapp.a
LOAD zephyr/libzephyr.a
LOAD zephyr/arch/common/libarch__common.a
LOAD zephyr/arch/arch/arm/core/libarch__arm__core.a
LOAD zephyr/arch/arch/arm/core/cortex_m/libarch__arm__core__cortex_m.a
LOAD zephyr/lib/libc/picolibc/liblib__libc__picolibc.a
LOAD zephyr/lib/libc/common/liblib__libc__common.a
LOAD zephyr/subsys/portability/posix/c_lib_ext/libsubsys__portability__posix__c_lib_ext.a
LOAD zephyr/drivers/interrupt_controller/libdrivers__interrupt_controller.a
LOAD zephyr/drivers/clock_control/libdrivers__clock_control.a
LOAD zephyr/drivers/gpio/libdrivers__gpio.a
LOAD zephyr/drivers/pinctrl/libdrivers__pinctrl.a
LOAD zephyr/drivers/reset/libdrivers__reset.a
LOAD zephyr/drivers/serial/libdrivers__serial.a
LOAD zephyr/drivers/timer/libdrivers__timer.a
LOAD modules/hal_stm32/stm32cube/lib..__modules__hal__stm32__stm32cube.a
LOAD zephyr/kernel/libkernel.a
LOAD zephyr/arch/common/libisr_tables.a
LOAD /home/adamhage/zephyr-sdk-1.0.1/gnu/arm-zephyr-eabi/bin/../lib/gcc/arm-zephyr-eabi/14.3.0/../../../../arm-zephyr-eabi/lib/thumb/v7e-m/nofp/space/libstdc++.a
LOAD /home/adamhage/zephyr-sdk-1.0.1/gnu/arm-zephyr-eabi/bin/../lib/gcc/arm-zephyr-eabi/14.3.0/../../../../arm-zephyr-eabi/lib/thumb/v7e-m/nofp/space/libc.a
LOAD /home/adamhage/zephyr-sdk-1.0.1/gnu/arm-zephyr-eabi/bin/../lib/gcc/arm-zephyr-eabi/14.3.0/thumb/v7e-m/nofp/space/libgcc.a
                0x00000004                        _region_min_align = 0x4

.rel.plt        0x08000000        0x0
 *(SORT_BY_ALIGNMENT(.rel.plt))
                [!provide]                        PROVIDE (__rel_iplt_start = .)
 *(SORT_BY_ALIGNMENT(.rel.iplt))
 .rel.iplt      0x08000000        0x0 zephyr/CMakeFiles/zephyr_final.dir/isr_tables.c.obj
                [!provide]                        PROVIDE (__rel_iplt_end = .)

.rela.plt       0x00000000        0x0
 *(SORT_BY_ALIGNMENT(.rela.plt))
                [!provide]                        PROVIDE (__rela_iplt_start = .)
 *(SORT_BY_ALIGNMENT(.rela.iplt))
                [!provide]                        PROVIDE (__rela_iplt_end = .)

.rel.dyn
 *(SORT_BY_ALIGNMENT(.rel.*))

.rela.dyn
 *(SORT_BY_ALIGNMENT(.rela.*))

/DISCARD/
 *(SORT_BY_ALIGNMENT(.plt))

/DISCARD/
 *(SORT_BY_ALIGNMENT(.iplt))
                0x08000000                        __rom_region_start = 0x8000000

rom_start       0x08000000       0xe4
                0x08000000                        __rom_start_address = .
 FILL mask 0x00
                0x08000000                        . = (. + (0x0 - (. - __rom_start_address)))
                0x08000000                        . = ALIGN (0x4)
                0x08000000                        . = ALIGN (0x80)
                0x08000000                        . = ALIGN (0x100)
                0x08000000                        _vector_start = .
 *(SORT_BY_ALIGNMENT(.exc_vector_table))
 *(SORT_BY_ALIGNMENT(.exc_vector_table.*))
 .exc_vector_table._vector_table_section
                0x08000000       0x40 zephyr/arch/arch/arm/core/cortex_m/libarch__arm__core__cortex_m.a(vector_table.S.obj)
                0x08000000                _vector_table
 *(SORT_BY_ALIGNMENT(.vectors))
                0x080000e4                        _vector_end = .
                0x08000040                        . = ALIGN (0x4)
 *(SORT_BY_ALIGNMENT(.gnu.linkonce.irq_vector_table*))
 .gnu.linkonce.irq_vector_table
                0x08000040       0xa4 zephyr/CMakeFiles/zephyr_final.dir/isr_tables.c.obj
                0x08000040                _irq_vector_table
                0x080000e4                        _vector_end = .

text            0x080000e8     0x9308
                0x080000e8                        __text_region_start = .
 *(SORT_BY_ALIGNMENT(.text))
 .text          0x080000e8       0xa0 /home/adamhage/zephyr-sdk-1.0.1/gnu/arm-zephyr-eabi/bin/../lib/gcc/arm-zephyr-eabi/14.3.0/thumb/v7e-m/nofp/space/libgcc.a(_aeabi_ldivmod.o)
                0x080000e8                __aeabi_ldivmod
 .text          0x08000188       0x30 /home/adamhage/zephyr-sdk-1.0.1/gnu/arm-zephyr-eabi/bin/../lib/gcc/arm-zephyr-eabi/14.3.0/thumb/v7e-m/nofp/space/libgcc.a(_aeabi_uldivmod.o)
                0x08000188                __aeabi_uldivmod
 .text          0x080001b8        0x4 /home/adamhage/zephyr-sdk-1.0.1/gnu/arm-zephyr-eabi/bin/../lib/gcc/arm-zephyr-eabi/14.3.0/thumb/v7e-m/nofp/space/libgcc.a(_dvmd_tls.o)
                0x080001b8                __aeabi_ldiv0
                0x080001b8                __aeabi_idiv0
 .text          0x080001bc       0x14 /home/adamhage/zephyr-sdk-1.0.1/gnu/arm-zephyr-eabi/bin/../lib/gcc/arm-zephyr-eabi/14.3.0/../../../../arm-zephyr-eabi/lib/thumb/v7e-m/nofp/space/libc.a(strcmp.S.o)
                0x080001bc                strcmp
 .text          0x080001d0       0x10 /home/adamhage/zephyr-sdk-1.0.1/gnu/arm-zephyr-eabi/bin/../lib/gcc/arm-zephyr-eabi/14.3.0/../../../../arm-zephyr-eabi/lib/thumb/v7e-m/nofp/space/libc.a(strcpy.S.o)
                0x080001d0                strcpy
 .text          0x080001e0       0x10 /home/adamhage/zephyr-sdk-1.0.1/gnu/arm-zephyr-eabi/bin/../lib/gcc/arm-zephyr-eabi/14.3.0/../../../../arm-zephyr-eabi/lib/thumb/v7e-m/nofp/space/libc.a(strlen.S.o)
                0x080001e0                strlen
 .text          0x080001f0      0x2bc /home/adamhage/zephyr-sdk-1.0.1/gnu/arm-zephyr-eabi/bin/../lib/gcc/arm-zephyr-eabi/14.3.0/thumb/v7e-m/nofp/space/libgcc.a(_udivmoddi4.o)
                0x080001f0                __udivmoddi4
 *(SORT_BY_ALIGNMENT(.text.*))
 *fill*         0x080004ac        0x4 
 .text.cmd_kernel_uptime
                0x080004b0       0xe0 zephyr/libzephyr.a(uptime.c.obj)
 .text.z_impl_sys_clock_getrtoffset
                0x08000590       0x28 zephyr/libzephyr.a(clock.c.obj)
                0x08000590                z_impl_sys_clock_getrtoffset
 .text.sys_clock_gettime
                0x080005b8       0x6c zephyr/libzephyr.a(clock.c.obj)
                0x080005b8                sys_clock_gettime
 .text.z_impl_sys_clock_settime
                0x08000624       0x74 zephyr/libzephyr.a(clock.c.obj)
                0x08000624                z_impl_sys_clock_settime
 .text.char_out
                0x08000698        0xc zephyr/libzephyr.a(printk.c.obj)
 .text.vprintk  0x080006a4       0x30 zephyr/libzephyr.a(printk.c.obj)
                0x080006a4                vprintk
 .text.timeutil_timegm64
                0x080006d4       0xec zephyr/libzephyr.a(timeutil.c.obj)
                0x080006d4                timeutil_timegm64
 .text.timeutil_timegm
                0x080007c0       0x20 zephyr/libzephyr.a(timeutil.c.obj)
                0x080007c0                timeutil_timegm
 .text.timespec_normalize
                0x080007e0       0x8c zephyr/libzephyr.a(timeutil.c.obj)
                0x080007e0                timespec_normalize
 .text.sys_getopt_init
                0x0800086c       0x48 zephyr/libzephyr.a(getopt.c.obj)
                0x0800086c                sys_getopt_init
 .text.sys_getopt
                0x080008b4       0xf4 zephyr/libzephyr.a(getopt.c.obj)
                0x080008b4                sys_getopt
 .text.z_getopt_global_state_update
                0x080009a8       0x38 zephyr/libzephyr.a(getopt_common.c.obj)
                0x080009a8                z_getopt_global_state_update
 .text.sys_getopt_state_get
                0x080009e0        0x8 zephyr/libzephyr.a(getopt_common.c.obj)
                0x080009e0                sys_getopt_state_get
 .text.st_stm32_common_config
                0x080009e8       0x1c zephyr/libzephyr.a(soc_config.c.obj)
 .text.stm32_gpioport_init
                0x08000a04       0x20 zephyr/libzephyr.a(gpioport_mgr.c.obj)
 .text.stm32_gpioport_get
                0x08000a24       0x24 zephyr/libzephyr.a(gpioport_mgr.c.obj)
                0x08000a24                stm32_gpioport_get
 .text.soc_early_init_hook
                0x08000a48       0x50 zephyr/libzephyr.a(soc_m7.c.obj)
                0x08000a48                soc_early_init_hook
 .text.cmd_kernel_cycles
                0x08000a98       0x1c zephyr/libzephyr.a(cycles.c.obj)
 .text.cmd_kernel_sleep
                0x08000ab4       0x40 zephyr/libzephyr.a(sleep.c.obj)
 .text.cmd_kernel_version
                0x08000af4       0x18 zephyr/libzephyr.a(version.c.obj)
 .text.z_thread_is_valid
                0x08000b0c       0x20 zephyr/libzephyr.a(thread.c.obj)
                0x08000b0c                z_thread_is_valid
 .text.cmd_kernel_thread_list
                0x08000b2c       0x48 zephyr/libzephyr.a(list.c.obj)
 .text.shell_tdata_dump
                0x08000b74       0xc0 zephyr/libzephyr.a(list.c.obj)
 .text.cmd_kernel_thread_stacks
                0x08000c34       0x6c zephyr/libzephyr.a(stacks.c.obj)
 .text.shell_stack_dump
                0x08000ca0       0x60 zephyr/libzephyr.a(stacks.c.obj)
 .text.cmd_kernel_thread_suspend
                0x08000d00       0x64 zephyr/libzephyr.a(suspend.c.obj)
 .text.cmd_kernel_thread_resume
                0x08000d64       0x64 zephyr/libzephyr.a(resume.c.obj)
 .text.cmd_kernel_thread_kill
                0x08000dc8       0x64 zephyr/libzephyr.a(kill.c.obj)
 .text.device_name_lookup
                0x08000e2c       0x20 zephyr/libzephyr.a(device_service.c.obj)
 .text.device_name_get_non_ready
                0x08000e4c       0x20 zephyr/libzephyr.a(device_service.c.obj)
 .text.cmd_device_init
                0x08000e6c       0x64 zephyr/libzephyr.a(device_service.c.obj)
 .text.cmd_device_list
                0x08000ed0       0xf0 zephyr/libzephyr.a(device_service.c.obj)
 .text.get_h_m_s
                0x08000fc0       0x98 zephyr/libzephyr.a(date_service.c.obj)
 .text.cmd_date_set
                0x08001058      0x128 zephyr/libzephyr.a(date_service.c.obj)
 .text.cmd_date_get
                0x08001180       0x44 zephyr/libzephyr.a(date_service.c.obj)
 .text.cmd_devmem
                0x080011c4       0xb8 zephyr/libzephyr.a(devmem_service.c.obj)
 .text.cmd_dump
                0x0800127c      0x184 zephyr/libzephyr.a(devmem_service.c.obj)
 .text.set_bypass.isra.0
                0x08001400       0x48 zephyr/libzephyr.a(devmem_service.c.obj)
 .text.bypass_cb
                0x08001448      0x118 zephyr/libzephyr.a(devmem_service.c.obj)
 .text.cmd_load
                0x08001560       0xc8 zephyr/libzephyr.a(devmem_service.c.obj)
 .text.enable_shell_uart
                0x08001628       0x30 zephyr/libzephyr.a(shell_uart.c.obj)
 .text.init     0x08001658       0x54 zephyr/libzephyr.a(shell_uart.c.obj)
 .text.shell_internal_help_print
                0x080016ac       0x20 zephyr/libzephyr.a(shell.c.obj)
 .text.kill_handler
                0x080016cc       0x50 zephyr/libzephyr.a(shell.c.obj)
 .text.z_cursor_next_line_move.isra.0
                0x0800171c        0xc zephyr/libzephyr.a(shell.c.obj)
 .text.execute  0x08001728      0x2b8 zephyr/libzephyr.a(shell.c.obj)
 .text.history_handle
                0x080019e0       0xb0 zephyr/libzephyr.a(shell.c.obj)
 .text.state_set.constprop.0
                0x08001a90       0x4c zephyr/libzephyr.a(shell.c.obj)
 .text.state_collect
                0x08001adc      0x6b4 zephyr/libzephyr.a(shell.c.obj)
 .text.shell_thread
                0x08002190       0x8c zephyr/libzephyr.a(shell.c.obj)
                0x08002190                shell_thread
 .text.cmd_help
                0x0800221c       0x44 zephyr/libzephyr.a(shell.c.obj)
 .text.shell_hexdump_line
                0x08002260       0xa8 zephyr/libzephyr.a(shell.c.obj)
                0x08002260                shell_hexdump_line
 .text.shell_init
                0x08002308       0xc8 zephyr/libzephyr.a(shell.c.obj)
                0x08002308                shell_init
 .text.z_shell_fprintf_fmt
                0x080023d0       0x28 zephyr/libzephyr.a(shell_fprintf.c.obj)
                0x080023d0                z_shell_fprintf_fmt
 .text.z_shell_cmd_get
                0x080023f8       0x74 zephyr/libzephyr.a(shell_utils.c.obj)
                0x080023f8                z_shell_cmd_get
 .text.shell_strtoul
                0x0800246c       0x50 zephyr/libzephyr.a(shell_utils.c.obj)
                0x0800246c                shell_strtoul
 .text.z_clear_eos
                0x080024bc       0x18 zephyr/libzephyr.a(shell_ops.c.obj)
 .text.z_cursor_next_line_move.isra.0
                0x080024d4        0xc zephyr/libzephyr.a(shell_ops.c.obj)
 .text.z_shell_op_cursor_vert_move
                0x080024e0       0x2c zephyr/libzephyr.a(shell_ops.c.obj)
                0x080024e0                z_shell_op_cursor_vert_move
 .text.z_shell_op_cursor_horiz_move
                0x0800250c       0x2c zephyr/libzephyr.a(shell_ops.c.obj)
                0x0800250c                z_shell_op_cursor_horiz_move
 .text.z_shell_print_cmd
                0x08002538       0x78 zephyr/libzephyr.a(shell_ops.c.obj)
                0x08002538                z_shell_print_cmd
 .text.z_shell_vt100_color_set
                0x080025b0       0x40 zephyr/libzephyr.a(shell_ops.c.obj)
                0x080025b0                z_shell_vt100_color_set
 .text.z_shell_vt100_colors_restore
                0x080025f0       0x3c zephyr/libzephyr.a(shell_ops.c.obj)
                0x080025f0                z_shell_vt100_colors_restore
 .text.z_shell_op_word_remove
                0x0800262c       0xc8 zephyr/libzephyr.a(shell_ops.c.obj)
                0x0800262c                z_shell_op_word_remove
 .text.reprint_from_cursor
                0x080026f4       0xdc zephyr/libzephyr.a(shell_ops.c.obj)
 .text.z_shell_op_char_insert
                0x080027d0       0x70 zephyr/libzephyr.a(shell_ops.c.obj)
                0x080027d0                z_shell_op_char_insert
 .text.z_shell_print_prompt_and_cmd
                0x08002840       0x34 zephyr/libzephyr.a(shell_ops.c.obj)
                0x08002840                z_shell_print_prompt_and_cmd
 .text.z_cursor_next_line_move.isra.0
                0x08002874        0xc zephyr/libzephyr.a(shell_help.c.obj)
 .text.formatted_structured_help_print
                0x08002880       0x44 zephyr/libzephyr.a(shell_help.c.obj)
 .text.z_shell_help_subcmd_print
                0x080028c4       0xc0 zephyr/libzephyr.a(shell_help.c.obj)
                0x080028c4                z_shell_help_subcmd_print
 .text.z_shell_help_cmd_print
                0x08002984       0x60 zephyr/libzephyr.a(shell_help.c.obj)
                0x08002984                z_shell_help_cmd_print
 .text.z_shell_help_request
                0x080029e4       0x28 zephyr/libzephyr.a(shell_help.c.obj)
                0x080029e4                z_shell_help_request
 .text.cmd_resize_default
                0x08002a0c       0x2c zephyr/libzephyr.a(shell_cmds.c.obj)
 .text.cmd_shell_stats_show
                0x08002a38       0x14 zephyr/libzephyr.a(shell_cmds.c.obj)
 .text.cmd_backends
                0x08002a4c       0x48 zephyr/libzephyr.a(shell_cmds.c.obj)
 .text.cmd_prompt_off
                0x08002a94       0x10 zephyr/libzephyr.a(shell_cmds.c.obj)
 .text.cmd_history
                0x08002aa4       0x40 zephyr/libzephyr.a(shell_cmds.c.obj)
 .text.cmd_get_retval
                0x08002ae4       0x1c zephyr/libzephyr.a(shell_cmds.c.obj)
 .text.cmd_echo
                0x08002b00       0x50 zephyr/libzephyr.a(shell_cmds.c.obj)
 .text.cmd_clear
                0x08002b50       0x34 zephyr/libzephyr.a(shell_cmds.c.obj)
 .text.cmd_resize
                0x08002b84      0x198 zephyr/libzephyr.a(shell_cmds.c.obj)
 .text.z_shell_wildcard_process
                0x08002d1c       0xe4 zephyr/libzephyr.a(shell_wildcard.c.obj)
                0x08002d1c                z_shell_wildcard_process
 .text.z_thread_entry
                0x08002e00       0x34 zephyr/libzephyr.a(thread_entry.c.obj)
                0x08002e00                z_thread_entry
 .text.arch_bss_zero
                0x08002e34       0x18 zephyr/arch/common/libarch__common.a(init.c.obj)
                0x08002e34                arch_bss_zero
 .text.arch_data_copy
                0x08002e4c       0x38 zephyr/arch/common/libarch__common.a(xip.c.obj)
                0x08002e4c                arch_data_copy
 .text.z_arm_fatal_error
                0x08002e84       0x60 zephyr/arch/arch/arm/core/libarch__arm__core.a(fatal.c.obj)
                0x08002e84                z_arm_fatal_error
 .text.z_SysNmiOnReset
                0x08002ee4        0x8 zephyr/arch/arch/arm/core/libarch__arm__core.a(nmi_on_reset.S.obj)
                0x08002ee4                z_SysNmiOnReset
 .text.arch_tls_stack_setup
                0x08002eec       0x40 zephyr/arch/arch/arm/core/libarch__arm__core.a(tls.c.obj)
                0x08002eec                arch_tls_stack_setup
 .text.usage_fault.isra.0
                0x08002f2c       0x98 zephyr/arch/arch/arm/core/cortex_m/libarch__arm__core__cortex_m.a(fault.c.obj)
 .text.bus_fault.isra.0
                0x08002fc4       0xb8 zephyr/arch/arch/arm/core/cortex_m/libarch__arm__core__cortex_m.a(fault.c.obj)
 .text.mem_manage_fault.isra.0
                0x0800307c       0xbc zephyr/arch/arch/arm/core/cortex_m/libarch__arm__core__cortex_m.a(fault.c.obj)
 .text.z_arm_fault
                0x08003138      0x1a8 zephyr/arch/arch/arm/core/cortex_m/libarch__arm__core__cortex_m.a(fault.c.obj)
                0x08003138                z_arm_fault
 .text.z_arm_fault_init
                0x080032e0       0x18 zephyr/arch/arch/arm/core/cortex_m/libarch__arm__core__cortex_m.a(fault.c.obj)
                0x080032e0                z_arm_fault_init
 .text.__fault  0x080032f8       0x14 zephyr/arch/arch/arm/core/cortex_m/libarch__arm__core__cortex_m.a(fault_s.S.obj)
                0x080032f8                z_arm_bus_fault
                0x080032f8                z_arm_usage_fault
                0x080032f8                z_arm_mpu_fault
                0x080032f8                z_arm_exc_spurious
                0x080032f8                z_arm_debug_monitor
                0x080032f8                z_arm_hard_fault
 .text._reset_section
                0x0800330c       0x48 zephyr/arch/arch/arm/core/cortex_m/libarch__arm__core__cortex_m.a(reset.S.obj)
                0x0800330c                z_arm_reset
                0x0800330c                __start
 .text.z_arm_svc
                0x08003354       0x24 zephyr/arch/arch/arm/core/cortex_m/libarch__arm__core__cortex_m.a(svc.S.obj)
                0x08003354                z_arm_svc
 .text.arm_irq_enable
                0x08003378       0x1c zephyr/arch/arch/arm/core/cortex_m/libarch__arm__core__cortex_m.a(irq_manage.c.obj)
                0x08003378                arm_irq_enable
 .text.arm_irq_priority_set
                0x08003394       0x2c zephyr/arch/arch/arm/core/cortex_m/libarch__arm__core__cortex_m.a(irq_manage.c.obj)
                0x08003394                arm_irq_priority_set
 .text.relocate_vector_table
                0x080033c0       0x1c zephyr/arch/arch/arm/core/cortex_m/libarch__arm__core__cortex_m.a(prep_c.c.obj)
                0x080033c0                relocate_vector_table
 .text.z_prep_c
                0x080033dc       0x3c zephyr/arch/arch/arm/core/cortex_m/libarch__arm__core__cortex_m.a(prep_c.c.obj)
                0x080033dc                z_prep_c
 .text.arch_new_thread
                0x08003418       0x30 zephyr/arch/arch/arm/core/cortex_m/libarch__arm__core__cortex_m.a(thread.c.obj)
                0x08003418                arch_new_thread
 .text.arch_switch_to_main_thread
                0x08003448       0x3c zephyr/arch/arch/arm/core/cortex_m/libarch__arm__core__cortex_m.a(thread.c.obj)
                0x08003448                arch_switch_to_main_thread
 .text.z_arm_cpu_idle_init
                0x08003484        0xc zephyr/arch/arch/arm/core/cortex_m/libarch__arm__core__cortex_m.a(cpu_idle.c.obj)
                0x08003484                z_arm_cpu_idle_init
 .text._HandlerModeExit
                0x08003490       0x20 zephyr/arch/arch/arm/core/cortex_m/libarch__arm__core__cortex_m.a(exc_exit.c.obj)
                0x08003490                z_arm_exc_exit
                0x08003490                z_arm_int_exit
 .text.z_impl_k_thread_abort
                0x080034b0       0x2c zephyr/arch/arch/arm/core/cortex_m/libarch__arm__core__cortex_m.a(thread_abort.c.obj)
                0x080034b0                z_impl_k_thread_abort
 .text.z_arm_pendsv
                0x080034dc       0x58 zephyr/arch/arch/arm/core/cortex_m/libarch__arm__core__cortex_m.a(swap_helper.S.obj)
                0x080034dc                z_arm_pendsv
 .text.z_arm_interrupt_init
                0x08003534       0x18 zephyr/arch/arch/arm/core/cortex_m/libarch__arm__core__cortex_m.a(irq_init.c.obj)
                0x08003534                z_arm_interrupt_init
 .text._isr_wrapper
                0x0800354c       0x24 zephyr/arch/arch/arm/core/cortex_m/libarch__arm__core__cortex_m.a(isr_wrapper.c.obj)
                0x0800354c                _isr_wrapper
 .text.__aeabi_read_tp
                0x08003570        0xc zephyr/arch/arch/arm/core/cortex_m/libarch__arm__core__cortex_m.a(__aeabi_read_tp.S.obj)
                0x08003570                __aeabi_read_tp
 .text.arch_dcache_enable
                0x0800357c       0x5c zephyr/arch/arch/arm/core/cortex_m/libarch__arm__core__cortex_m.a(cache.c.obj)
                0x0800357c                arch_dcache_enable
 .text.arch_icache_enable
                0x080035d8       0x34 zephyr/arch/arch/arm/core/cortex_m/libarch__arm__core__cortex_m.a(cache.c.obj)
                0x080035d8                arch_icache_enable
 .text.cbvprintf
                0x0800360c       0x38 zephyr/lib/libc/picolibc/liblib__libc__picolibc.a(cbprintf.c.obj)
                0x0800360c                cbvprintf
 .text.malloc_prepare
                0x08003644       0x24 zephyr/lib/libc/common/liblib__libc__common.a(malloc.c.obj)
 .text.fnmatchx
                0x08003668      0x4e8 zephyr/subsys/portability/posix/c_lib_ext/libsubsys__portability__posix__c_lib_ext.a(fnmatch.c.obj)
 .text.z_getopt_global_state_update_shim
                0x08003b50       0x2c zephyr/subsys/portability/posix/c_lib_ext/libsubsys__portability__posix__c_lib_ext.a(getopt_shim.c.obj)
                0x08003b50                z_getopt_global_state_update_shim
 .text.stm32_exti_init
                0x08003b7c       0x2c zephyr/drivers/interrupt_controller/libdrivers__interrupt_controller.a(intc_exti_stm32.c.obj)
 .text.stm32_fill_irq_table
                0x08003ba8       0x18 zephyr/drivers/interrupt_controller/libdrivers__interrupt_controller.a(intc_gpio_stm32.c.obj)
 .text.stm32_intc_gpio_isr
                0x08003bc0       0x4c zephyr/drivers/interrupt_controller/libdrivers__interrupt_controller.a(intc_gpio_stm32.c.obj)
 .text.stm32_gpio_intc_enable_line
                0x08003c0c       0x30 zephyr/drivers/interrupt_controller/libdrivers__interrupt_controller.a(intc_gpio_stm32.c.obj)
                0x08003c0c                stm32_gpio_intc_enable_line
 .text.stm32_gpio_intc_set_irq_callback
                0x08003c3c       0x40 zephyr/drivers/interrupt_controller/libdrivers__interrupt_controller.a(intc_gpio_stm32.c.obj)
                0x08003c3c                stm32_gpio_intc_set_irq_callback
 .text.stm32_gpio_intc_remove_irq_callback
                0x08003c7c       0x24 zephyr/drivers/interrupt_controller/libdrivers__interrupt_controller.a(intc_gpio_stm32.c.obj)
                0x08003c7c                stm32_gpio_intc_remove_irq_callback
 .text.stm32_exti_get_line_src_port
                0x08003ca0       0x38 zephyr/drivers/interrupt_controller/libdrivers__interrupt_controller.a(intc_gpio_stm32.c.obj)
                0x08003ca0                stm32_exti_get_line_src_port
 .text.stm32_clock_control_get_subsys_rate
                0x08003cd8       0x64 zephyr/drivers/clock_control/libdrivers__clock_control.a(clock_stm32_ll_h7.c.obj)
 .text.stm32_clock_control_init
                0x08003d3c      0x10c zephyr/drivers/clock_control/libdrivers__clock_control.a(clock_stm32_ll_h7.c.obj)
                0x08003d3c                stm32_clock_control_init
 .text.gpio_stm32_pin_interrupt_configure
                0x08003e48       0xac zephyr/drivers/gpio/libdrivers__gpio.a(gpio_stm32.c.obj)
 .text.foreach_pin
                0x08003ef4       0x60 zephyr/drivers/gpio/libdrivers__gpio.a(gpio_shell.c.obj)
 .text.get_gpio_ctrl
                0x08003f54       0x2c zephyr/drivers/gpio/libdrivers__gpio.a(gpio_shell.c.obj)
 .text.cmd_gpio_info
                0x08003f80       0xcc zephyr/drivers/gpio/libdrivers__gpio.a(gpio_shell.c.obj)
 .text.get_sh_gpio
                0x0800404c       0xe8 zephyr/drivers/gpio/libdrivers__gpio.a(gpio_shell.c.obj)
 .text.cmd_gpio_toggle
                0x08004134       0x44 zephyr/drivers/gpio/libdrivers__gpio.a(gpio_shell.c.obj)
 .text.cmd_gpio_get
                0x08004178       0x6c zephyr/drivers/gpio/libdrivers__gpio.a(gpio_shell.c.obj)
 .text.cmd_gpio_set
                0x080041e4       0x74 zephyr/drivers/gpio/libdrivers__gpio.a(gpio_shell.c.obj)
 .text.cmd_gpio_conf
                0x08004258      0x1b4 zephyr/drivers/gpio/libdrivers__gpio.a(gpio_shell.c.obj)
 .text.port_pin_get.constprop.0
                0x0800440c       0x34 zephyr/drivers/gpio/libdrivers__gpio.a(gpio_shell.c.obj)
 .text.DT_N_S_soc_S_pin_controller_58020000_S_gpio_58022800cmd_gpio_pin_get
                0x08004440       0x18 zephyr/drivers/gpio/libdrivers__gpio.a(gpio_shell.c.obj)
 .text.DT_N_S_soc_S_pin_controller_58020000_S_gpio_58022400cmd_gpio_pin_get
                0x08004458       0x18 zephyr/drivers/gpio/libdrivers__gpio.a(gpio_shell.c.obj)
 .text.DT_N_S_soc_S_pin_controller_58020000_S_gpio_58022000cmd_gpio_pin_get
                0x08004470       0x18 zephyr/drivers/gpio/libdrivers__gpio.a(gpio_shell.c.obj)
 .text.DT_N_S_soc_S_pin_controller_58020000_S_gpio_58021c00cmd_gpio_pin_get
                0x08004488       0x18 zephyr/drivers/gpio/libdrivers__gpio.a(gpio_shell.c.obj)
 .text.DT_N_S_soc_S_pin_controller_58020000_S_gpio_58021800cmd_gpio_pin_get
                0x080044a0       0x18 zephyr/drivers/gpio/libdrivers__gpio.a(gpio_shell.c.obj)
 .text.DT_N_S_soc_S_pin_controller_58020000_S_gpio_58021400cmd_gpio_pin_get
                0x080044b8       0x18 zephyr/drivers/gpio/libdrivers__gpio.a(gpio_shell.c.obj)
 .text.DT_N_S_soc_S_pin_controller_58020000_S_gpio_58021000cmd_gpio_pin_get
                0x080044d0       0x18 zephyr/drivers/gpio/libdrivers__gpio.a(gpio_shell.c.obj)
 .text.DT_N_S_soc_S_pin_controller_58020000_S_gpio_58020c00cmd_gpio_pin_get
                0x080044e8       0x18 zephyr/drivers/gpio/libdrivers__gpio.a(gpio_shell.c.obj)
 .text.DT_N_S_soc_S_pin_controller_58020000_S_gpio_58020800cmd_gpio_pin_get
                0x08004500       0x18 zephyr/drivers/gpio/libdrivers__gpio.a(gpio_shell.c.obj)
 .text.DT_N_S_soc_S_pin_controller_58020000_S_gpio_58020400cmd_gpio_pin_get
                0x08004518       0x18 zephyr/drivers/gpio/libdrivers__gpio.a(gpio_shell.c.obj)
 .text.DT_N_S_soc_S_pin_controller_58020000_S_gpio_58020000cmd_gpio_pin_get
                0x08004530       0x18 zephyr/drivers/gpio/libdrivers__gpio.a(gpio_shell.c.obj)
 .text.device_name_get
                0x08004548       0x44 zephyr/drivers/gpio/libdrivers__gpio.a(gpio_shell.c.obj)
 .text.cmd_gpio_devices
                0x0800458c       0x80 zephyr/drivers/gpio/libdrivers__gpio.a(gpio_shell.c.obj)
 .text.pin_ordered
                0x0800460c       0x54 zephyr/drivers/gpio/libdrivers__gpio.a(gpio_shell.c.obj)
 .text.cmd_gpio_blink
                0x08004660       0x8c zephyr/drivers/gpio/libdrivers__gpio.a(gpio_shell.c.obj)
 .text.uart_stm32_irq_err_enable
                0x080046ec       0x78 zephyr/drivers/serial/libdrivers__serial.a(uart_stm32.c.obj)
 .text.uart_stm32_irq_err_disable
                0x08004764       0x78 zephyr/drivers/serial/libdrivers__serial.a(uart_stm32.c.obj)
 .text.uart_stm32_parameters_set
                0x080047dc      0x148 zephyr/drivers/serial/libdrivers__serial.a(uart_stm32.c.obj)
 .text.uart_stm32_init
                0x08004924      0x180 zephyr/drivers/serial/libdrivers__serial.a(uart_stm32.c.obj)
 .text.uart_stm32_configure
                0x08004aa4      0x128 zephyr/drivers/serial/libdrivers__serial.a(uart_stm32.c.obj)
 .text.elapsed  0x08004bcc       0x44 zephyr/drivers/timer/libdrivers__timer.a(cortex_m_systick.c.obj)
 .text.sys_clock_driver_init
                0x08004c10       0x34 zephyr/drivers/timer/libdrivers__timer.a(cortex_m_systick.c.obj)
 .text.sys_clock_isr
                0x08004c44       0x6c zephyr/drivers/timer/libdrivers__timer.a(cortex_m_systick.c.obj)
                0x08004c44                sys_clock_isr
 .text.sys_clock_set_timeout
                0x08004cb0       0xf8 zephyr/drivers/timer/libdrivers__timer.a(cortex_m_systick.c.obj)
                0x08004cb0                sys_clock_set_timeout
 .text.sys_clock_elapsed
                0x08004da8       0x3c zephyr/drivers/timer/libdrivers__timer.a(cortex_m_systick.c.obj)
                0x08004da8                sys_clock_elapsed
 .text.sys_clock_cycle_get_32
                0x08004de4       0x28 zephyr/drivers/timer/libdrivers__timer.a(cortex_m_systick.c.obj)
                0x08004de4                sys_clock_cycle_get_32
 .text.LL_SetFlashLatency
                0x08004e0c       0xf4 modules/hal_stm32/stm32cube/lib..__modules__hal__stm32__stm32cube.a(stm32h7xx_ll_utils.c.obj)
                0x08004e0c                LL_SetFlashLatency
 .text.z_device_get_all_static
                0x08004f00       0x14 zephyr/kernel/libkernel.a(device.c.obj)
                0x08004f00                z_device_get_all_static
 .text.z_impl_device_get_binding
                0x08004f14       0x48 zephyr/kernel/libkernel.a(device.c.obj)
                0x08004f14                z_impl_device_get_binding
 .text.z_impl_device_get_by_dt_nodelabel
                0x08004f5c       0x5c zephyr/kernel/libkernel.a(device.c.obj)
                0x08004f5c                z_impl_device_get_by_dt_nodelabel
 .text.z_fatal_error
                0x08004fb8       0x30 zephyr/kernel/libkernel.a(fatal.c.obj)
                0x08004fb8                z_fatal_error
 .text.z_sys_init_run_level
                0x08004fe8       0x30 zephyr/kernel/libkernel.a(init.c.obj)
 .text.bg_thread_main
                0x08005018       0xd8 zephyr/kernel/libkernel.a(init.c.obj)
 .text.z_init_cpu
                0x080050f0       0x70 zephyr/kernel/libkernel.a(init.c.obj)
                0x080050f0                z_init_cpu
 .text.z_cstart
                0x08005160       0xbc zephyr/kernel/libkernel.a(init.c.obj)
                0x08005160                z_cstart
 .text.statics_init
                0x0800521c       0x24 zephyr/kernel/libkernel.a(kheap.c.obj)
 .text.k_heap_alloc
                0x08005240       0x1c zephyr/kernel/libkernel.a(kheap.c.obj)
                0x08005240                k_heap_alloc
 .text.z_impl_k_sem_give
                0x0800525c       0x68 zephyr/kernel/libkernel.a(sem.c.obj)
                0x0800525c                z_impl_k_sem_give
 .text.z_impl_k_sem_take
                0x080052c4       0x4c zephyr/kernel/libkernel.a(sem.c.obj)
                0x080052c4                z_impl_k_sem_take
 .text.z_impl_k_thread_name_set
                0x08005310       0x20 zephyr/kernel/libkernel.a(thread.c.obj)
                0x08005310                z_impl_k_thread_name_set
 .text.k_thread_state_str
                0x08005330       0x7c zephyr/kernel/libkernel.a(thread.c.obj)
                0x08005330                k_thread_state_str
 .text.z_setup_new_thread
                0x080053ac       0xd4 zephyr/kernel/libkernel.a(thread.c.obj)
                0x080053ac                z_setup_new_thread
 .text.z_impl_k_thread_create
                0x08005480       0x58 zephyr/kernel/libkernel.a(thread.c.obj)
                0x08005480                z_impl_k_thread_create
 .text.z_dummy_thread_init
                0x080054d8       0x1c zephyr/kernel/libkernel.a(thread.c.obj)
                0x080054d8                z_dummy_thread_init
 .text.z_swap_irqlock
                0x080054f4       0x34 zephyr/kernel/libkernel.a(sched.c.obj)
 .text.ready_thread
                0x08005528       0x80 zephyr/kernel/libkernel.a(sched.c.obj)
 .text.unready_thread
                0x080055a8       0x54 zephyr/kernel/libkernel.a(sched.c.obj)
 .text.add_thread_timeout
                0x080055fc       0x1c zephyr/kernel/libkernel.a(sched.c.obj)
 .text.reschedule.isra.0
                0x08005618       0x28 zephyr/kernel/libkernel.a(sched.c.obj)
 .text.move_current_to_end_of_prio_q
                0x08005640       0x6c zephyr/kernel/libkernel.a(sched.c.obj)
                0x08005640                move_current_to_end_of_prio_q
 .text.z_impl_k_thread_suspend
                0x080056ac       0xf0 zephyr/kernel/libkernel.a(sched.c.obj)
                0x080056ac                z_impl_k_thread_suspend
 .text.z_pend_curr
                0x0800579c       0x44 zephyr/kernel/libkernel.a(sched.c.obj)
                0x0800579c                z_pend_curr
 .text.k_sched_lock
                0x080057e0       0x28 zephyr/kernel/libkernel.a(sched.c.obj)
                0x080057e0                k_sched_lock
 .text.k_sched_unlock
                0x08005808       0x54 zephyr/kernel/libkernel.a(sched.c.obj)
                0x08005808                k_sched_unlock
 .text.z_sched_init
                0x0800585c       0x10 zephyr/kernel/libkernel.a(sched.c.obj)
                0x0800585c                z_sched_init
 .text.k_can_yield
                0x0800586c       0x48 zephyr/kernel/libkernel.a(sched.c.obj)
                0x0800586c                k_can_yield
 .text.z_impl_k_yield
                0x080058b4       0x84 zephyr/kernel/libkernel.a(sched.c.obj)
                0x080058b4                z_impl_k_yield
 .text.z_tick_sleep
                0x08005938       0x78 zephyr/kernel/libkernel.a(sched.c.obj)
 .text.z_impl_k_sched_current_thread_query
                0x080059b0        0xc zephyr/kernel/libkernel.a(sched.c.obj)
                0x080059b0                z_impl_k_sched_current_thread_query
 .text.z_thread_abort
                0x080059bc      0x144 zephyr/kernel/libkernel.a(sched.c.obj)
                0x080059bc                z_thread_abort
 .text.z_time_slice_size
                0x08005b00       0x40 zephyr/kernel/libkernel.a(timeslicing.c.obj)
 .text.slice_timeout
                0x08005b40       0x20 zephyr/kernel/libkernel.a(timeslicing.c.obj)
 .text.z_reset_time_slice
                0x08005b60       0x44 zephyr/kernel/libkernel.a(timeslicing.c.obj)
                0x08005b60                z_reset_time_slice
 .text.z_time_slice
                0x08005ba4       0x5c zephyr/kernel/libkernel.a(timeslicing.c.obj)
                0x08005ba4                z_time_slice
 .text.z_thread_monitor_exit
                0x08005c00       0x3c zephyr/kernel/libkernel.a(thread_monitor.c.obj)
                0x08005c00                z_thread_monitor_exit
 .text.k_thread_foreach
                0x08005c3c       0x34 zephyr/kernel/libkernel.a(thread_monitor.c.obj)
                0x08005c3c                k_thread_foreach
 .text.k_thread_foreach_unlocked
                0x08005c70       0x48 zephyr/kernel/libkernel.a(thread_monitor.c.obj)
                0x08005c70                k_thread_foreach_unlocked
 .text.first    0x08005cb8       0x10 zephyr/kernel/libkernel.a(timeout.c.obj)
 .text.elapsed  0x08005cc8       0x14 zephyr/kernel/libkernel.a(timeout.c.obj)
 .text.remove_timeout
                0x08005cdc       0x38 zephyr/kernel/libkernel.a(timeout.c.obj)
 .text.z_add_timeout
                0x08005d14      0x120 zephyr/kernel/libkernel.a(timeout.c.obj)
                0x08005d14                z_add_timeout
 .text.sys_clock_announce_locked
                0x08005e34       0xb8 zephyr/kernel/libkernel.a(timeout.c.obj)
                0x08005e34                sys_clock_announce_locked
 .text.sys_clock_tick_get
                0x08005eec       0x30 zephyr/kernel/libkernel.a(timeout.c.obj)
                0x08005eec                sys_clock_tick_get
 .text.z_impl_k_timer_stop
                0x08005f1c       0x60 zephyr/kernel/libkernel.a(timer.c.obj)
                0x08005f1c                z_impl_k_timer_stop
 .text.k_event_post_internal
                0x08005f7c       0x4c zephyr/kernel/libkernel.a(events.c.obj)
 .text.boot_banner
                0x08005fc8        0xc zephyr/kernel/libkernel.a(banner.c.obj)
                0x08005fc8                boot_banner
 .text.gmtime_r
                0x08005fd4      0x15c /home/adamhage/zephyr-sdk-1.0.1/gnu/arm-zephyr-eabi/bin/../lib/gcc/arm-zephyr-eabi/14.3.0/../../../../arm-zephyr-eabi/lib/thumb/v7e-m/nofp/space/libc.a(libc_time_gmtime_r.c.o)
                0x08005fd4                gmtime_r
 .text.snprintf
                0x08006130       0x54 /home/adamhage/zephyr-sdk-1.0.1/gnu/arm-zephyr-eabi/bin/../lib/gcc/arm-zephyr-eabi/14.3.0/../../../../arm-zephyr-eabi/lib/thumb/v7e-m/nofp/space/libc.a(libc_tinystdio_snprintf.c.o)
                0x08006130                snprintf
 .text.sprintf  0x08006184       0x48 /home/adamhage/zephyr-sdk-1.0.1/gnu/arm-zephyr-eabi/bin/../lib/gcc/arm-zephyr-eabi/14.3.0/../../../../arm-zephyr-eabi/lib/thumb/v7e-m/nofp/space/libc.a(libc_tinystdio_sprintf.c.o)
                0x08006184                sprintf
 .text.strtol   0x080061cc       0xe8 /home/adamhage/zephyr-sdk-1.0.1/gnu/arm-zephyr-eabi/bin/../lib/gcc/arm-zephyr-eabi/14.3.0/../../../../arm-zephyr-eabi/lib/thumb/v7e-m/nofp/space/libc.a(libc_tinystdio_strtol.c.o)
                0x080061cc                strtol
 .text.strtoul  0x080062b4       0xcc /home/adamhage/zephyr-sdk-1.0.1/gnu/arm-zephyr-eabi/bin/../lib/gcc/arm-zephyr-eabi/14.3.0/../../../../arm-zephyr-eabi/lib/thumb/v7e-m/nofp/space/libc.a(libc_tinystdio_strtoul.c.o)
                0x080062b4                strtoul
 .text.strtoull
                0x08006380      0x118 /home/adamhage/zephyr-sdk-1.0.1/gnu/arm-zephyr-eabi/bin/../lib/gcc/arm-zephyr-eabi/14.3.0/../../../../arm-zephyr-eabi/lib/thumb/v7e-m/nofp/space/libc.a(libc_tinystdio_strtoull.c.o)
                0x08006380                strtoull
 .text.__l_vfprintf
                0x08006498      0x488 /home/adamhage/zephyr-sdk-1.0.1/gnu/arm-zephyr-eabi/bin/../lib/gcc/arm-zephyr-eabi/14.3.0/../../../../arm-zephyr-eabi/lib/thumb/v7e-m/nofp/space/libc.a(libc_tinystdio_vflprintf.c.o)
                0x08006498                __l_vfprintf
 .text._OffsetAbsSyms
                0x08006920        0x2 zephyr/CMakeFiles/offsets.dir/./arch/arm/core/offsets/offsets.c.obj
                0x08006920                _OffsetAbsSyms
 .text.main     0x08006922        0xe app/libapp.a(main.cpp.obj)
                0x08006922                main
 .text.chunk_field
                0x08006930       0x16 zephyr/libzephyr.a(heap.c.obj)
 .text.chunk_set
                0x08006946       0x16 zephyr/libzephyr.a(heap.c.obj)
 .text.chunk_size
                0x0800695c        0xc zephyr/libzephyr.a(heap.c.obj)
 .text.set_chunk_used
                0x08006968       0x30 zephyr/libzephyr.a(heap.c.obj)
 .text.set_chunk_size
                0x08006998        0x8 zephyr/libzephyr.a(heap.c.obj)
 .text.undersized_chunk
                0x080069a0       0x1c zephyr/libzephyr.a(heap.c.obj)
 .text.mem_to_chunkid
                0x080069bc       0x14 zephyr/libzephyr.a(heap.c.obj)
 .text.bucket_idx
                0x080069d0       0x14 zephyr/libzephyr.a(heap.c.obj)
 .text.free_list_remove_bidx
                0x080069e4       0x5c zephyr/libzephyr.a(heap.c.obj)
 .text.free_list_remove
                0x08006a40       0x2c zephyr/libzephyr.a(heap.c.obj)
 .text.alloc_chunk
                0x08006a6c       0x74 zephyr/libzephyr.a(heap.c.obj)
 .text.split_chunks
                0x08006ae0       0x4e zephyr/libzephyr.a(heap.c.obj)
 .text.merge_chunks
                0x08006b2e       0x3c zephyr/libzephyr.a(heap.c.obj)
 .text.free_list_add
                0x08006b6a       0x82 zephyr/libzephyr.a(heap.c.obj)
 .text.sys_heap_free
                0x08006bec       0xc2 zephyr/libzephyr.a(heap.c.obj)
                0x08006bec                sys_heap_free
 .text.sys_heap_alloc
                0x08006cae       0x78 zephyr/libzephyr.a(heap.c.obj)
                0x08006cae                sys_heap_alloc
 .text.sys_heap_noalign_alloc
                0x08006d26        0x6 zephyr/libzephyr.a(heap.c.obj)
                0x08006d26                sys_heap_noalign_alloc
 .text.sys_heap_init
                0x08006d2c       0xa4 zephyr/libzephyr.a(heap.c.obj)
                0x08006d2c                sys_heap_init
 .text.timespec_add
                0x08006dd0       0x60 zephyr/libzephyr.a(clock.c.obj)
 .text.arch_printk_char_out
                0x08006e30        0x4 zephyr/libzephyr.a(printk.c.obj)
                0x08006e30                arch_printk_char_out
 .text.printk   0x08006e34       0x1a zephyr/libzephyr.a(printk.c.obj)
                0x08006e34                printk
 .text.ring_buf_area_claim
                0x08006e4e       0x30 zephyr/libzephyr.a(ring_buffer.c.obj)
                0x08006e4e                ring_buf_area_claim
 .text.ring_buf_put_claim
                0x08006e7e       0x1e zephyr/libzephyr.a(ring_buffer.c.obj)
 .text.ring_buf_get_claim
                0x08006e9c       0x1e zephyr/libzephyr.a(ring_buffer.c.obj)
 .text.ring_buf_area_finish
                0x08006eba       0x32 zephyr/libzephyr.a(ring_buffer.c.obj)
                0x08006eba                ring_buf_area_finish
 .text.ring_buf_put
                0x08006eec       0x40 zephyr/libzephyr.a(ring_buffer.c.obj)
                0x08006eec                ring_buf_put
 .text.ring_buf_get
                0x08006f2c       0x44 zephyr/libzephyr.a(ring_buffer.c.obj)
                0x08006f2c                ring_buf_get
 .text._ConfigAbsSyms
                0x08006f70        0x2 zephyr/libzephyr.a(configs.c.obj)
                0x08006f70                _ConfigAbsSyms
 .text.stm32_gpioport_configure_pin
                0x08006f72       0xa4 zephyr/libzephyr.a(gpioport_mgr.c.obj)
                0x08006f72                stm32_gpioport_configure_pin
 .text.soc_reset_hook
                0x08007016        0x2 zephyr/libzephyr.a(soc_m7.c.obj)
                0x08007016                soc_reset_hook
 .text.thread_valid_cb
                0x08007018        0xc zephyr/libzephyr.a(thread.c.obj)
 .text.uart_irq_tx_disable
                0x08007024        0xa zephyr/libzephyr.a(shell_uart.c.obj)
 .text.enable   0x0800702e       0x12 zephyr/libzephyr.a(shell_uart.c.obj)
 .text.read_uart
                0x08007040       0x12 zephyr/libzephyr.a(shell_uart.c.obj)
 .text.uninit   0x08007052       0x20 zephyr/libzephyr.a(shell_uart.c.obj)
 .text.write_uart
                0x08007072       0x6c zephyr/libzephyr.a(shell_uart.c.obj)
 .text.uart_callback
                0x080070de      0x112 zephyr/libzephyr.a(shell_uart.c.obj)
 .text.cmd_buffer_clear
                0x080071f0       0x16 zephyr/libzephyr.a(shell.c.obj)
 .text.atomic_or
                0x08007206       0x1e zephyr/libzephyr.a(shell.c.obj)
 .text.atomic_and
                0x08007224       0x1e zephyr/libzephyr.a(shell.c.obj)
 .text.z_shell_raw_fprintf
                0x08007242       0x1a zephyr/libzephyr.a(shell.c.obj)
 .text.z_shell_strlen
                0x0800725c        0xc zephyr/libzephyr.a(shell.c.obj)
 .text.z_shell_unlock.isra.0
                0x08007268        0x8 zephyr/libzephyr.a(shell.c.obj)
 .text.z_shell_lock.isra.0
                0x08007270       0x10 zephyr/libzephyr.a(shell.c.obj)
 .text.z_flag_cmd_ctx_set.isra.0
                0x08007280       0x16 zephyr/libzephyr.a(shell.c.obj)
 .text.z_flag_history_exit_set.isra.0
                0x08007296       0x16 zephyr/libzephyr.a(shell.c.obj)
 .text.z_flag_insert_mode_set.isra.0
                0x080072ac       0x1e zephyr/libzephyr.a(shell.c.obj)
 .text.shell_signal_handle
                0x080072ca       0x38 zephyr/libzephyr.a(shell.c.obj)
 .text.z_shell_trylock.constprop.0.isra.0
                0x08007302       0x12 zephyr/libzephyr.a(shell.c.obj)
 .text.transport_evt_handler
                0x08007314       0x14 zephyr/libzephyr.a(shell.c.obj)
 .text.shell_process
                0x08007328       0x32 zephyr/libzephyr.a(shell.c.obj)
                0x08007328                shell_process
 .text.shell_start
                0x0800735a       0x48 zephyr/libzephyr.a(shell.c.obj)
                0x0800735a                shell_start
 .text.shell_vfprintf
                0x080073a2       0x8c zephyr/libzephyr.a(shell.c.obj)
                0x080073a2                shell_vfprintf
 .text.shell_fprintf_impl
                0x0800742e       0x1a zephyr/libzephyr.a(shell.c.obj)
                0x0800742e                shell_fprintf_impl
 .text.shell_fprintf_info
                0x08007448       0x1c zephyr/libzephyr.a(shell.c.obj)
                0x08007448                shell_fprintf_info
 .text.shell_fprintf_normal
                0x08007464       0x1c zephyr/libzephyr.a(shell.c.obj)
                0x08007464                shell_fprintf_normal
 .text.shell_fprintf_warn
                0x08007480       0x1c zephyr/libzephyr.a(shell.c.obj)
                0x08007480                shell_fprintf_warn
 .text.shell_fprintf_error
                0x0800749c       0x1c zephyr/libzephyr.a(shell.c.obj)
                0x0800749c                shell_fprintf_error
 .text.shell_prompt_change
                0x080074b8       0x4e zephyr/libzephyr.a(shell.c.obj)
                0x080074b8                shell_prompt_change
 .text.shell_help
                0x08007506       0x24 zephyr/libzephyr.a(shell.c.obj)
                0x08007506                shell_help
 .text.shell_get_return_value
                0x0800752a       0x10 zephyr/libzephyr.a(shell.c.obj)
                0x0800752a                shell_get_return_value
 .text.shell_set_bypass
                0x0800753a       0x16 zephyr/libzephyr.a(shell.c.obj)
                0x0800753a                shell_set_bypass
 .text.z_shell_fprintf_buffer_flush
                0x08007550       0x18 zephyr/libzephyr.a(shell_fprintf.c.obj)
                0x08007550                z_shell_fprintf_buffer_flush
 .text.out_func
                0x08007568       0x3c zephyr/libzephyr.a(shell_fprintf.c.obj)
 .text.z_shell_strlen
                0x080075a4        0xc zephyr/libzephyr.a(shell_utils.c.obj)
 .text.shell_device_internal
                0x080075b0       0x8e zephyr/libzephyr.a(shell_utils.c.obj)
 .text.z_column_span_with_buffer_offsets_get
                0x0800763e       0x1e zephyr/libzephyr.a(shell_utils.c.obj)
                0x0800763e                z_column_span_with_buffer_offsets_get
 .text.z_row_span_with_buffer_offsets_get
                0x0800765c       0x16 zephyr/libzephyr.a(shell_utils.c.obj)
                0x0800765c                z_row_span_with_buffer_offsets_get
 .text.z_shell_multiline_data_calc
                0x08007672       0x2c zephyr/libzephyr.a(shell_utils.c.obj)
                0x08007672                z_shell_multiline_data_calc
 .text.z_shell_make_argv
                0x0800769e      0x15e zephyr/libzephyr.a(shell_utils.c.obj)
                0x0800769e                z_shell_make_argv
 .text.z_shell_pattern_remove
                0x080077fc       0x4e zephyr/libzephyr.a(shell_utils.c.obj)
                0x080077fc                z_shell_pattern_remove
 .text.z_shell_find_cmd
                0x0800784a       0x58 zephyr/libzephyr.a(shell_utils.c.obj)
                0x0800784a                z_shell_find_cmd
 .text.z_shell_get_last_command
                0x080078a2       0x5c zephyr/libzephyr.a(shell_utils.c.obj)
                0x080078a2                z_shell_get_last_command
 .text.z_shell_spaces_trim
                0x080078fe       0x60 zephyr/libzephyr.a(shell_utils.c.obj)
                0x080078fe                z_shell_spaces_trim
 .text.z_shell_cmd_trim
                0x0800795e       0x74 zephyr/libzephyr.a(shell_utils.c.obj)
                0x0800795e                z_shell_cmd_trim
 .text.shell_device_lookup_all
                0x080079d2        0x8 zephyr/libzephyr.a(shell_utils.c.obj)
                0x080079d2                shell_device_lookup_all
 .text.shell_device_lookup_non_ready
                0x080079da        0x8 zephyr/libzephyr.a(shell_utils.c.obj)
                0x080079da                shell_device_lookup_non_ready
 .text.shell_device_get_binding
                0x080079e2       0x16 zephyr/libzephyr.a(shell_utils.c.obj)
                0x080079e2                shell_device_get_binding
 .text.shell_device_get_binding_all
                0x080079f8       0x84 zephyr/libzephyr.a(shell_utils.c.obj)
                0x080079f8                shell_device_get_binding_all
 .text.z_shell_raw_fprintf
                0x08007a7c       0x1a zephyr/libzephyr.a(shell_ops.c.obj)
 .text.full_line_cmd.isra.0
                0x08007a96       0x24 zephyr/libzephyr.a(shell_ops.c.obj)
 .text.z_shell_cursor_in_empty_line
                0x08007aba       0x2e zephyr/libzephyr.a(shell_ops.c.obj)
                0x08007aba                z_shell_cursor_in_empty_line
 .text.z_shell_op_cond_next_line
                0x08007ae8       0x1e zephyr/libzephyr.a(shell_ops.c.obj)
                0x08007ae8                z_shell_op_cond_next_line
 .text.z_shell_op_cursor_position_synchronize
                0x08007b06       0x4a zephyr/libzephyr.a(shell_ops.c.obj)
                0x08007b06                z_shell_op_cursor_position_synchronize
 .text.z_shell_op_cursor_move
                0x08007b50       0x50 zephyr/libzephyr.a(shell_ops.c.obj)
                0x08007b50                z_shell_op_cursor_move
 .text.z_shell_op_cursor_word_move
                0x08007ba0       0x7e zephyr/libzephyr.a(shell_ops.c.obj)
                0x08007ba0                z_shell_op_cursor_word_move
 .text.z_shell_op_cursor_home_move
                0x08007c1e        0xe zephyr/libzephyr.a(shell_ops.c.obj)
                0x08007c1e                z_shell_op_cursor_home_move
 .text.z_shell_op_cursor_end_move
                0x08007c2c       0x12 zephyr/libzephyr.a(shell_ops.c.obj)
                0x08007c2c                z_shell_op_cursor_end_move
 .text.z_shell_op_left_arrow
                0x08007c3e       0x12 zephyr/libzephyr.a(shell_ops.c.obj)
                0x08007c3e                z_shell_op_left_arrow
 .text.z_shell_op_right_arrow
                0x08007c50       0x16 zephyr/libzephyr.a(shell_ops.c.obj)
                0x08007c50                z_shell_op_right_arrow
 .text.z_shell_op_delete_from_cursor
                0x08007c66       0x1c zephyr/libzephyr.a(shell_ops.c.obj)
                0x08007c66                z_shell_op_delete_from_cursor
 .text.z_shell_cmd_line_erase
                0x08007c82       0x36 zephyr/libzephyr.a(shell_ops.c.obj)
                0x08007c82                z_shell_cmd_line_erase
 .text.z_shell_write
                0x08007cb8       0x82 zephyr/libzephyr.a(shell_ops.c.obj)
                0x08007cb8                z_shell_write
 .text.z_shell_print_stream
                0x08007d3a        0x4 zephyr/libzephyr.a(shell_ops.c.obj)
                0x08007d3a                z_shell_print_stream
 .text.z_shell_vfprintf
                0x08007d3e       0x4a zephyr/libzephyr.a(shell_ops.c.obj)
                0x08007d3e                z_shell_vfprintf
 .text.z_shell_fprintf
                0x08007d88       0x1a zephyr/libzephyr.a(shell_ops.c.obj)
                0x08007d88                z_shell_fprintf
 .text.data_insert
                0x08007da2       0x74 zephyr/libzephyr.a(shell_ops.c.obj)
 .text.z_shell_op_completion_insert
                0x08007e16        0x4 zephyr/libzephyr.a(shell_ops.c.obj)
                0x08007e16                z_shell_op_completion_insert
 .text.z_shell_op_char_delete
                0x08007e1a       0x3e zephyr/libzephyr.a(shell_ops.c.obj)
                0x08007e1a                z_shell_op_char_delete
 .text.z_shell_op_char_backspace
                0x08007e58       0x26 zephyr/libzephyr.a(shell_ops.c.obj)
                0x08007e58                z_shell_op_char_backspace
 .text.z_shell_backend_rx_buffer_flush
                0x08007e7e       0x2a zephyr/libzephyr.a(shell_ops.c.obj)
                0x08007e7e                z_shell_backend_rx_buffer_flush
 .text.shell_help_is_structured
                0x08007ea8       0x24 zephyr/libzephyr.a(shell_help.c.obj)
 .text.z_shell_raw_fprintf
                0x08007ecc       0x1a zephyr/libzephyr.a(shell_help.c.obj)
 .text.formatted_text_print.part.0
                0x08007ee6       0xcc zephyr/libzephyr.a(shell_help.c.obj)
 .text.cmd_comment
                0x08007fb2        0x4 zephyr/libzephyr.a(shell_cmds.c.obj)
 .text.cmd_shell_stats_reset
                0x08007fb6        0x8 zephyr/libzephyr.a(shell_cmds.c.obj)
 .text.z_shell_raw_fprintf
                0x08007fbe       0x1a zephyr/libzephyr.a(shell_cmds.c.obj)
 .text.cmd_prompt_on
                0x08007fd8        0xc zephyr/libzephyr.a(shell_cmds.c.obj)
 .text.cmd_echo_on
                0x08007fe4       0x22 zephyr/libzephyr.a(shell_cmds.c.obj)
 .text.cmd_backspace_mode_backspace
                0x08008006       0x22 zephyr/libzephyr.a(shell_cmds.c.obj)
 .text.cmd_colors_off
                0x08008028       0x22 zephyr/libzephyr.a(shell_cmds.c.obj)
 .text.cmd_vt100_off
                0x0800804a       0x22 zephyr/libzephyr.a(shell_cmds.c.obj)
 .text.cmd_echo_off
                0x0800806c       0x22 zephyr/libzephyr.a(shell_cmds.c.obj)
 .text.cmd_backspace_mode_delete
                0x0800808e       0x22 zephyr/libzephyr.a(shell_cmds.c.obj)
 .text.cmd_colors_on
                0x080080b0       0x22 zephyr/libzephyr.a(shell_cmds.c.obj)
 .text.cmd_vt100_on
                0x080080d2       0x22 zephyr/libzephyr.a(shell_cmds.c.obj)
 .text.z_shell_history_mode_exit
                0x080080f4        0x6 zephyr/libzephyr.a(shell_history.c.obj)
                0x080080f4                z_shell_history_mode_exit
 .text.z_shell_history_get
                0x080080fa       0x56 zephyr/libzephyr.a(shell_history.c.obj)
                0x080080fa                z_shell_history_get
 .text.z_shell_history_put
                0x08008150       0x76 zephyr/libzephyr.a(shell_history.c.obj)
                0x08008150                z_shell_history_put
 .text.z_shell_history_purge
                0x080081c6       0x2a zephyr/libzephyr.a(shell_history.c.obj)
                0x080081c6                z_shell_history_purge
 .text.z_shell_has_wildcard
                0x080081f0       0x28 zephyr/libzephyr.a(shell_wildcard.c.obj)
                0x080081f0                z_shell_has_wildcard
 .text.z_shell_wildcard_prepare
                0x08008218       0x42 zephyr/libzephyr.a(shell_wildcard.c.obj)
                0x08008218                z_shell_wildcard_prepare
 .text.z_shell_wildcard_finalize
                0x0800825a       0x20 zephyr/libzephyr.a(shell_wildcard.c.obj)
                0x0800825a                z_shell_wildcard_finalize
 .text.arch_early_memset
                0x0800827a        0x4 zephyr/arch/common/libarch__common.a(init.c.obj)
                0x0800827a                arch_early_memset
 .text.arch_early_memcpy
                0x0800827e        0x4 zephyr/arch/common/libarch__common.a(init.c.obj)
                0x0800827e                arch_early_memcpy
 .text.z_do_kernel_oops
                0x08008282        0x8 zephyr/arch/arch/arm/core/libarch__arm__core.a(fatal.c.obj)
                0x08008282                z_do_kernel_oops
 .text.z_arm_nmi
                0x0800828a        0xe zephyr/arch/arch/arm/core/libarch__arm__core.a(nmi.c.obj)
                0x0800828a                z_arm_nmi
 .text.z_irq_spurious
                0x08008298        0x8 zephyr/arch/arch/arm/core/cortex_m/libarch__arm__core__cortex_m.a(irq_manage.c.obj)
                0x08008298                z_irq_spurious
 .text.arch_coprocessors_disable
                0x080082a0        0x6 zephyr/arch/arch/arm/core/cortex_m/libarch__arm__core__cortex_m.a(thread.c.obj)
                0x080082a0                arch_coprocessors_disable
 .text.arch_irq_unlock_outlined
                0x080082a6        0xe zephyr/arch/arch/arm/core/cortex_m/libarch__arm__core__cortex_m.a(thread.c.obj)
                0x080082a6                arch_irq_unlock_outlined
 .text.arch_cpu_idle
                0x080082b4       0x1a zephyr/arch/arch/arm/core/cortex_m/libarch__arm__core__cortex_m.a(cpu_idle.c.obj)
                0x080082b4                arch_cpu_idle
 .text.arch_cache_init
                0x080082ce        0x2 zephyr/arch/arch/arm/core/cortex_m/libarch__arm__core__cortex_m.a(cache.c.obj)
                0x080082ce                arch_cache_init
 .text.cbputc   0x080082d0        0xc zephyr/lib/libc/picolibc/liblib__libc__picolibc.a(cbprintf.c.obj)
 .text.foldcase
                0x080082dc       0x10 zephyr/subsys/portability/posix/c_lib_ext/libsubsys__portability__posix__c_lib_ext.a(fnmatch.c.obj)
 .text.fnmatch  0x080082ec       0x14 zephyr/subsys/portability/posix/c_lib_ext/libsubsys__portability__posix__c_lib_ext.a(fnmatch.c.obj)
                0x080082ec                fnmatch
 .text.stm32_exti_is_pending
                0x08008300       0x38 zephyr/drivers/interrupt_controller/libdrivers__interrupt_controller.a(intc_exti_stm32.c.obj)
                0x08008300                stm32_exti_is_pending
 .text.stm32_exti_clear_pending
                0x08008338       0x34 zephyr/drivers/interrupt_controller/libdrivers__interrupt_controller.a(intc_exti_stm32.c.obj)
                0x08008338                stm32_exti_clear_pending
 .text.stm32_exti_gpio_intc_init
                0x0800836c       0x92 zephyr/drivers/interrupt_controller/libdrivers__interrupt_controller.a(intc_gpio_stm32.c.obj)
 .text.stm32_gpio_intc_get_pin_irq_line
                0x080083fe        0xa zephyr/drivers/interrupt_controller/libdrivers__interrupt_controller.a(intc_gpio_stm32.c.obj)
                0x080083fe                stm32_gpio_intc_get_pin_irq_line
 .text.stm32_gpio_intc_disable_line
                0x08008408       0x12 zephyr/drivers/interrupt_controller/libdrivers__interrupt_controller.a(intc_gpio_stm32.c.obj)
                0x08008408                stm32_gpio_intc_disable_line
 .text.stm32_gpio_intc_select_line_trigger
                0x0800841a       0x52 zephyr/drivers/interrupt_controller/libdrivers__interrupt_controller.a(intc_gpio_stm32.c.obj)
                0x0800841a                stm32_gpio_intc_select_line_trigger
 .text.stm32_exti_set_line_src_port
                0x0800846c       0x3a zephyr/drivers/interrupt_controller/libdrivers__interrupt_controller.a(intc_gpio_stm32.c.obj)
                0x0800846c                stm32_exti_set_line_src_port
 .text.stm32_clock_control_on
                0x080084a6       0x44 zephyr/drivers/clock_control/libdrivers__clock_control.a(clock_stm32_ll_h7.c.obj)
 .text.stm32_clock_control_off
                0x080084ea       0x2e zephyr/drivers/clock_control/libdrivers__clock_control.a(clock_stm32_ll_h7.c.obj)
 .text.enabled_clock
                0x08008518       0x16 zephyr/drivers/clock_control/libdrivers__clock_control.a(clock_stm32_ll_h7.c.obj)
                0x08008518                enabled_clock
 .text.stm32_clock_control_configure
                0x0800852e       0x46 zephyr/drivers/clock_control/libdrivers__clock_control.a(clock_stm32_ll_h7.c.obj)
 .text.stm32_clock_control_get_status
                0x08008574       0x38 zephyr/drivers/clock_control/libdrivers__clock_control.a(clock_stm32_ll_h7.c.obj)
 .text.gpio_stm32_port_get_raw
                0x080085ac        0xc zephyr/drivers/gpio/libdrivers__gpio.a(gpio_stm32.c.obj)
 .text.gpio_stm32_port_set_masked_raw
                0x080085b8       0x12 zephyr/drivers/gpio/libdrivers__gpio.a(gpio_stm32.c.obj)
 .text.gpio_stm32_port_set_bits_raw
                0x080085ca        0xa zephyr/drivers/gpio/libdrivers__gpio.a(gpio_stm32.c.obj)
 .text.gpio_stm32_port_clear_bits_raw
                0x080085d4        0xc zephyr/drivers/gpio/libdrivers__gpio.a(gpio_stm32.c.obj)
 .text.gpio_stm32_port_toggle_bits
                0x080085e0        0xe zephyr/drivers/gpio/libdrivers__gpio.a(gpio_stm32.c.obj)
 .text.gpio_stm32_manage_callback
                0x080085ee       0x54 zephyr/drivers/gpio/libdrivers__gpio.a(gpio_stm32.c.obj)
 .text.gpio_stm32_config
                0x08008642       0xd6 zephyr/drivers/gpio/libdrivers__gpio.a(gpio_stm32.c.obj)
 .text.gpio_stm32_isr
                0x08008718       0x2c zephyr/drivers/gpio/libdrivers__gpio.a(gpio_stm32.c.obj)
 .text.pin_cmp  0x08008744       0x26 zephyr/drivers/gpio/libdrivers__gpio.a(gpio_shell.c.obj)
 .text.pin_get_next
                0x0800876a       0x32 zephyr/drivers/gpio/libdrivers__gpio.a(gpio_shell.c.obj)
 .text.pinctrl_lookup_state
                0x0800879c       0x24 zephyr/drivers/pinctrl/libdrivers__pinctrl.a(common.c.obj)
                0x0800879c                pinctrl_lookup_state
 .text.pinctrl_configure_pins
                0x080087c0       0x82 zephyr/drivers/pinctrl/libdrivers__pinctrl.a(pinctrl_stm32.c.obj)
                0x080087c0                pinctrl_configure_pins
 .text.reset_stm32_status
                0x08008842       0x20 zephyr/drivers/reset/libdrivers__reset.a(reset_stm32.c.obj)
 .text.reset_stm32_line_assert
                0x08008862       0x1c zephyr/drivers/reset/libdrivers__reset.a(reset_stm32.c.obj)
 .text.reset_stm32_line_deassert
                0x0800887e       0x1e zephyr/drivers/reset/libdrivers__reset.a(reset_stm32.c.obj)
 .text.reset_stm32_line_toggle
                0x0800889c       0x16 zephyr/drivers/reset/libdrivers__reset.a(reset_stm32.c.obj)
 .text.uart_stm32_ll2cfg_databits
                0x080088b2       0x2a zephyr/drivers/serial/libdrivers__serial.a(uart_stm32.c.obj)
 .text.uart_stm32_err_check
                0x080088dc       0x5a zephyr/drivers/serial/libdrivers__serial.a(uart_stm32.c.obj)
 .text.uart_stm32_irq_tx_enable
                0x08008936       0x16 zephyr/drivers/serial/libdrivers__serial.a(uart_stm32.c.obj)
 .text.uart_stm32_irq_tx_disable
                0x0800894c       0x16 zephyr/drivers/serial/libdrivers__serial.a(uart_stm32.c.obj)
 .text.uart_stm32_irq_rx_enable
                0x08008962       0x16 zephyr/drivers/serial/libdrivers__serial.a(uart_stm32.c.obj)
 .text.uart_stm32_irq_rx_disable
                0x08008978       0x16 zephyr/drivers/serial/libdrivers__serial.a(uart_stm32.c.obj)
 .text.uart_stm32_irq_rx_ready
                0x0800898e        0xc zephyr/drivers/serial/libdrivers__serial.a(uart_stm32.c.obj)
 .text.uart_stm32_irq_update
                0x0800899a        0x4 zephyr/drivers/serial/libdrivers__serial.a(uart_stm32.c.obj)
 .text.uart_stm32_irq_callback_set
                0x0800899e        0x8 zephyr/drivers/serial/libdrivers__serial.a(uart_stm32.c.obj)
 .text.uart_stm32_isr
                0x080089a6        0xc zephyr/drivers/serial/libdrivers__serial.a(uart_stm32.c.obj)
 .text.uart_stm32_irq_config_func_0
                0x080089b2       0x16 zephyr/drivers/serial/libdrivers__serial.a(uart_stm32.c.obj)
 .text.uart_stm32_set_baudrate.isra.0
                0x080089c8       0x48 zephyr/drivers/serial/libdrivers__serial.a(uart_stm32.c.obj)
 .text.uart_stm32_irq_tx_complete
                0x08008a10        0xc zephyr/drivers/serial/libdrivers__serial.a(uart_stm32.c.obj)
 .text.uart_stm32_irq_tx_ready
                0x08008a1c       0x14 zephyr/drivers/serial/libdrivers__serial.a(uart_stm32.c.obj)
 .text.uart_stm32_config_get
                0x08008a30       0x92 zephyr/drivers/serial/libdrivers__serial.a(uart_stm32.c.obj)
 .text.uart_stm32_fifo_fill
                0x08008ac2       0x58 zephyr/drivers/serial/libdrivers__serial.a(uart_stm32.c.obj)
 .text.uart_stm32_poll_out
                0x08008b1a       0x36 zephyr/drivers/serial/libdrivers__serial.a(uart_stm32.c.obj)
 .text.uart_stm32_irq_is_pending
                0x08008b50       0x24 zephyr/drivers/serial/libdrivers__serial.a(uart_stm32.c.obj)
 .text.uart_stm32_fifo_read
                0x08008b74       0x42 zephyr/drivers/serial/libdrivers__serial.a(uart_stm32.c.obj)
 .text.uart_stm32_poll_in
                0x08008bb6       0x22 zephyr/drivers/serial/libdrivers__serial.a(uart_stm32.c.obj)
 .text.z_impl_k_busy_wait
                0x08008bd8       0x1a zephyr/kernel/libkernel.a(busy_wait.c.obj)
                0x08008bd8                z_impl_k_busy_wait
 .text.do_device_init
                0x08008bf2       0x30 zephyr/kernel/libkernel.a(device.c.obj)
                0x08008bf2                do_device_init
 .text.z_impl_device_init
                0x08008c22       0x12 zephyr/kernel/libkernel.a(device.c.obj)
                0x08008c22                z_impl_device_init
 .text.z_impl_device_is_ready
                0x08008c34       0x16 zephyr/kernel/libkernel.a(device.c.obj)
                0x08008c34                z_impl_device_is_ready
 .text.arch_system_halt
                0x08008c4a       0x10 zephyr/kernel/libkernel.a(fatal.c.obj)
                0x08008c4a                arch_system_halt
 .text.k_sys_fatal_error_handler
                0x08008c5a        0x6 zephyr/kernel/libkernel.a(fatal.c.obj)
                0x08008c5a                k_sys_fatal_error_handler
 .text.z_heap_alloc_helper
                0x08008c60       0x84 zephyr/kernel/libkernel.a(kheap.c.obj)
 .text.k_heap_init
                0x08008ce4       0x14 zephyr/kernel/libkernel.a(kheap.c.obj)
                0x08008ce4                k_heap_init
 .text.k_heap_free
                0x08008cf8       0x38 zephyr/kernel/libkernel.a(kheap.c.obj)
                0x08008cf8                k_heap_free
 .text.idle     0x08008d30       0x16 zephyr/kernel/libkernel.a(idle.c.obj)
                0x08008d30                idle
 .text.z_impl_k_sem_init
                0x08008d46       0x18 zephyr/kernel/libkernel.a(sem.c.obj)
                0x08008d46                z_impl_k_sem_init
 .text.k_is_in_isr
                0x08008d5e        0xc zephyr/kernel/libkernel.a(thread.c.obj)
                0x08008d5e                k_is_in_isr
 .text.k_thread_name_get
                0x08008d6a        0x4 zephyr/kernel/libkernel.a(thread.c.obj)
                0x08008d6a                k_thread_name_get
 .text.z_stack_space_get
                0x08008d6e       0x18 zephyr/kernel/libkernel.a(thread.c.obj)
                0x08008d6e                z_stack_space_get
 .text.z_impl_k_thread_stack_space_get
                0x08008d86       0x10 zephyr/kernel/libkernel.a(thread.c.obj)
                0x08008d86                z_impl_k_thread_stack_space_get
 .text.sys_dlist_remove
                0x08008d96       0x10 zephyr/kernel/libkernel.a(sched.c.obj)
 .text.unpend_thread_no_timeout
                0x08008da6       0x14 zephyr/kernel/libkernel.a(sched.c.obj)
 .text.add_to_waitq_locked
                0x08008dba       0x4c zephyr/kernel/libkernel.a(sched.c.obj)
 .text.z_ready_thread
                0x08008e06       0x1e zephyr/kernel/libkernel.a(sched.c.obj)
                0x08008e06                z_ready_thread
 .text.z_impl_k_thread_resume
                0x08008e24       0x34 zephyr/kernel/libkernel.a(sched.c.obj)
                0x08008e24                z_impl_k_thread_resume
 .text.z_sched_wake_thread_locked
                0x08008e58       0x28 zephyr/kernel/libkernel.a(sched.c.obj)
                0x08008e58                z_sched_wake_thread_locked
 .text.z_thread_timeout
                0x08008e80       0x20 zephyr/kernel/libkernel.a(sched.c.obj)
                0x08008e80                z_thread_timeout
 .text.z_unpend1_no_timeout
                0x08008ea0       0x2c zephyr/kernel/libkernel.a(sched.c.obj)
                0x08008ea0                z_unpend1_no_timeout
 .text.z_reschedule
                0x08008ecc        0x6 zephyr/kernel/libkernel.a(sched.c.obj)
                0x08008ecc                z_reschedule
 .text.z_unpend_all_locked
                0x08008ed2       0x2e zephyr/kernel/libkernel.a(sched.c.obj)
                0x08008ed2                z_unpend_all_locked
 .text.z_unpend_all
                0x08008f00       0x1e zephyr/kernel/libkernel.a(sched.c.obj)
                0x08008f00                z_unpend_all
 .text.z_impl_k_sleep
                0x08008f1e       0x32 zephyr/kernel/libkernel.a(sched.c.obj)
                0x08008f1e                z_impl_k_sleep
 .text.z_impl_k_wakeup
                0x08008f50       0x40 zephyr/kernel/libkernel.a(sched.c.obj)
                0x08008f50                z_impl_k_wakeup
 .text.z_sched_waitq_walk
                0x08008f90       0x68 zephyr/kernel/libkernel.a(sched.c.obj)
                0x08008f90                z_sched_waitq_walk
 .text.next_timeout
                0x08008ff8       0x2e zephyr/kernel/libkernel.a(timeout.c.obj)
 .text.z_abort_timeout
                0x08009026       0x6a zephyr/kernel/libkernel.a(timeout.c.obj)
                0x08009026                z_abort_timeout
 .text.sys_clock_tick_get_32
                0x08009090        0x8 zephyr/kernel/libkernel.a(timeout.c.obj)
                0x08009090                sys_clock_tick_get_32
 .text.z_impl_k_uptime_ticks
                0x08009098        0x4 zephyr/kernel/libkernel.a(timeout.c.obj)
                0x08009098                z_impl_k_uptime_ticks
 .text.sys_timepoint_calc
                0x0800909c       0x4a zephyr/kernel/libkernel.a(timeout.c.obj)
                0x0800909c                sys_timepoint_calc
 .text.sys_timepoint_timeout
                0x080090e6       0x42 zephyr/kernel/libkernel.a(timeout.c.obj)
                0x080090e6                sys_timepoint_timeout
 .text.k_event_wait_internal
                0x08009128       0x86 zephyr/kernel/libkernel.a(events.c.obj)
 .text.event_walk_op
                0x080091ae       0x3e zephyr/kernel/libkernel.a(events.c.obj)
 .text.z_impl_k_event_init
                0x080091ec        0xc zephyr/kernel/libkernel.a(events.c.obj)
                0x080091ec                z_impl_k_event_init
 .text.z_impl_k_event_post
                0x080091f8        0x6 zephyr/kernel/libkernel.a(events.c.obj)
                0x080091f8                z_impl_k_event_post
 .text.z_impl_k_event_clear
                0x080091fe        0x8 zephyr/kernel/libkernel.a(events.c.obj)
                0x080091fe                z_impl_k_event_clear
 .text.z_impl_k_event_wait
                0x08009206        0x6 zephyr/kernel/libkernel.a(events.c.obj)
                0x08009206                z_impl_k_event_wait
 .text.memcpy   0x0800920c       0x1c /home/adamhage/zephyr-sdk-1.0.1/gnu/arm-zephyr-eabi/bin/../lib/gcc/arm-zephyr-eabi/14.3.0/../../../../arm-zephyr-eabi/lib/thumb/v7e-m/nofp/space/libc.a(memcpy.c.o)
                0x0800920c                memcpy
                0x0800920c                __aeabi_memcpy
                0x0800920c                __aeabi_memcpy4
                0x0800920c                __aeabi_memcpy8
 .text.memmove  0x08009228       0x32 /home/adamhage/zephyr-sdk-1.0.1/gnu/arm-zephyr-eabi/bin/../lib/gcc/arm-zephyr-eabi/14.3.0/../../../../arm-zephyr-eabi/lib/thumb/v7e-m/nofp/space/libc.a(memmove.c.o)
                0x08009228                memmove
                0x08009228                __aeabi_memmove8
                0x08009228                __aeabi_memmove
                0x08009228                __aeabi_memmove4
 .text.memset   0x0800925a       0x10 /home/adamhage/zephyr-sdk-1.0.1/gnu/arm-zephyr-eabi/bin/../lib/gcc/arm-zephyr-eabi/14.3.0/../../../../arm-zephyr-eabi/lib/thumb/v7e-m/nofp/space/libc.a(memset.c.o)
                0x0800925a                memset
 .text.memcmp   0x0800926a       0x20 /home/adamhage/zephyr-sdk-1.0.1/gnu/arm-zephyr-eabi/bin/../lib/gcc/arm-zephyr-eabi/14.3.0/../../../../arm-zephyr-eabi/lib/thumb/v7e-m/nofp/space/libc.a(libc_string_memcmp.c.o)
                0x0800926a                memcmp
 .text.strchr   0x0800928a       0x1a /home/adamhage/zephyr-sdk-1.0.1/gnu/arm-zephyr-eabi/bin/../lib/gcc/arm-zephyr-eabi/14.3.0/../../../../arm-zephyr-eabi/lib/thumb/v7e-m/nofp/space/libc.a(libc_string_strchr.c.o)
                0x0800928a                strchr
 .text.strncmp  0x080092a4       0x24 /home/adamhage/zephyr-sdk-1.0.1/gnu/arm-zephyr-eabi/bin/../lib/gcc/arm-zephyr-eabi/14.3.0/../../../../arm-zephyr-eabi/lib/thumb/v7e-m/nofp/space/libc.a(libc_string_strncmp.c.o)
                0x080092a4                strncmp
 .text.strncpy  0x080092c8       0x26 /home/adamhage/zephyr-sdk-1.0.1/gnu/arm-zephyr-eabi/bin/../lib/gcc/arm-zephyr-eabi/14.3.0/../../../../arm-zephyr-eabi/lib/thumb/v7e-m/nofp/space/libc.a(libc_string_strncpy.c.o)
                0x080092c8                strncpy
 .text.strnlen  0x080092ee       0x18 /home/adamhage/zephyr-sdk-1.0.1/gnu/arm-zephyr-eabi/bin/../lib/gcc/arm-zephyr-eabi/14.3.0/../../../../arm-zephyr-eabi/lib/thumb/v7e-m/nofp/space/libc.a(libc_string_strnlen.c.o)
                0x080092ee                strnlen
 .text.strstr   0x08009306       0x2c /home/adamhage/zephyr-sdk-1.0.1/gnu/arm-zephyr-eabi/bin/../lib/gcc/arm-zephyr-eabi/14.3.0/../../../../arm-zephyr-eabi/lib/thumb/v7e-m/nofp/space/libc.a(libc_string_strstr.c.o)
                0x08009306                strstr
 .text.__ultoa_invert
                0x08009332       0xae /home/adamhage/zephyr-sdk-1.0.1/gnu/arm-zephyr-eabi/bin/../lib/gcc/arm-zephyr-eabi/14.3.0/../../../../arm-zephyr-eabi/lib/thumb/v7e-m/nofp/space/libc.a(libc_tinystdio_vflprintf.c.o)
 .text.__file_str_put
                0x080093e0       0x10 /home/adamhage/zephyr-sdk-1.0.1/gnu/arm-zephyr-eabi/bin/../lib/gcc/arm-zephyr-eabi/14.3.0/../../../../arm-zephyr-eabi/lib/thumb/v7e-m/nofp/space/libc.a(libc_tinystdio_filestrput.c.o)
                0x080093e0                __file_str_put
 *(SORT_BY_ALIGNMENT(.gnu.linkonce.t.*))
 *(SORT_BY_ALIGNMENT(.glue_7t))
 .glue_7t       0x080093f0        0x0 linker stubs
 *(SORT_BY_ALIGNMENT(.glue_7))
 .glue_7        0x080093f0        0x0 linker stubs
 *(SORT_BY_ALIGNMENT(.vfp11_veneer))
 .vfp11_veneer  0x080093f0        0x0 linker stubs
 *(SORT_BY_ALIGNMENT(.v4_bx))
 .v4_bx         0x080093f0        0x0 linker stubs
                0x080093f0                        . = ALIGN (0x4)
                0x080093f0                        __text_region_end = .

.ARM.extab
 *(SORT_BY_ALIGNMENT(.ARM.extab*) SORT_BY_ALIGNMENT(.gnu.linkonce.armextab.*))

.ARM.exidx      0x080093f0        0x8
                0x080093f0                        __exidx_start = .
 *(SORT_BY_ALIGNMENT(.ARM.exidx*) SORT_BY_ALIGNMENT(gnu.linkonce.armexidx.*))
 .ARM.exidx     0x080093f0        0x8 /home/adamhage/zephyr-sdk-1.0.1/gnu/arm-zephyr-eabi/bin/../lib/gcc/arm-zephyr-eabi/14.3.0/thumb/v7e-m/nofp/space/libgcc.a(_udivmoddi4.o)
                0x080093f8                        __exidx_end = .
                0x080093f8                        __rodata_region_start = .

initlevel       0x080093f8       0xa8
                0x080093f8                        __init_start = .
                0x080093f8                        __init_EARLY_start = .
 *(SORT_BY_NAME(SORT_BY_ALIGNMENT(.z_init_EARLY_P_?_*)))
 *(SORT_BY_NAME(SORT_BY_ALIGNMENT(.z_init_EARLY_P_??_*)))
 *(SORT_BY_NAME(SORT_BY_ALIGNMENT(.z_init_EARLY_P_???_*)))
                0x080093f8                        __init_PRE_KERNEL_1_start = .
 *(SORT_BY_NAME(SORT_BY_ALIGNMENT(.z_init_PRE_KERNEL_1_P_?_*)))
 .z_init_PRE_KERNEL_1_P_1_SUB_00007_
                0x080093f8        0x8 zephyr/drivers/clock_control/libdrivers__clock_control.a(clock_stm32_ll_h7.c.obj)
 .z_init_PRE_KERNEL_1_P_1_SUB_0_
                0x08009400        0x8 zephyr/libzephyr.a(soc_config.c.obj)
 *(SORT_BY_NAME(SORT_BY_ALIGNMENT(.z_init_PRE_KERNEL_1_P_??_*)))
 .z_init_PRE_KERNEL_1_P_30_SUB_0_
                0x08009408        0x8 zephyr/kernel/libkernel.a(kheap.c.obj)
 .z_init_PRE_KERNEL_1_P_35_SUB_00056_
                0x08009410        0x8 zephyr/drivers/reset/libdrivers__reset.a(reset_stm32.c.obj)
 .z_init_PRE_KERNEL_1_P_40_SUB_00068_
                0x08009418        0x8 zephyr/drivers/interrupt_controller/libdrivers__interrupt_controller.a(intc_exti_stm32.c.obj)
 .z_init_PRE_KERNEL_1_P_40_SUB_00108_
                0x08009420        0x8 zephyr/libzephyr.a(gpioport_mgr.c.obj)
 .z_init_PRE_KERNEL_1_P_40_SUB_00109_
                0x08009428        0x8 zephyr/libzephyr.a(gpioport_mgr.c.obj)
 .z_init_PRE_KERNEL_1_P_40_SUB_00110_
                0x08009430        0x8 zephyr/libzephyr.a(gpioport_mgr.c.obj)
 .z_init_PRE_KERNEL_1_P_40_SUB_00111_
                0x08009438        0x8 zephyr/libzephyr.a(gpioport_mgr.c.obj)
 .z_init_PRE_KERNEL_1_P_40_SUB_00112_
                0x08009440        0x8 zephyr/libzephyr.a(gpioport_mgr.c.obj)
 .z_init_PRE_KERNEL_1_P_40_SUB_00113_
                0x08009448        0x8 zephyr/libzephyr.a(gpioport_mgr.c.obj)
 .z_init_PRE_KERNEL_1_P_40_SUB_00114_
                0x08009450        0x8 zephyr/libzephyr.a(gpioport_mgr.c.obj)
 .z_init_PRE_KERNEL_1_P_40_SUB_00115_
                0x08009458        0x8 zephyr/libzephyr.a(gpioport_mgr.c.obj)
 .z_init_PRE_KERNEL_1_P_40_SUB_00116_
                0x08009460        0x8 zephyr/libzephyr.a(gpioport_mgr.c.obj)
 .z_init_PRE_KERNEL_1_P_40_SUB_00117_
                0x08009468        0x8 zephyr/libzephyr.a(gpioport_mgr.c.obj)
 .z_init_PRE_KERNEL_1_P_40_SUB_00118_
                0x08009470        0x8 zephyr/libzephyr.a(gpioport_mgr.c.obj)
 .z_init_PRE_KERNEL_1_P_40_SUB_0_
                0x08009478        0x8 zephyr/drivers/interrupt_controller/libdrivers__interrupt_controller.a(intc_gpio_stm32.c.obj)
 .z_init_PRE_KERNEL_1_P_50_SUB_00085_
                0x08009480        0x8 zephyr/drivers/serial/libdrivers__serial.a(uart_stm32.c.obj)
 *(SORT_BY_NAME(SORT_BY_ALIGNMENT(.z_init_PRE_KERNEL_1_P_???_*)))
                0x08009488                        __init_PRE_KERNEL_2_start = .
 *(SORT_BY_NAME(SORT_BY_ALIGNMENT(.z_init_PRE_KERNEL_2_P_?_*)))
 .z_init_PRE_KERNEL_2_P_0_SUB_0_
                0x08009488        0x8 zephyr/drivers/timer/libdrivers__timer.a(cortex_m_systick.c.obj)
 *(SORT_BY_NAME(SORT_BY_ALIGNMENT(.z_init_PRE_KERNEL_2_P_??_*)))
 *(SORT_BY_NAME(SORT_BY_ALIGNMENT(.z_init_PRE_KERNEL_2_P_???_*)))
                0x08009490                        __init_POST_KERNEL_start = .
 *(SORT_BY_NAME(SORT_BY_ALIGNMENT(.z_init_POST_KERNEL_P_?_*)))
 *(SORT_BY_NAME(SORT_BY_ALIGNMENT(.z_init_POST_KERNEL_P_??_*)))
 .z_init_POST_KERNEL_P_35_SUB_0_
                0x08009490        0x8 zephyr/lib/libc/common/liblib__libc__common.a(malloc.c.obj)
 .z_init_POST_KERNEL_P_90_SUB_0_
                0x08009498        0x8 zephyr/libzephyr.a(shell_uart.c.obj)
 *(SORT_BY_NAME(SORT_BY_ALIGNMENT(.z_init_POST_KERNEL_P_???_*)))
                0x080094a0                        __init_APPLICATION_start = .
 *(SORT_BY_NAME(SORT_BY_ALIGNMENT(.z_init_APPLICATION_P_?_*)))
 *(SORT_BY_NAME(SORT_BY_ALIGNMENT(.z_init_APPLICATION_P_??_*)))
 *(SORT_BY_NAME(SORT_BY_ALIGNMENT(.z_init_APPLICATION_P_???_*)))
                0x080094a0                        __init_SMP_start = .
 *(SORT_BY_NAME(SORT_BY_ALIGNMENT(.z_init_SMP_P_?_*)))
 *(SORT_BY_NAME(SORT_BY_ALIGNMENT(.z_init_SMP_P_??_*)))
 *(SORT_BY_NAME(SORT_BY_ALIGNMENT(.z_init_SMP_P_???_*)))
                0x080094a0                        __init_end = .

device_area     0x080094a0      0x1e0
                0x080094a0                        _device_list_start = .
 *(SORT_BY_NAME(SORT_BY_ALIGNMENT(._device.static.*_?_*)))
 ._device.static.1_1_
                0x080094a0       0x20 zephyr/drivers/clock_control/libdrivers__clock_control.a(clock_stm32_ll_h7.c.obj)
                0x080094a0                __device_dts_ord_7
 *(SORT_BY_NAME(SORT_BY_ALIGNMENT(._device.static.*_??_*)))
 ._device.static.1_35_
                0x080094c0       0x20 zephyr/drivers/reset/libdrivers__reset.a(reset_stm32.c.obj)
                0x080094c0                __device_dts_ord_56
 ._device.static.1_40_
                0x080094e0      0x160 zephyr/libzephyr.a(gpioport_mgr.c.obj)
                0x080094e0                __device_dts_ord_118
                0x08009500                __device_dts_ord_117
                0x08009520                __device_dts_ord_116
                0x08009540                __device_dts_ord_115
                0x08009560                __device_dts_ord_114
                0x08009580                __device_dts_ord_113
                0x080095a0                __device_dts_ord_112
                0x080095c0                __device_dts_ord_111
                0x080095e0                __device_dts_ord_110
                0x08009600                __device_dts_ord_109
                0x08009620                __device_dts_ord_108
 ._device.static.1_40_
                0x08009640       0x20 zephyr/drivers/interrupt_controller/libdrivers__interrupt_controller.a(intc_exti_stm32.c.obj)
                0x08009640                __device_dts_ord_68
 ._device.static.1_50_
                0x08009660       0x20 zephyr/drivers/serial/libdrivers__serial.a(uart_stm32.c.obj)
                0x08009660                __device_dts_ord_85
 *(SORT_BY_NAME(SORT_BY_ALIGNMENT(._device.static.*_???_*)))
 *(SORT_BY_NAME(SORT_BY_ALIGNMENT(._device.static.*_????_*)))
 *(SORT_BY_NAME(SORT_BY_ALIGNMENT(._device.static.*_?????_*)))
                0x08009680                        _device_list_end = .

sw_isr_table    0x08009680      0x148
                0x08009680                        . = ALIGN (0x4)
 *(SORT_BY_ALIGNMENT(.gnu.linkonce.sw_isr_table*))
 .gnu.linkonce.sw_isr_table
                0x08009680      0x148 zephyr/CMakeFiles/zephyr_final.dir/isr_tables.c.obj
                0x08009680                _sw_isr_table

initlevel_error
 *(SORT_BY_NAME(SORT_BY_ALIGNMENT(.z_init_*)))
                0x00000001                        ASSERT ((SIZEOF (initlevel_error) == 0x0), Undefined initialization levels used.)

app_shmem_regions
                0x080097c8        0x0
                0x080097c8                        __app_shmem_regions_start = .
 *(SORT_BY_NAME(SORT_BY_ALIGNMENT(.app_regions.*)))
                0x080097c8                        __app_shmem_regions_end = .

k_p4wq_initparam_area
                0x080097c8        0x0
                0x080097c8                        _k_p4wq_initparam_list_start = .
 *(SORT_BY_NAME(SORT_BY_ALIGNMENT(._k_p4wq_initparam.static.*)))
                0x080097c8                        _k_p4wq_initparam_list_end = .

_static_thread_data_area
                0x080097c8        0x0
                0x080097c8                        __static_thread_data_list_start = .
 *(SORT_BY_NAME(SORT_BY_ALIGNMENT(.__static_thread_data.static.*)))
                0x080097c8                        __static_thread_data_list_end = .

device_deps     0x080097c8        0x0
                0x080097c8                        __device_deps_start = .
 *(SORT_BY_NAME(SORT_BY_ALIGNMENT(.__device_deps_pass2*)))
                0x080097c8                        __device_deps_end = .

gpio_driver_api_area
                0x080097c8       0x24
                0x080097c8                        _gpio_driver_api_list_start = .
 *(SORT_BY_NAME(SORT_BY_ALIGNMENT(._gpio_driver_api.static.*)))
 ._gpio_driver_api.static.gpio_stm32_driver_
                0x080097c8       0x24 zephyr/drivers/gpio/libdrivers__gpio.a(gpio_stm32.c.obj)
                0x080097c8                gpio_stm32_driver
                0x080097ec                        _gpio_driver_api_list_end = .

reset_driver_api_area
                0x080097ec       0x10
                0x080097ec                        _reset_driver_api_list_start = .
 *(SORT_BY_NAME(SORT_BY_ALIGNMENT(._reset_driver_api.static.*)))
 ._reset_driver_api.static.reset_stm32_driver_api_
                0x080097ec       0x10 zephyr/drivers/reset/libdrivers__reset.a(reset_stm32.c.obj)
                0x080097fc                        _reset_driver_api_list_end = .

shared_irq_driver_api_area
                0x080097fc        0x0
                0x080097fc                        _shared_irq_driver_api_list_start = .
 *(SORT_BY_NAME(SORT_BY_ALIGNMENT(._shared_irq_driver_api.static.*)))
                0x080097fc                        _shared_irq_driver_api_list_end = .

crypto_driver_api_area
                0x080097fc        0x0
                0x080097fc                        _crypto_driver_api_list_start = .
 *(SORT_BY_NAME(SORT_BY_ALIGNMENT(._crypto_driver_api.static.*)))
                0x080097fc                        _crypto_driver_api_list_end = .

adc_driver_api_area
                0x080097fc        0x0
                0x080097fc                        _adc_driver_api_list_start = .
 *(SORT_BY_NAME(SORT_BY_ALIGNMENT(._adc_driver_api.static.*)))
                0x080097fc                        _adc_driver_api_list_end = .

auxdisplay_driver_api_area
                0x080097fc        0x0
                0x080097fc                        _auxdisplay_driver_api_list_start = .
 *(SORT_BY_NAME(SORT_BY_ALIGNMENT(._auxdisplay_driver_api.static.*)))
                0x080097fc                        _auxdisplay_driver_api_list_end = .

bbram_driver_api_area
                0x080097fc        0x0
                0x080097fc                        _bbram_driver_api_list_start = .
 *(SORT_BY_NAME(SORT_BY_ALIGNMENT(._bbram_driver_api.static.*)))
                0x080097fc                        _bbram_driver_api_list_end = .

biometric_driver_api_area
                0x080097fc        0x0
                0x080097fc                        _biometric_driver_api_list_start = .
 *(SORT_BY_NAME(SORT_BY_ALIGNMENT(._biometric_driver_api.static.*)))
                0x080097fc                        _biometric_driver_api_list_end = .

bt_hci_driver_api_area
                0x080097fc        0x0
                0x080097fc                        _bt_hci_driver_api_list_start = .
 *(SORT_BY_NAME(SORT_BY_ALIGNMENT(._bt_hci_driver_api.static.*)))
                0x080097fc                        _bt_hci_driver_api_list_end = .

can_driver_api_area
                0x080097fc        0x0
                0x080097fc                        _can_driver_api_list_start = .
 *(SORT_BY_NAME(SORT_BY_ALIGNMENT(._can_driver_api.static.*)))
                0x080097fc                        _can_driver_api_list_end = .

cellular_driver_api_area
                0x080097fc        0x0
                0x080097fc                        _cellular_driver_api_list_start = .
 *(SORT_BY_NAME(SORT_BY_ALIGNMENT(._cellular_driver_api.static.*)))
                0x080097fc                        _cellular_driver_api_list_end = .

charger_driver_api_area
                0x080097fc        0x0
                0x080097fc                        _charger_driver_api_list_start = .
 *(SORT_BY_NAME(SORT_BY_ALIGNMENT(._charger_driver_api.static.*)))
                0x080097fc                        _charger_driver_api_list_end = .

clock_control_driver_api_area
                0x080097fc       0x1c
                0x080097fc                        _clock_control_driver_api_list_start = .
 *(SORT_BY_NAME(SORT_BY_ALIGNMENT(._clock_control_driver_api.static.*)))
 ._clock_control_driver_api.static.stm32_clock_control_api_
                0x080097fc       0x1c zephyr/drivers/clock_control/libdrivers__clock_control.a(clock_stm32_ll_h7.c.obj)
                0x08009818                        _clock_control_driver_api_list_end = .

comparator_driver_api_area
                0x08009818        0x0
                0x08009818                        _comparator_driver_api_list_start = .
 *(SORT_BY_NAME(SORT_BY_ALIGNMENT(._comparator_driver_api.static.*)))
                0x08009818                        _comparator_driver_api_list_end = .

coredump_driver_api_area
                0x08009818        0x0
                0x08009818                        _coredump_driver_api_list_start = .
 *(SORT_BY_NAME(SORT_BY_ALIGNMENT(._coredump_driver_api.static.*)))
                0x08009818                        _coredump_driver_api_list_end = .

counter_driver_api_area
                0x08009818        0x0
                0x08009818                        _counter_driver_api_list_start = .
 *(SORT_BY_NAME(SORT_BY_ALIGNMENT(._counter_driver_api.static.*)))
                0x08009818                        _counter_driver_api_list_end = .

crc_driver_api_area
                0x08009818        0x0
                0x08009818                        _crc_driver_api_list_start = .
 *(SORT_BY_NAME(SORT_BY_ALIGNMENT(._crc_driver_api.static.*)))
                0x08009818                        _crc_driver_api_list_end = .

dac_driver_api_area
                0x08009818        0x0
                0x08009818                        _dac_driver_api_list_start = .
 *(SORT_BY_NAME(SORT_BY_ALIGNMENT(._dac_driver_api.static.*)))
                0x08009818                        _dac_driver_api_list_end = .

dai_driver_api_area
                0x08009818        0x0
                0x08009818                        _dai_driver_api_list_start = .
 *(SORT_BY_NAME(SORT_BY_ALIGNMENT(._dai_driver_api.static.*)))
                0x08009818                        _dai_driver_api_list_end = .

display_driver_api_area
                0x08009818        0x0
                0x08009818                        _display_driver_api_list_start = .
 *(SORT_BY_NAME(SORT_BY_ALIGNMENT(._display_driver_api.static.*)))
                0x08009818                        _display_driver_api_list_end = .

dma_driver_api_area
                0x08009818        0x0
                0x08009818                        _dma_driver_api_list_start = .
 *(SORT_BY_NAME(SORT_BY_ALIGNMENT(._dma_driver_api.static.*)))
                0x08009818                        _dma_driver_api_list_end = .

edac_driver_api_area
                0x08009818        0x0
                0x08009818                        _edac_driver_api_list_start = .
 *(SORT_BY_NAME(SORT_BY_ALIGNMENT(._edac_driver_api.static.*)))
                0x08009818                        _edac_driver_api_list_end = .

eeprom_driver_api_area
                0x08009818        0x0
                0x08009818                        _eeprom_driver_api_list_start = .
 *(SORT_BY_NAME(SORT_BY_ALIGNMENT(._eeprom_driver_api.static.*)))
                0x08009818                        _eeprom_driver_api_list_end = .

emul_bbram_driver_api_area
                0x08009818        0x0
                0x08009818                        _emul_bbram_driver_api_list_start = .
 *(SORT_BY_NAME(SORT_BY_ALIGNMENT(._emul_bbram_driver_api.static.*)))
                0x08009818                        _emul_bbram_driver_api_list_end = .

fuel_gauge_emul_driver_api_area
                0x08009818        0x0
                0x08009818                        _fuel_gauge_emul_driver_api_list_start = .
 *(SORT_BY_NAME(SORT_BY_ALIGNMENT(._fuel_gauge_emul_driver_api.static.*)))
                0x08009818                        _fuel_gauge_emul_driver_api_list_end = .

emul_sensor_driver_api_area
                0x08009818        0x0
                0x08009818                        _emul_sensor_driver_api_list_start = .
 *(SORT_BY_NAME(SORT_BY_ALIGNMENT(._emul_sensor_driver_api.static.*)))
                0x08009818                        _emul_sensor_driver_api_list_end = .

entropy_driver_api_area
                0x08009818        0x0
                0x08009818                        _entropy_driver_api_list_start = .
 *(SORT_BY_NAME(SORT_BY_ALIGNMENT(._entropy_driver_api.static.*)))
                0x08009818                        _entropy_driver_api_list_end = .

espi_driver_api_area
                0x08009818        0x0
                0x08009818                        _espi_driver_api_list_start = .
 *(SORT_BY_NAME(SORT_BY_ALIGNMENT(._espi_driver_api.static.*)))
                0x08009818                        _espi_driver_api_list_end = .

espi_saf_driver_api_area
                0x08009818        0x0
                0x08009818                        _espi_saf_driver_api_list_start = .
 *(SORT_BY_NAME(SORT_BY_ALIGNMENT(._espi_saf_driver_api.static.*)))
                0x08009818                        _espi_saf_driver_api_list_end = .

flash_driver_api_area
                0x08009818        0x0
                0x08009818                        _flash_driver_api_list_start = .
 *(SORT_BY_NAME(SORT_BY_ALIGNMENT(._flash_driver_api.static.*)))
                0x08009818                        _flash_driver_api_list_end = .

fpga_driver_api_area
                0x08009818        0x0
                0x08009818                        _fpga_driver_api_list_start = .
 *(SORT_BY_NAME(SORT_BY_ALIGNMENT(._fpga_driver_api.static.*)))
                0x08009818                        _fpga_driver_api_list_end = .

fuel_gauge_driver_api_area
                0x08009818        0x0
                0x08009818                        _fuel_gauge_driver_api_list_start = .
 *(SORT_BY_NAME(SORT_BY_ALIGNMENT(._fuel_gauge_driver_api.static.*)))
                0x08009818                        _fuel_gauge_driver_api_list_end = .

gnss_driver_api_area
                0x08009818        0x0
                0x08009818                        _gnss_driver_api_list_start = .
 *(SORT_BY_NAME(SORT_BY_ALIGNMENT(._gnss_driver_api.static.*)))
                0x08009818                        _gnss_driver_api_list_end = .

haptics_driver_api_area
                0x08009818        0x0
                0x08009818                        _haptics_driver_api_list_start = .
 *(SORT_BY_NAME(SORT_BY_ALIGNMENT(._haptics_driver_api.static.*)))
                0x08009818                        _haptics_driver_api_list_end = .

hwspinlock_driver_api_area